01-24 16:35:54.667 17272 17272 F DEBUG   :       #13 pc 00000000000721a8  /apex/com.android.runtime/lib64/bionic/libc.so (__start_thread+64) (BuildId: 92c2ba54d2ee91b0ae7c6d3b562b9970)
************ server crashed, reason: fuzzing _hidl_invokeCommandHidl, code 5, the fifth arg, offset 4, seed -16751275. ************
01-24 16:35:54.635   615 17148 F libc    : Fatal signal 11 (SIGSEGV), code 1 (SEGV_MAPERR), fault addr 0x70b322c380 in tid 17148 (HwBinder:615_4), pid 615 (libteec@3.0-ser)
01-24 16:35:54.658 17272 17272 F DEBUG   : *** *** *** *** *** *** *** *** *** *** *** *** *** *** *** ***
01-24 16:35:54.658 17272 17272 F DEBUG   : Build fingerprint: 'HUAWEI/JAD-AN00/HWJAD:10/HUAWEIJAD-AN00/102.1.0.52C00:user/release-keys'
01-24 16:35:54.658 17272 17272 F DEBUG   : Revision: '0'
01-24 16:35:54.658 17272 17272 F DEBUG   : ABI: 'arm64'
01-24 16:35:54.659 17272 17272 F DEBUG   : SYSVMTYPE: Maple
01-24 16:35:54.659 17272 17272 F DEBUG   : APPVMTYPE: Art
01-24 16:35:54.659 17272 17272 F DEBUG   : Timestamp: 2022-01-24 16:35:54+0800
01-24 16:35:54.659 17272 17272 F DEBUG   : pid: 615, tid: 17148, name: HwBinder:615_4  >>> /vendor/bin/hw/vendor.huawei.hardware.libteec@3.0-service <<<
01-24 16:35:54.659 17272 17272 F DEBUG   : uid: 1000
01-24 16:35:54.659 17272 17272 F DEBUG   : signal 11 (SIGSEGV), code 1 (SEGV_MAPERR), fault addr 0x70b322c380
01-24 16:35:54.659 17272 17272 F DEBUG   :     x0  0000000000000000  x1  0000007d32c286c4  x2  0000000000000010  x3  0000000000000010
01-24 16:35:54.659 17272 17272 F DEBUG   :     x4  0000007d32c286d4  x5  0000007d2f4fdf80  x6  47c9565986310d18  x7  14f8a43c1a8412b2
01-24 16:35:54.659 17272 17272 F DEBUG   :     x8  0000000000000000  x9  0000000000000000  x10 0000000000000000  x11 0000007d2f4fdf98
01-24 16:35:54.659 17272 17272 F DEBUG   :     x12 0000007d2f4fdef8  x13 0000000000000001  x14 000000000000000f  x15 0000007d2f4fe3d8
01-24 16:35:54.659 17272 17272 F DEBUG   :     x16 00000070b322c380  x17 0000007d338ffc00  x18 0000007d2e9ca000  x19 0000007d2f4fdf70
01-24 16:35:54.659 17272 17272 F DEBUG   :     x20 0000007d2f4fe3d8  x21 0000007d32c286c4  x22 0000007d2f4fdf68  x23 0000000000030001
01-24 16:35:54.659 17272 17272 F DEBUG   :     x24 00000000001a0001  x25 0000007d2f4ff020  x26 0000007d2f4ff020  x27 0000000000000000
01-24 16:35:54.659 17272 17272 F DEBUG   :     x28 0000007d330ac978  x29 0000007d2f4fdf50
01-24 16:35:54.659 17272 17272 F DEBUG   :     sp  0000007d2f4fdef0  lr  0000007d318b7968  pc  0000007d318b79e8
01-24 16:35:54.666 17272 17272 F DEBUG   : 
01-24 16:35:54.666 17272 17272 F DEBUG   : backtrace:
01-24 16:35:54.666 17272 17272 F DEBUG   :       #00 pc 00000000000059e8  /vendor/lib64/libteec_vendor.so (BuildId: 8050fa3ababe419d0ebe9596569fa14f)
01-24 16:35:54.666 17272 17272 F DEBUG   :       #01 pc 0000000000005ee0  /vendor/lib64/libteec_vendor.so (TEEC_InvokeCommandHidl+164) (BuildId: 8050fa3ababe419d0ebe9596569fa14f)
01-24 16:35:54.666 17272 17272 F DEBUG   :       #02 pc 000000000000c024  /vendor/lib64/hw/vendor.huawei.hardware.libteec@3.0-impl.so (vendor::huawei::hardware::libteec::V3_0::implementation::LibteecGlobal::CallInvokeCommandProxy(TEEC_ContextHidl*, TEEC_Session*, TEEC_Operation*, vendor::huawei::hardware::libteec::V3_0::implementation::InOutPara*)+200) (BuildId: 1ca9adf43c017ea6d450c71698d19bd8)
01-24 16:35:54.666 17272 17272 F DEBUG   :       #03 pc 000000000000bde4  /vendor/lib64/hw/vendor.huawei.hardware.libteec@3.0-impl.so (vendor::huawei::hardware::libteec::V3_0::implementation::LibteecGlobal::SubInvokeCommand(android::hardware::hidl_vec<unsigned char> const&, android::hardware::hidl_memory const&, vendor::huawei::hardware::libteec::V3_0::implementation::InOutPara*)+320) (BuildId: 1ca9adf43c017ea6d450c71698d19bd8)
01-24 16:35:54.666 17272 17272 F DEBUG   :       #04 pc 000000000000b838  /vendor/lib64/hw/vendor.huawei.hardware.libteec@3.0-impl.so (vendor::huawei::hardware::libteec::V3_0::implementation::LibteecGlobal::invokeCommandHidl(int, android::hardware::hidl_vec<unsigned char> const&, android::hardware::hidl_vec<unsigned char> const&, unsigned int, android::hardware::hidl_vec<unsigned char> const&, android::hardware::hidl_memory const&, std::__1::function<void (int, android::hardware::hidl_vec<unsigned char> const&, android::hardware::hidl_vec<unsigned char> const&, int)>)+336) (BuildId: 1ca9adf43c017ea6d450c71698d19bd8)
01-24 16:35:54.666 17272 17272 F DEBUG   :       #05 pc 00000000000189c0  /vendor/lib64/vendor.huawei.hardware.libteec@3.0.so (vendor::huawei::hardware::libteec::V3_0::BnHwLibteecGlobal::_hidl_invokeCommandHidl(android::hidl::base::V1_0::BnHwBase*, android::hardware::Parcel const&, android::hardware::Parcel*, std::__1::function<void (android::hardware::Parcel&)>)+636) (BuildId: 1a898934ba4fddefbe20429ce3bb5b9b)
01-24 16:35:54.666 17272 17272 F DEBUG   :       #06 pc 000000000001a7dc  /vendor/lib64/vendor.huawei.hardware.libteec@3.0.so (vendor::huawei::hardware::libteec::V3_0::BnHwLibteecGlobal::onTransact(unsigned int, android::hardware::Parcel const&, android::hardware::Parcel*, unsigned int, std::__1::function<void (android::hardware::Parcel&)>)+1292) (BuildId: 1a898934ba4fddefbe20429ce3bb5b9b)
01-24 16:35:54.666 17272 17272 F DEBUG   :       #07 pc 00000000000825f4  /system/lib64/vndk-sp-29/libhidlbase.so (android::hardware::BHwBinder::transact(unsigned int, android::hardware::Parcel const&, android::hardware::Parcel*, unsigned int, std::__1::function<void (android::hardware::Parcel&)>)+68) (BuildId: 2f8f208736c0724896c75aa52122bd47)
01-24 16:35:54.666 17272 17272 F DEBUG   :       #08 pc 0000000000085e88  /system/lib64/vndk-sp-29/libhidlbase.so (android::hardware::IPCThreadState::getAndExecuteCommand()+1036) (BuildId: 2f8f208736c0724896c75aa52122bd47)
01-24 16:35:54.667 17272 17272 F DEBUG   :       #09 pc 0000000000087518  /system/lib64/vndk-sp-29/libhidlbase.so (android::hardware::IPCThreadState::joinThreadPool(bool)+152) (BuildId: 2f8f208736c0724896c75aa52122bd47)
01-24 16:35:54.667 17272 17272 F DEBUG   :       #10 pc 0000000000096654  /system/lib64/vndk-sp-29/libhidlbase.so (android::hardware::PoolThread::threadLoop()+24) (BuildId: 2f8f208736c0724896c75aa52122bd47)
01-24 16:35:54.667 17272 17272 F DEBUG   :       #11 pc 00000000000136d4  /system/lib64/vndk-sp-29/libutils.so (android::Thread::_threadLoop(void*)+288) (BuildId: 74460cf0ddda96398ce1157061005bb0)
01-24 16:35:54.667 17272 17272 F DEBUG   :       #12 pc 00000000000cf7c0  /apex/com.android.runtime/lib64/bionic/libc.so (__pthread_start(void*)+36) (BuildId: 92c2ba54d2ee91b0ae7c6d3b562b9970)
01-24 16:35:54.667 17272 17272 F DEBUG   :       #13 pc 00000000000721a8  /apex/com.android.runtime/lib64/bionic/libc.so (__start_thread+64) (BuildId: 92c2ba54d2ee91b0ae7c6d3b562b9970)
************ server crashed, reason: fuzzing _hidl_invokeCommandHidl, code 5, the fifth arg, offset 4, seed 25941. ************
01-24 16:35:54.635   615 17148 F libc    : Fatal signal 11 (SIGSEGV), code 1 (SEGV_MAPERR), fault addr 0x70b322c380 in tid 17148 (HwBinder:615_4), pid 615 (libteec@3.0-ser)
01-24 16:35:54.658 17272 17272 F DEBUG   : *** *** *** *** *** *** *** *** *** *** *** *** *** *** *** ***
01-24 16:35:54.658 17272 17272 F DEBUG   : Build fingerprint: 'HUAWEI/JAD-AN00/HWJAD:10/HUAWEIJAD-AN00/102.1.0.52C00:user/release-keys'
01-24 16:35:54.658 17272 17272 F DEBUG   : Revision: '0'
01-24 16:35:54.658 17272 17272 F DEBUG   : ABI: 'arm64'
01-24 16:35:54.659 17272 17272 F DEBUG   : SYSVMTYPE: Maple
01-24 16:35:54.659 17272 17272 F DEBUG   : APPVMTYPE: Art
01-24 16:35:54.659 17272 17272 F DEBUG   : Timestamp: 2022-01-24 16:35:54+0800
01-24 16:35:54.659 17272 17272 F DEBUG   : pid: 615, tid: 17148, name: HwBinder:615_4  >>> /vendor/bin/hw/vendor.huawei.hardware.libteec@3.0-service <<<
01-24 16:35:54.659 17272 17272 F DEBUG   : uid: 1000
01-24 16:35:54.659 17272 17272 F DEBUG   : signal 11 (SIGSEGV), code 1 (SEGV_MAPERR), fault addr 0x70b322c380
01-24 16:35:54.659 17272 17272 F DEBUG   :     x0  0000000000000000  x1  0000007d32c286c4  x2  0000000000000010  x3  0000000000000010
01-24 16:35:54.659 17272 17272 F DEBUG   :     x4  0000007d32c286d4  x5  0000007d2f4fdf80  x6  47c9565986310d18  x7  14f8a43c1a8412b2
01-24 16:35:54.659 17272 17272 F DEBUG   :     x8  0000000000000000  x9  0000000000000000  x10 0000000000000000  x11 0000007d2f4fdf98
01-24 16:35:54.659 17272 17272 F DEBUG   :     x12 0000007d2f4fdef8  x13 0000000000000001  x14 000000000000000f  x15 0000007d2f4fe3d8
01-24 16:35:54.659 17272 17272 F DEBUG   :     x16 00000070b322c380  x17 0000007d338ffc00  x18 0000007d2e9ca000  x19 0000007d2f4fdf70
01-24 16:35:54.659 17272 17272 F DEBUG   :     x20 0000007d2f4fe3d8  x21 0000007d32c286c4  x22 0000007d2f4fdf68  x23 0000000000030001
01-24 16:35:54.659 17272 17272 F DEBUG   :     x24 00000000001a0001  x25 0000007d2f4ff020  x26 0000007d2f4ff020  x27 0000000000000000
01-24 16:35:54.659 17272 17272 F DEBUG   :     x28 0000007d330ac978  x29 0000007d2f4fdf50
01-24 16:35:54.659 17272 17272 F DEBUG   :     sp  0000007d2f4fdef0  lr  0000007d318b7968  pc  0000007d318b79e8
01-24 16:35:54.666 17272 17272 F DEBUG   : 
01-24 16:35:54.666 17272 17272 F DEBUG   : backtrace:
01-24 16:35:54.666 17272 17272 F DEBUG   :       #00 pc 00000000000059e8  /vendor/lib64/libteec_vendor.so (BuildId: 8050fa3ababe419d0ebe9596569fa14f)
01-24 16:35:54.666 17272 17272 F DEBUG   :       #01 pc 0000000000005ee0  /vendor/lib64/libteec_vendor.so (TEEC_InvokeCommandHidl+164) (BuildId: 8050fa3ababe419d0ebe9596569fa14f)
01-24 16:35:54.666 17272 17272 F DEBUG   :       #02 pc 000000000000c024  /vendor/lib64/hw/vendor.huawei.hardware.libteec@3.0-impl.so (vendor::huawei::hardware::libteec::V3_0::implementation::LibteecGlobal::CallInvokeCommandProxy(TEEC_ContextHidl*, TEEC_Session*, TEEC_Operation*, vendor::huawei::hardware::libteec::V3_0::implementation::InOutPara*)+200) (BuildId: 1ca9adf43c017ea6d450c71698d19bd8)
01-24 16:35:54.666 17272 17272 F DEBUG   :       #03 pc 000000000000bde4  /vendor/lib64/hw/vendor.huawei.hardware.libteec@3.0-impl.so (vendor::huawei::hardware::libteec::V3_0::implementation::LibteecGlobal::SubInvokeCommand(android::hardware::hidl_vec<unsigned char> const&, android::hardware::hidl_memory const&, vendor::huawei::hardware::libteec::V3_0::implementation::InOutPara*)+320) (BuildId: 1ca9adf43c017ea6d450c71698d19bd8)
01-24 16:35:54.666 17272 17272 F DEBUG   :       #04 pc 000000000000b838  /vendor/lib64/hw/vendor.huawei.hardware.libteec@3.0-impl.so (vendor::huawei::hardware::libteec::V3_0::implementation::LibteecGlobal::invokeCommandHidl(int, android::hardware::hidl_vec<unsigned char> const&, android::hardware::hidl_vec<unsigned char> const&, unsigned int, android::hardware::hidl_vec<unsigned char> const&, android::hardware::hidl_memory const&, std::__1::function<void (int, android::hardware::hidl_vec<unsigned char> const&, android::hardware::hidl_vec<unsigned char> const&, int)>)+336) (BuildId: 1ca9adf43c017ea6d450c71698d19bd8)
01-24 16:35:54.666 17272 17272 F DEBUG   :       #05 pc 00000000000189c0  /vendor/lib64/vendor.huawei.hardware.libteec@3.0.so (vendor::huawei::hardware::libteec::V3_0::BnHwLibteecGlobal::_hidl_invokeCommandHidl(android::hidl::base::V1_0::BnHwBase*, android::hardware::Parcel const&, android::hardware::Parcel*, std::__1::function<void (android::hardware::Parcel&)>)+636) (BuildId: 1a898934ba4fddefbe20429ce3bb5b9b)
01-24 16:35:54.666 17272 17272 F DEBUG   :       #06 pc 000000000001a7dc  /vendor/lib64/vendor.huawei.hardware.libteec@3.0.so (vendor::huawei::hardware::libteec::V3_0::BnHwLibteecGlobal::onTransact(unsigned int, android::hardware::Parcel const&, android::hardware::Parcel*, unsigned int, std::__1::function<void (android::hardware::Parcel&)>)+1292) (BuildId: 1a898934ba4fddefbe20429ce3bb5b9b)
01-24 16:35:54.666 17272 17272 F DEBUG   :       #07 pc 00000000000825f4  /system/lib64/vndk-sp-29/libhidlbase.so (android::hardware::BHwBinder::transact(unsigned int, android::hardware::Parcel const&, android::hardware::Parcel*, unsigned int, std::__1::function<void (android::hardware::Parcel&)>)+68) (BuildId: 2f8f208736c0724896c75aa52122bd47)
01-24 16:35:54.666 17272 17272 F DEBUG   :       #08 pc 0000000000085e88  /system/lib64/vndk-sp-29/libhidlbase.so (android::hardware::IPCThreadState::getAndExecuteCommand()+1036) (BuildId: 2f8f208736c0724896c75aa52122bd47)
01-24 16:35:54.667 17272 17272 F DEBUG   :       #09 pc 0000000000087518  /system/lib64/vndk-sp-29/libhidlbase.so (android::hardware::IPCThreadState::joinThreadPool(bool)+152) (BuildId: 2f8f208736c0724896c75aa52122bd47)
01-24 16:35:54.667 17272 17272 F DEBUG   :       #10 pc 0000000000096654  /system/lib64/vndk-sp-29/libhidlbase.so (android::hardware::PoolThread::threadLoop()+24) (BuildId: 2f8f208736c0724896c75aa52122bd47)
01-24 16:35:54.667 17272 17272 F DEBUG   :       #11 pc 00000000000136d4  /system/lib64/vndk-sp-29/libutils.so (android::Thread::_threadLoop(void*)+288) (BuildId: 74460cf0ddda96398ce1157061005bb0)
01-24 16:35:54.667 17272 17272 F DEBUG   :       #12 pc 00000000000cf7c0  /apex/com.android.runtime/lib64/bionic/libc.so (__pthread_start(void*)+36) (BuildId: 92c2ba54d2ee91b0ae7c6d3b562b9970)
01-24 16:35:54.667 17272 17272 F DEBUG   :       #13 pc 00000000000721a8  /apex/com.android.runtime/lib64/bionic/libc.so (__start_thread+64) (BuildId: 92c2ba54d2ee91b0ae7c6d3b562b9970)
************ server crashed, reason: fuzzing _hidl_invokeCommandHidl, code 5, the fifth arg, offset 4, seed 25941. ************
01-24 16:35:54.635   615 17148 F libc    : Fatal signal 11 (SIGSEGV), code 1 (SEGV_MAPERR), fault addr 0x70b322c380 in tid 17148 (HwBinder:615_4), pid 615 (libteec@3.0-ser)
01-24 16:35:54.658 17272 17272 F DEBUG   : *** *** *** *** *** *** *** *** *** *** *** *** *** *** *** ***
01-24 16:35:54.658 17272 17272 F DEBUG   : Build fingerprint: 'HUAWEI/JAD-AN00/HWJAD:10/HUAWEIJAD-AN00/102.1.0.52C00:user/release-keys'
01-24 16:35:54.658 17272 17272 F DEBUG   : Revision: '0'
01-24 16:35:54.658 17272 17272 F DEBUG   : ABI: 'arm64'
01-24 16:35:54.659 17272 17272 F DEBUG   : SYSVMTYPE: Maple
01-24 16:35:54.659 17272 17272 F DEBUG   : APPVMTYPE: Art
01-24 16:35:54.659 17272 17272 F DEBUG   : Timestamp: 2022-01-24 16:35:54+0800
01-24 16:35:54.659 17272 17272 F DEBUG   : pid: 615, tid: 17148, name: HwBinder:615_4  >>> /vendor/bin/hw/vendor.huawei.hardware.libteec@3.0-service <<<
01-24 16:35:54.659 17272 17272 F DEBUG   : uid: 1000
01-24 16:35:54.659 17272 17272 F DEBUG   : signal 11 (SIGSEGV), code 1 (SEGV_MAPERR), fault addr 0x70b322c380
01-24 16:35:54.659 17272 17272 F DEBUG   :     x0  0000000000000000  x1  0000007d32c286c4  x2  0000000000000010  x3  0000000000000010
01-24 16:35:54.659 17272 17272 F DEBUG   :     x4  0000007d32c286d4  x5  0000007d2f4fdf80  x6  47c9565986310d18  x7  14f8a43c1a8412b2
01-24 16:35:54.659 17272 17272 F DEBUG   :     x8  0000000000000000  x9  0000000000000000  x10 0000000000000000  x11 0000007d2f4fdf98
01-24 16:35:54.659 17272 17272 F DEBUG   :     x12 0000007d2f4fdef8  x13 0000000000000001  x14 000000000000000f  x15 0000007d2f4fe3d8
01-24 16:35:54.659 17272 17272 F DEBUG   :     x16 00000070b322c380  x17 0000007d338ffc00  x18 0000007d2e9ca000  x19 0000007d2f4fdf70
01-24 16:35:54.659 17272 17272 F DEBUG   :     x20 0000007d2f4fe3d8  x21 0000007d32c286c4  x22 0000007d2f4fdf68  x23 0000000000030001
01-24 16:35:54.659 17272 17272 F DEBUG   :     x24 00000000001a0001  x25 0000007d2f4ff020  x26 0000007d2f4ff020  x27 0000000000000000
01-24 16:35:54.659 17272 17272 F DEBUG   :     x28 0000007d330ac978  x29 0000007d2f4fdf50
01-24 16:35:54.659 17272 17272 F DEBUG   :     sp  0000007d2f4fdef0  lr  0000007d318b7968  pc  0000007d318b79e8
01-24 16:35:54.666 17272 17272 F DEBUG   : 
01-24 16:35:54.666 17272 17272 F DEBUG   : backtrace:
01-24 16:35:54.666 17272 17272 F DEBUG   :       #00 pc 00000000000059e8  /vendor/lib64/libteec_vendor.so (BuildId: 8050fa3ababe419d0ebe9596569fa14f)
01-24 16:35:54.666 17272 17272 F DEBUG   :       #01 pc 0000000000005ee0  /vendor/lib64/libteec_vendor.so (TEEC_InvokeCommandHidl+164) (BuildId: 8050fa3ababe419d0ebe9596569fa14f)
01-24 16:35:54.666 17272 17272 F DEBUG   :       #02 pc 000000000000c024  /vendor/lib64/hw/vendor.huawei.hardware.libteec@3.0-impl.so (vendor::huawei::hardware::libteec::V3_0::implementation::LibteecGlobal::CallInvokeCommandProxy(TEEC_ContextHidl*, TEEC_Session*, TEEC_Operation*, vendor::huawei::hardware::libteec::V3_0::implementation::InOutPara*)+200) (BuildId: 1ca9adf43c017ea6d450c71698d19bd8)
01-24 16:35:54.666 17272 17272 F DEBUG   :       #03 pc 000000000000bde4  /vendor/lib64/hw/vendor.huawei.hardware.libteec@3.0-impl.so (vendor::huawei::hardware::libteec::V3_0::implementation::LibteecGlobal::SubInvokeCommand(android::hardware::hidl_vec<unsigned char> const&, android::hardware::hidl_memory const&, vendor::huawei::hardware::libteec::V3_0::implementation::InOutPara*)+320) (BuildId: 1ca9adf43c017ea6d450c71698d19bd8)
01-24 16:35:54.666 17272 17272 F DEBUG   :       #04 pc 000000000000b838  /vendor/lib64/hw/vendor.huawei.hardware.libteec@3.0-impl.so (vendor::huawei::hardware::libteec::V3_0::implementation::LibteecGlobal::invokeCommandHidl(int, android::hardware::hidl_vec<unsigned char> const&, android::hardware::hidl_vec<unsigned char> const&, unsigned int, android::hardware::hidl_vec<unsigned char> const&, android::hardware::hidl_memory const&, std::__1::function<void (int, android::hardware::hidl_vec<unsigned char> const&, android::hardware::hidl_vec<unsigned char> const&, int)>)+336) (BuildId: 1ca9adf43c017ea6d450c71698d19bd8)
01-24 16:35:54.666 17272 17272 F DEBUG   :       #05 pc 00000000000189c0  /vendor/lib64/vendor.huawei.hardware.libteec@3.0.so (vendor::huawei::hardware::libteec::V3_0::BnHwLibteecGlobal::_hidl_invokeCommandHidl(android::hidl::base::V1_0::BnHwBase*, android::hardware::Parcel const&, android::hardware::Parcel*, std::__1::function<void (android::hardware::Parcel&)>)+636) (BuildId: 1a898934ba4fddefbe20429ce3bb5b9b)
01-24 16:35:54.666 17272 17272 F DEBUG   :       #06 pc 000000000001a7dc  /vendor/lib64/vendor.huawei.hardware.libteec@3.0.so (vendor::huawei::hardware::libteec::V3_0::BnHwLibteecGlobal::onTransact(unsigned int, android::hardware::Parcel const&, android::hardware::Parcel*, unsigned int, std::__1::function<void (android::hardware::Parcel&)>)+1292) (BuildId: 1a898934ba4fddefbe20429ce3bb5b9b)
01-24 16:35:54.666 17272 17272 F DEBUG   :       #07 pc 00000000000825f4  /system/lib64/vndk-sp-29/libhidlbase.so (android::hardware::BHwBinder::transact(unsigned int, android::hardware::Parcel const&, android::hardware::Parcel*, unsigned int, std::__1::function<void (android::hardware::Parcel&)>)+68) (BuildId: 2f8f208736c0724896c75aa52122bd47)
01-24 16:35:54.666 17272 17272 F DEBUG   :       #08 pc 0000000000085e88  /system/lib64/vndk-sp-29/libhidlbase.so (android::hardware::IPCThreadState::getAndExecuteCommand()+1036) (BuildId: 2f8f208736c0724896c75aa52122bd47)
01-24 16:35:54.667 17272 17272 F DEBUG   :       #09 pc 0000000000087518  /system/lib64/vndk-sp-29/libhidlbase.so (android::hardware::IPCThreadState::joinThreadPool(bool)+152) (BuildId: 2f8f208736c0724896c75aa52122bd47)
01-24 16:35:54.667 17272 17272 F DEBUG   :       #10 pc 0000000000096654  /system/lib64/vndk-sp-29/libhidlbase.so (android::hardware::PoolThread::threadLoop()+24) (BuildId: 2f8f208736c0724896c75aa52122bd47)
01-24 16:35:54.667 17272 17272 F DEBUG   :       #11 pc 00000000000136d4  /system/lib64/vndk-sp-29/libutils.so (android::Thread::_threadLoop(void*)+288) (BuildId: 74460cf0ddda96398ce1157061005bb0)
01-24 16:35:54.667 17272 17272 F DEBUG   :       #12 pc 00000000000cf7c0  /apex/com.android.runtime/lib64/bionic/libc.so (__pthread_start(void*)+36) (BuildId: 92c2ba54d2ee91b0ae7c6d3b562b9970)
01-24 16:35:54.667 17272 17272 F DEBUG   :       #13 pc 00000000000721a8  /apex/com.android.runtime/lib64/bionic/libc.so (__start_thread+64) (BuildId: 92c2ba54d2ee91b0ae7c6d3b562b9970)
************ server crashed, reason: fuzzing _hidl_invokeCommandHidl, code 5, the fifth arg, offset 4, seed 25941. ************
01-24 16:35:54.635   615 17148 F libc    : Fatal signal 11 (SIGSEGV), code 1 (SEGV_MAPERR), fault addr 0x70b322c380 in tid 17148 (HwBinder:615_4), pid 615 (libteec@3.0-ser)
01-24 16:35:54.658 17272 17272 F DEBUG   : *** *** *** *** *** *** *** *** *** *** *** *** *** *** *** ***
01-24 16:35:54.658 17272 17272 F DEBUG   : Build fingerprint: 'HUAWEI/JAD-AN00/HWJAD:10/HUAWEIJAD-AN00/102.1.0.52C00:user/release-keys'
01-24 16:35:54.658 17272 17272 F DEBUG   : Revision: '0'
01-24 16:35:54.658 17272 17272 F DEBUG   : ABI: 'arm64'
01-24 16:35:54.659 17272 17272 F DEBUG   : SYSVMTYPE: Maple
01-24 16:35:54.659 17272 17272 F DEBUG   : APPVMTYPE: Art
01-24 16:35:54.659 17272 17272 F DEBUG   : Timestamp: 2022-01-24 16:35:54+0800
01-24 16:35:54.659 17272 17272 F DEBUG   : pid: 615, tid: 17148, name: HwBinder:615_4  >>> /vendor/bin/hw/vendor.huawei.hardware.libteec@3.0-service <<<
01-24 16:35:54.659 17272 17272 F DEBUG   : uid: 1000
01-24 16:35:54.659 17272 17272 F DEBUG   : signal 11 (SIGSEGV), code 1 (SEGV_MAPERR), fault addr 0x70b322c380
01-24 16:35:54.659 17272 17272 F DEBUG   :     x0  0000000000000000  x1  0000007d32c286c4  x2  0000000000000010  x3  0000000000000010
01-24 16:35:54.659 17272 17272 F DEBUG   :     x4  0000007d32c286d4  x5  0000007d2f4fdf80  x6  47c9565986310d18  x7  14f8a43c1a8412b2
01-24 16:35:54.659 17272 17272 F DEBUG   :     x8  0000000000000000  x9  0000000000000000  x10 0000000000000000  x11 0000007d2f4fdf98
01-24 16:35:54.659 17272 17272 F DEBUG   :     x12 0000007d2f4fdef8  x13 0000000000000001  x14 000000000000000f  x15 0000007d2f4fe3d8
01-24 16:35:54.659 17272 17272 F DEBUG   :     x16 00000070b322c380  x17 0000007d338ffc00  x18 0000007d2e9ca000  x19 0000007d2f4fdf70
01-24 16:35:54.659 17272 17272 F DEBUG   :     x20 0000007d2f4fe3d8  x21 0000007d32c286c4  x22 0000007d2f4fdf68  x23 0000000000030001
01-24 16:35:54.659 17272 17272 F DEBUG   :     x24 00000000001a0001  x25 0000007d2f4ff020  x26 0000007d2f4ff020  x27 0000000000000000
01-24 16:35:54.659 17272 17272 F DEBUG   :     x28 0000007d330ac978  x29 0000007d2f4fdf50
01-24 16:35:54.659 17272 17272 F DEBUG   :     sp  0000007d2f4fdef0  lr  0000007d318b7968  pc  0000007d318b79e8
01-24 16:35:54.666 17272 17272 F DEBUG   : 
01-24 16:35:54.666 17272 17272 F DEBUG   : backtrace:
01-24 16:35:54.666 17272 17272 F DEBUG   :       #00 pc 00000000000059e8  /vendor/lib64/libteec_vendor.so (BuildId: 8050fa3ababe419d0ebe9596569fa14f)
01-24 16:35:54.666 17272 17272 F DEBUG   :       #01 pc 0000000000005ee0  /vendor/lib64/libteec_vendor.so (TEEC_InvokeCommandHidl+164) (BuildId: 8050fa3ababe419d0ebe9596569fa14f)
01-24 16:35:54.666 17272 17272 F DEBUG   :       #02 pc 000000000000c024  /vendor/lib64/hw/vendor.huawei.hardware.libteec@3.0-impl.so (vendor::huawei::hardware::libteec::V3_0::implementation::LibteecGlobal::CallInvokeCommandProxy(TEEC_ContextHidl*, TEEC_Session*, TEEC_Operation*, vendor::huawei::hardware::libteec::V3_0::implementation::InOutPara*)+200) (BuildId: 1ca9adf43c017ea6d450c71698d19bd8)
01-24 16:35:54.666 17272 17272 F DEBUG   :       #03 pc 000000000000bde4  /vendor/lib64/hw/vendor.huawei.hardware.libteec@3.0-impl.so (vendor::huawei::hardware::libteec::V3_0::implementation::LibteecGlobal::SubInvokeCommand(android::hardware::hidl_vec<unsigned char> const&, android::hardware::hidl_memory const&, vendor::huawei::hardware::libteec::V3_0::implementation::InOutPara*)+320) (BuildId: 1ca9adf43c017ea6d450c71698d19bd8)
01-24 16:35:54.666 17272 17272 F DEBUG   :       #04 pc 000000000000b838  /vendor/lib64/hw/vendor.huawei.hardware.libteec@3.0-impl.so (vendor::huawei::hardware::libteec::V3_0::implementation::LibteecGlobal::invokeCommandHidl(int, android::hardware::hidl_vec<unsigned char> const&, android::hardware::hidl_vec<unsigned char> const&, unsigned int, android::hardware::hidl_vec<unsigned char> const&, android::hardware::hidl_memory const&, std::__1::function<void (int, android::hardware::hidl_vec<unsigned char> const&, android::hardware::hidl_vec<unsigned char> const&, int)>)+336) (BuildId: 1ca9adf43c017ea6d450c71698d19bd8)
01-24 16:35:54.666 17272 17272 F DEBUG   :       #05 pc 00000000000189c0  /vendor/lib64/vendor.huawei.hardware.libteec@3.0.so (vendor::huawei::hardware::libteec::V3_0::BnHwLibteecGlobal::_hidl_invokeCommandHidl(android::hidl::base::V1_0::BnHwBase*, android::hardware::Parcel const&, android::hardware::Parcel*, std::__1::function<void (android::hardware::Parcel&)>)+636) (BuildId: 1a898934ba4fddefbe20429ce3bb5b9b)
01-24 16:35:54.666 17272 17272 F DEBUG   :       #06 pc 000000000001a7dc  /vendor/lib64/vendor.huawei.hardware.libteec@3.0.so (vendor::huawei::hardware::libteec::V3_0::BnHwLibteecGlobal::onTransact(unsigned int, android::hardware::Parcel const&, android::hardware::Parcel*, unsigned int, std::__1::function<void (android::hardware::Parcel&)>)+1292) (BuildId: 1a898934ba4fddefbe20429ce3bb5b9b)
01-24 16:35:54.666 17272 17272 F DEBUG   :       #07 pc 00000000000825f4  /system/lib64/vndk-sp-29/libhidlbase.so (android::hardware::BHwBinder::transact(unsigned int, android::hardware::Parcel const&, android::hardware::Parcel*, unsigned int, std::__1::function<void (android::hardware::Parcel&)>)+68) (BuildId: 2f8f208736c0724896c75aa52122bd47)
01-24 16:35:54.666 17272 17272 F DEBUG   :       #08 pc 0000000000085e88  /system/lib64/vndk-sp-29/libhidlbase.so (android::hardware::IPCThreadState::getAndExecuteCommand()+1036) (BuildId: 2f8f208736c0724896c75aa52122bd47)
01-24 16:35:54.667 17272 17272 F DEBUG   :       #09 pc 0000000000087518  /system/lib64/vndk-sp-29/libhidlbase.so (android::hardware::IPCThreadState::joinThreadPool(bool)+152) (BuildId: 2f8f208736c0724896c75aa52122bd47)
01-24 16:35:54.667 17272 17272 F DEBUG   :       #10 pc 0000000000096654  /system/lib64/vndk-sp-29/libhidlbase.so (android::hardware::PoolThread::threadLoop()+24) (BuildId: 2f8f208736c0724896c75aa52122bd47)
01-24 16:35:54.667 17272 17272 F DEBUG   :       #11 pc 00000000000136d4  /system/lib64/vndk-sp-29/libutils.so (android::Thread::_threadLoop(void*)+288) (BuildId: 74460cf0ddda96398ce1157061005bb0)
01-24 16:35:54.667 17272 17272 F DEBUG   :       #12 pc 00000000000cf7c0  /apex/com.android.runtime/lib64/bionic/libc.so (__pthread_start(void*)+36) (BuildId: 92c2ba54d2ee91b0ae7c6d3b562b9970)
01-24 16:35:54.667 17272 17272 F DEBUG   :       #13 pc 00000000000721a8  /apex/com.android.runtime/lib64/bionic/libc.so (__start_thread+64) (BuildId: 92c2ba54d2ee91b0ae7c6d3b562b9970)
************ server crashed, reason: fuzzing _hidl_invokeCommandHidl, code 5, the fifth arg, offset 4, seed 25941. ************
01-24 16:35:54.635   615 17148 F libc    : Fatal signal 11 (SIGSEGV), code 1 (SEGV_MAPERR), fault addr 0x70b322c380 in tid 17148 (HwBinder:615_4), pid 615 (libteec@3.0-ser)
01-24 16:35:54.658 17272 17272 F DEBUG   : *** *** *** *** *** *** *** *** *** *** *** *** *** *** *** ***
01-24 16:35:54.658 17272 17272 F DEBUG   : Build fingerprint: 'HUAWEI/JAD-AN00/HWJAD:10/HUAWEIJAD-AN00/102.1.0.52C00:user/release-keys'
01-24 16:35:54.658 17272 17272 F DEBUG   : Revision: '0'
01-24 16:35:54.658 17272 17272 F DEBUG   : ABI: 'arm64'
01-24 16:35:54.659 17272 17272 F DEBUG   : SYSVMTYPE: Maple
01-24 16:35:54.659 17272 17272 F DEBUG   : APPVMTYPE: Art
01-24 16:35:54.659 17272 17272 F DEBUG   : Timestamp: 2022-01-24 16:35:54+0800
01-24 16:35:54.659 17272 17272 F DEBUG   : pid: 615, tid: 17148, name: HwBinder:615_4  >>> /vendor/bin/hw/vendor.huawei.hardware.libteec@3.0-service <<<
01-24 16:35:54.659 17272 17272 F DEBUG   : uid: 1000
01-24 16:35:54.659 17272 17272 F DEBUG   : signal 11 (SIGSEGV), code 1 (SEGV_MAPERR), fault addr 0x70b322c380
01-24 16:35:54.659 17272 17272 F DEBUG   :     x0  0000000000000000  x1  0000007d32c286c4  x2  0000000000000010  x3  0000000000000010
01-24 16:35:54.659 17272 17272 F DEBUG   :     x4  0000007d32c286d4  x5  0000007d2f4fdf80  x6  47c9565986310d18  x7  14f8a43c1a8412b2
01-24 16:35:54.659 17272 17272 F DEBUG   :     x8  0000000000000000  x9  0000000000000000  x10 0000000000000000  x11 0000007d2f4fdf98
01-24 16:35:54.659 17272 17272 F DEBUG   :     x12 0000007d2f4fdef8  x13 0000000000000001  x14 000000000000000f  x15 0000007d2f4fe3d8
01-24 16:35:54.659 17272 17272 F DEBUG   :     x16 00000070b322c380  x17 0000007d338ffc00  x18 0000007d2e9ca000  x19 0000007d2f4fdf70
01-24 16:35:54.659 17272 17272 F DEBUG   :     x20 0000007d2f4fe3d8  x21 0000007d32c286c4  x22 0000007d2f4fdf68  x23 0000000000030001
01-24 16:35:54.659 17272 17272 F DEBUG   :     x24 00000000001a0001  x25 0000007d2f4ff020  x26 0000007d2f4ff020  x27 0000000000000000
01-24 16:35:54.659 17272 17272 F DEBUG   :     x28 0000007d330ac978  x29 0000007d2f4fdf50
01-24 16:35:54.659 17272 17272 F DEBUG   :     sp  0000007d2f4fdef0  lr  0000007d318b7968  pc  0000007d318b79e8
01-24 16:35:54.666 17272 17272 F DEBUG   : 
01-24 16:35:54.666 17272 17272 F DEBUG   : backtrace:
01-24 16:35:54.666 17272 17272 F DEBUG   :       #00 pc 00000000000059e8  /vendor/lib64/libteec_vendor.so (BuildId: 8050fa3ababe419d0ebe9596569fa14f)
01-24 16:35:54.666 17272 17272 F DEBUG   :       #01 pc 0000000000005ee0  /vendor/lib64/libteec_vendor.so (TEEC_InvokeCommandHidl+164) (BuildId: 8050fa3ababe419d0ebe9596569fa14f)
01-24 16:35:54.666 17272 17272 F DEBUG   :       #02 pc 000000000000c024  /vendor/lib64/hw/vendor.huawei.hardware.libteec@3.0-impl.so (vendor::huawei::hardware::libteec::V3_0::implementation::LibteecGlobal::CallInvokeCommandProxy(TEEC_ContextHidl*, TEEC_Session*, TEEC_Operation*, vendor::huawei::hardware::libteec::V3_0::implementation::InOutPara*)+200) (BuildId: 1ca9adf43c017ea6d450c71698d19bd8)
01-24 16:35:54.666 17272 17272 F DEBUG   :       #03 pc 000000000000bde4  /vendor/lib64/hw/vendor.huawei.hardware.libteec@3.0-impl.so (vendor::huawei::hardware::libteec::V3_0::implementation::LibteecGlobal::SubInvokeCommand(android::hardware::hidl_vec<unsigned char> const&, android::hardware::hidl_memory const&, vendor::huawei::hardware::libteec::V3_0::implementation::InOutPara*)+320) (BuildId: 1ca9adf43c017ea6d450c71698d19bd8)
01-24 16:35:54.666 17272 17272 F DEBUG   :       #04 pc 000000000000b838  /vendor/lib64/hw/vendor.huawei.hardware.libteec@3.0-impl.so (vendor::huawei::hardware::libteec::V3_0::implementation::LibteecGlobal::invokeCommandHidl(int, android::hardware::hidl_vec<unsigned char> const&, android::hardware::hidl_vec<unsigned char> const&, unsigned int, android::hardware::hidl_vec<unsigned char> const&, android::hardware::hidl_memory const&, std::__1::function<void (int, android::hardware::hidl_vec<unsigned char> const&, android::hardware::hidl_vec<unsigned char> const&, int)>)+336) (BuildId: 1ca9adf43c017ea6d450c71698d19bd8)
01-24 16:35:54.666 17272 17272 F DEBUG   :       #05 pc 00000000000189c0  /vendor/lib64/vendor.huawei.hardware.libteec@3.0.so (vendor::huawei::hardware::libteec::V3_0::BnHwLibteecGlobal::_hidl_invokeCommandHidl(android::hidl::base::V1_0::BnHwBase*, android::hardware::Parcel const&, android::hardware::Parcel*, std::__1::function<void (android::hardware::Parcel&)>)+636) (BuildId: 1a898934ba4fddefbe20429ce3bb5b9b)
01-24 16:35:54.666 17272 17272 F DEBUG   :       #06 pc 000000000001a7dc  /vendor/lib64/vendor.huawei.hardware.libteec@3.0.so (vendor::huawei::hardware::libteec::V3_0::BnHwLibteecGlobal::onTransact(unsigned int, android::hardware::Parcel const&, android::hardware::Parcel*, unsigned int, std::__1::function<void (android::hardware::Parcel&)>)+1292) (BuildId: 1a898934ba4fddefbe20429ce3bb5b9b)
01-24 16:35:54.666 17272 17272 F DEBUG   :       #07 pc 00000000000825f4  /system/lib64/vndk-sp-29/libhidlbase.so (android::hardware::BHwBinder::transact(unsigned int, android::hardware::Parcel const&, android::hardware::Parcel*, unsigned int, std::__1::function<void (android::hardware::Parcel&)>)+68) (BuildId: 2f8f208736c0724896c75aa52122bd47)
01-24 16:35:54.666 17272 17272 F DEBUG   :       #08 pc 0000000000085e88  /system/lib64/vndk-sp-29/libhidlbase.so (android::hardware::IPCThreadState::getAndExecuteCommand()+1036) (BuildId: 2f8f208736c0724896c75aa52122bd47)
01-24 16:35:54.667 17272 17272 F DEBUG   :       #09 pc 0000000000087518  /system/lib64/vndk-sp-29/libhidlbase.so (android::hardware::IPCThreadState::joinThreadPool(bool)+152) (BuildId: 2f8f208736c0724896c75aa52122bd47)
01-24 16:35:54.667 17272 17272 F DEBUG   :       #10 pc 0000000000096654  /system/lib64/vndk-sp-29/libhidlbase.so (android::hardware::PoolThread::threadLoop()+24) (BuildId: 2f8f208736c0724896c75aa52122bd47)
01-24 16:35:54.667 17272 17272 F DEBUG   :       #11 pc 00000000000136d4  /system/lib64/vndk-sp-29/libutils.so (android::Thread::_threadLoop(void*)+288) (BuildId: 74460cf0ddda96398ce1157061005bb0)
01-24 16:35:54.667 17272 17272 F DEBUG   :       #12 pc 00000000000cf7c0  /apex/com.android.runtime/lib64/bionic/libc.so (__pthread_start(void*)+36) (BuildId: 92c2ba54d2ee91b0ae7c6d3b562b9970)
01-24 16:35:54.667 17272 17272 F DEBUG   :       #13 pc 00000000000721a8  /apex/com.android.runtime/lib64/bionic/libc.so (__start_thread+64) (BuildId: 92c2ba54d2ee91b0ae7c6d3b562b9970)
************ server crashed, reason: fuzzing _hidl_invokeCommandHidl, code 5, the fifth arg, offset 4, seed 25856. ************
01-24 16:35:54.635   615 17148 F libc    : Fatal signal 11 (SIGSEGV), code 1 (SEGV_MAPERR), fault addr 0x70b322c380 in tid 17148 (HwBinder:615_4), pid 615 (libteec@3.0-ser)
01-24 16:35:54.658 17272 17272 F DEBUG   : *** *** *** *** *** *** *** *** *** *** *** *** *** *** *** ***
01-24 16:35:54.658 17272 17272 F DEBUG   : Build fingerprint: 'HUAWEI/JAD-AN00/HWJAD:10/HUAWEIJAD-AN00/102.1.0.52C00:user/release-keys'
01-24 16:35:54.658 17272 17272 F DEBUG   : Revision: '0'
01-24 16:35:54.658 17272 17272 F DEBUG   : ABI: 'arm64'
01-24 16:35:54.659 17272 17272 F DEBUG   : SYSVMTYPE: Maple
01-24 16:35:54.659 17272 17272 F DEBUG   : APPVMTYPE: Art
01-24 16:35:54.659 17272 17272 F DEBUG   : Timestamp: 2022-01-24 16:35:54+0800
01-24 16:35:54.659 17272 17272 F DEBUG   : pid: 615, tid: 17148, name: HwBinder:615_4  >>> /vendor/bin/hw/vendor.huawei.hardware.libteec@3.0-service <<<
01-24 16:35:54.659 17272 17272 F DEBUG   : uid: 1000
01-24 16:35:54.659 17272 17272 F DEBUG   : signal 11 (SIGSEGV), code 1 (SEGV_MAPERR), fault addr 0x70b322c380
01-24 16:35:54.659 17272 17272 F DEBUG   :     x0  0000000000000000  x1  0000007d32c286c4  x2  0000000000000010  x3  0000000000000010
01-24 16:35:54.659 17272 17272 F DEBUG   :     x4  0000007d32c286d4  x5  0000007d2f4fdf80  x6  47c9565986310d18  x7  14f8a43c1a8412b2
01-24 16:35:54.659 17272 17272 F DEBUG   :     x8  0000000000000000  x9  0000000000000000  x10 0000000000000000  x11 0000007d2f4fdf98
01-24 16:35:54.659 17272 17272 F DEBUG   :     x12 0000007d2f4fdef8  x13 0000000000000001  x14 000000000000000f  x15 0000007d2f4fe3d8
01-24 16:35:54.659 17272 17272 F DEBUG   :     x16 00000070b322c380  x17 0000007d338ffc00  x18 0000007d2e9ca000  x19 0000007d2f4fdf70
01-24 16:35:54.659 17272 17272 F DEBUG   :     x20 0000007d2f4fe3d8  x21 0000007d32c286c4  x22 0000007d2f4fdf68  x23 0000000000030001
01-24 16:35:54.659 17272 17272 F DEBUG   :     x24 00000000001a0001  x25 0000007d2f4ff020  x26 0000007d2f4ff020  x27 0000000000000000
01-24 16:35:54.659 17272 17272 F DEBUG   :     x28 0000007d330ac978  x29 0000007d2f4fdf50
01-24 16:35:54.659 17272 17272 F DEBUG   :     sp  0000007d2f4fdef0  lr  0000007d318b7968  pc  0000007d318b79e8
01-24 16:35:54.666 17272 17272 F DEBUG   : 
01-24 16:35:54.666 17272 17272 F DEBUG   : backtrace:
01-24 16:35:54.666 17272 17272 F DEBUG   :       #00 pc 00000000000059e8  /vendor/lib64/libteec_vendor.so (BuildId: 8050fa3ababe419d0ebe9596569fa14f)
01-24 16:35:54.666 17272 17272 F DEBUG   :       #01 pc 0000000000005ee0  /vendor/lib64/libteec_vendor.so (TEEC_InvokeCommandHidl+164) (BuildId: 8050fa3ababe419d0ebe9596569fa14f)
01-24 16:35:54.666 17272 17272 F DEBUG   :       #02 pc 000000000000c024  /vendor/lib64/hw/vendor.huawei.hardware.libteec@3.0-impl.so (vendor::huawei::hardware::libteec::V3_0::implementation::LibteecGlobal::CallInvokeCommandProxy(TEEC_ContextHidl*, TEEC_Session*, TEEC_Operation*, vendor::huawei::hardware::libteec::V3_0::implementation::InOutPara*)+200) (BuildId: 1ca9adf43c017ea6d450c71698d19bd8)
01-24 16:35:54.666 17272 17272 F DEBUG   :       #03 pc 000000000000bde4  /vendor/lib64/hw/vendor.huawei.hardware.libteec@3.0-impl.so (vendor::huawei::hardware::libteec::V3_0::implementation::LibteecGlobal::SubInvokeCommand(android::hardware::hidl_vec<unsigned char> const&, android::hardware::hidl_memory const&, vendor::huawei::hardware::libteec::V3_0::implementation::InOutPara*)+320) (BuildId: 1ca9adf43c017ea6d450c71698d19bd8)
01-24 16:35:54.666 17272 17272 F DEBUG   :       #04 pc 000000000000b838  /vendor/lib64/hw/vendor.huawei.hardware.libteec@3.0-impl.so (vendor::huawei::hardware::libteec::V3_0::implementation::LibteecGlobal::invokeCommandHidl(int, android::hardware::hidl_vec<unsigned char> const&, android::hardware::hidl_vec<unsigned char> const&, unsigned int, android::hardware::hidl_vec<unsigned char> const&, android::hardware::hidl_memory const&, std::__1::function<void (int, android::hardware::hidl_vec<unsigned char> const&, android::hardware::hidl_vec<unsigned char> const&, int)>)+336) (BuildId: 1ca9adf43c017ea6d450c71698d19bd8)
01-24 16:35:54.666 17272 17272 F DEBUG   :       #05 pc 00000000000189c0  /vendor/lib64/vendor.huawei.hardware.libteec@3.0.so (vendor::huawei::hardware::libteec::V3_0::BnHwLibteecGlobal::_hidl_invokeCommandHidl(android::hidl::base::V1_0::BnHwBase*, android::hardware::Parcel const&, android::hardware::Parcel*, std::__1::function<void (android::hardware::Parcel&)>)+636) (BuildId: 1a898934ba4fddefbe20429ce3bb5b9b)
01-24 16:35:54.666 17272 17272 F DEBUG   :       #06 pc 000000000001a7dc  /vendor/lib64/vendor.huawei.hardware.libteec@3.0.so (vendor::huawei::hardware::libteec::V3_0::BnHwLibteecGlobal::onTransact(unsigned int, android::hardware::Parcel const&, android::hardware::Parcel*, unsigned int, std::__1::function<void (android::hardware::Parcel&)>)+1292) (BuildId: 1a898934ba4fddefbe20429ce3bb5b9b)
01-24 16:35:54.666 17272 17272 F DEBUG   :       #07 pc 00000000000825f4  /system/lib64/vndk-sp-29/libhidlbase.so (android::hardware::BHwBinder::transact(unsigned int, android::hardware::Parcel const&, android::hardware::Parcel*, unsigned int, std::__1::function<void (android::hardware::Parcel&)>)+68) (BuildId: 2f8f208736c0724896c75aa52122bd47)
01-24 16:35:54.666 17272 17272 F DEBUG   :       #08 pc 0000000000085e88  /system/lib64/vndk-sp-29/libhidlbase.so (android::hardware::IPCThreadState::getAndExecuteCommand()+1036) (BuildId: 2f8f208736c0724896c75aa52122bd47)
01-24 16:35:54.667 17272 17272 F DEBUG   :       #09 pc 0000000000087518  /system/lib64/vndk-sp-29/libhidlbase.so (android::hardware::IPCThreadState::joinThreadPool(bool)+152) (BuildId: 2f8f208736c0724896c75aa52122bd47)
01-24 16:35:54.667 17272 17272 F DEBUG   :       #10 pc 0000000000096654  /system/lib64/vndk-sp-29/libhidlbase.so (android::hardware::PoolThread::threadLoop()+24) (BuildId: 2f8f208736c0724896c75aa52122bd47)
01-24 16:35:54.667 17272 17272 F DEBUG   :       #11 pc 00000000000136d4  /system/lib64/vndk-sp-29/libutils.so (android::Thread::_threadLoop(void*)+288) (BuildId: 74460cf0ddda96398ce1157061005bb0)
01-24 16:35:54.667 17272 17272 F DEBUG   :       #12 pc 00000000000cf7c0  /apex/com.android.runtime/lib64/bionic/libc.so (__pthread_start(void*)+36) (BuildId: 92c2ba54d2ee91b0ae7c6d3b562b9970)
01-24 16:35:54.667 17272 17272 F DEBUG   :       #13 pc 00000000000721a8  /apex/com.android.runtime/lib64/bionic/libc.so (__start_thread+64) (BuildId: 92c2ba54d2ee91b0ae7c6d3b562b9970)
************ server crashed, reason: fuzzing _hidl_invokeCommandHidl, code 5, the fifth arg, offset 4, seed 85. ************
************ server crashed, reason: fuzzing _hidl_invokeCommandHidl, code 5, the fifth arg, offset 4, seed 25941. ************
************ server crashed, reason: fuzzing _hidl_invokeCommandHidl, code 5, the fifth arg, offset 4, seed 25941. ************
************ server crashed, reason: fuzzing _hidl_invokeCommandHidl, code 5, the fifth arg, offset 4, seed 0. ************
************ server crashed, reason: fuzzing _hidl_invokeCommandHidl, code 5, the fifth arg, offset 4, seed 127. ************
************ server crashed, reason: fuzzing _hidl_invokeCommandHidl, code 5, the fifth arg, offset 4, seed 32767. ************
************ server crashed, reason: fuzzing _hidl_invokeCommandHidl, code 5, the fifth arg, offset 4, seed 8388607. ************
************ server crashed, reason: fuzzing _hidl_invokeCommandHidl, code 5, the fifth arg, offset 4, seed 2147483647. ************
************ server crashed, reason: fuzzing _hidl_invokeCommandHidl, code 5, the fifth arg, offset 4, seed 128. ************
************ server crashed, reason: fuzzing _hidl_invokeCommandHidl, code 5, the fifth arg, offset 4, seed 32768. ************
************ server crashed, reason: fuzzing _hidl_invokeCommandHidl, code 5, the fifth arg, offset 4, seed 8388608. ************
************ server crashed, reason: fuzzing _hidl_invokeCommandHidl, code 5, the fifth arg, offset 4, seed 2147483648. ************
************ server crashed, reason: fuzzing _hidl_invokeCommandHidl, code 5, the fifth arg, offset 4, seed 255. ************
************ server crashed, reason: fuzzing _hidl_invokeCommandHidl, code 5, the fifth arg, offset 4, seed 65535. ************
************ server crashed, reason: fuzzing _hidl_invokeCommandHidl, code 5, the fifth arg, offset 4, seed 16777215. ************
************ server crashed, reason: fuzzing _hidl_invokeCommandHidl, code 5, the fifth arg, offset 4, seed 4294967295. ************
************ server crashed, reason: fuzzing _hidl_invokeCommandHidl, code 5, the fifth arg, offset 4, seed 25942. ************
************ server crashed, reason: fuzzing _hidl_invokeCommandHidl, code 5, the fifth arg, offset 4, seed 26197. ************
************ server crashed, reason: fuzzing _hidl_invokeCommandHidl, code 5, the fifth arg, offset 4, seed 91477. ************
************ server crashed, reason: fuzzing _hidl_invokeCommandHidl, code 5, the fifth arg, offset 4, seed 16803157. ************
************ server crashed, reason: fuzzing _hidl_invokeCommandHidl, code 5, the fifth arg, offset 4, seed 25940. ************
************ server crashed, reason: fuzzing _hidl_invokeCommandHidl, code 5, the fifth arg, offset 4, seed 25685. ************
************ server crashed, reason: fuzzing _hidl_invokeCommandHidl, code 5, the fifth arg, offset 4, seed -39595. ************
************ server crashed, reason: fuzzing _hidl_invokeCommandHidl, code 5, the fifth arg, offset 4, seed -16751275. ************
************ server crashed, reason: fuzzing _hidl_invokeCommandHidl, code 5, the fifth arg, offset 4, seed 1094795585. ************
************ server crashed, reason: fuzzing _hidl_invokeCommandHidl, code 5, the fifth arg, offset 8, seed 1289567359. ************
************ server crashed, reason: fuzzing _hidl_invokeCommandHidl, code 5, the fifth arg, offset 8, seed -1289567488. ************
************ server crashed, reason: fuzzing _hidl_invokeCommandHidl, code 5, the fifth arg, offset 8, seed -1289617280. ************
************ server crashed, reason: fuzzing _hidl_invokeCommandHidl, code 5, the fifth arg, offset 8, seed -1291795584. ************
************ server crashed, reason: fuzzing _hidl_invokeCommandHidl, code 5, the fifth arg, offset 8, seed 2278272. ************
************ server crashed, reason: fuzzing _hidl_invokeCommandHidl, code 5, the fifth arg, offset 8, seed -1289567233. ************
************ server crashed, reason: fuzzing _hidl_invokeCommandHidl, code 5, the fifth arg, offset 8, seed -1289552000. ************
************ server crashed, reason: fuzzing _hidl_invokeCommandHidl, code 5, the fifth arg, offset 8, seed -1275083904. ************
************ server crashed, reason: fuzzing _hidl_invokeCommandHidl, code 5, the fifth arg, offset 8, seed -14498944. ************
************ server crashed, reason: fuzzing _hidl_invokeCommandHidl, code 5, the fifth arg, offset 8, seed -1289567488. ************
************ server crashed, reason: fuzzing _hidl_invokeCommandHidl, code 5, the fifth arg, offset 8, seed -1289600128. ************
************ server crashed, reason: fuzzing _hidl_invokeCommandHidl, code 5, the fifth arg, offset 8, seed -1289567360. ************
************ server crashed, reason: fuzzing _hidl_invokeCommandHidl, code 5, the fifth arg, offset 8, seed 857916288. ************
************ server crashed, reason: fuzzing _hidl_invokeCommandHidl, code 5, the fifth arg, offset 8, seed -1289567360. ************
************ server crashed, reason: fuzzing _hidl_invokeCommandHidl, code 5, the fifth arg, offset 8, seed -1289584512. ************
************ server crashed, reason: fuzzing _hidl_invokeCommandHidl, code 5, the fifth arg, offset 8, seed -1291795584. ************
************ server crashed, reason: fuzzing _hidl_invokeCommandHidl, code 5, the fifth arg, offset 8, seed -2145205376. ************
************ server crashed, reason: fuzzing _hidl_invokeCommandHidl, code 5, the fifth arg, offset 8, seed 0. ************
************ server crashed, reason: fuzzing _hidl_invokeCommandHidl, code 5, the fifth arg, offset 8, seed 127. ************
************ server crashed, reason: fuzzing _hidl_invokeCommandHidl, code 5, the fifth arg, offset 8, seed 32767. ************
************ server crashed, reason: fuzzing _hidl_invokeCommandHidl, code 5, the fifth arg, offset 8, seed 8388607. ************
************ server crashed, reason: fuzzing _hidl_invokeCommandHidl, code 5, the fifth arg, offset 8, seed 2147483647. ************
************ server crashed, reason: fuzzing _hidl_invokeCommandHidl, code 5, the fifth arg, offset 8, seed 128. ************
************ server crashed, reason: fuzzing _hidl_invokeCommandHidl, code 5, the fifth arg, offset 8, seed 32768. ************
************ server crashed, reason: fuzzing _hidl_invokeCommandHidl, code 5, the fifth arg, offset 8, seed 8388608. ************
************ server crashed, reason: fuzzing _hidl_invokeCommandHidl, code 5, the fifth arg, offset 8, seed 2147483648. ************
************ server crashed, reason: fuzzing _hidl_invokeCommandHidl, code 5, the fifth arg, offset 8, seed 255. ************
************ server crashed, reason: fuzzing _hidl_invokeCommandHidl, code 5, the fifth arg, offset 8, seed 65535. ************
************ server crashed, reason: fuzzing _hidl_invokeCommandHidl, code 5, the fifth arg, offset 8, seed 16777215. ************
************ server crashed, reason: fuzzing _hidl_invokeCommandHidl, code 5, the fifth arg, offset 8, seed 4294967295. ************
************ server crashed, reason: fuzzing _hidl_invokeCommandHidl, code 5, the fifth arg, offset 8, seed 3005399937. ************
************ server crashed, reason: fuzzing _hidl_invokeCommandHidl, code 5, the fifth arg, offset 8, seed 3005400192. ************
************ server crashed, reason: fuzzing _hidl_invokeCommandHidl, code 5, the fifth arg, offset 8, seed 3005465472. ************
************ server crashed, reason: fuzzing _hidl_invokeCommandHidl, code 5, the fifth arg, offset 8, seed 3022177152. ************
************ server crashed, reason: fuzzing _hidl_invokeCommandHidl, code 5, the fifth arg, offset 8, seed 3005399935. ************
************ server crashed, reason: fuzzing _hidl_invokeCommandHidl, code 5, the fifth arg, offset 8, seed 3005399680. ************
************ server crashed, reason: fuzzing _hidl_invokeCommandHidl, code 5, the fifth arg, offset 8, seed 3005334400. ************
************ server crashed, reason: fuzzing _hidl_invokeCommandHidl, code 5, the fifth arg, offset 8, seed 2988622720. ************
************ server crashed, reason: fuzzing _hidl_invokeCommandHidl, code 5, the fifth arg, offset 8, seed 1094795585. ************
************ server crashed, reason: fuzzing _hidl_invokeCommandHidl, code 5, the fifth arg, offset 12, seed -113. ************
************ server crashed, reason: fuzzing _hidl_invokeCommandHidl, code 5, the fifth arg, offset 12, seed 0. ************
************ server crashed, reason: fuzzing _hidl_invokeCommandHidl, code 5, the fifth arg, offset 12, seed 112. ************
************ server crashed, reason: fuzzing _hidl_invokeCommandHidl, code 5, the fifth arg, offset 12, seed 112. ************
************ server crashed, reason: fuzzing _hidl_invokeCommandHidl, code 5, the fifth arg, offset 12, seed 112. ************
************ server crashed, reason: fuzzing _hidl_invokeCommandHidl, code 5, the fifth arg, offset 12, seed 255. ************
************ server crashed, reason: fuzzing _hidl_invokeCommandHidl, code 5, the fifth arg, offset 12, seed 65392. ************
************ server crashed, reason: fuzzing _hidl_invokeCommandHidl, code 5, the fifth arg, offset 12, seed 16711792. ************
************ server crashed, reason: fuzzing _hidl_invokeCommandHidl, code 5, the fifth arg, offset 12, seed -16777104. ************
************ server crashed, reason: fuzzing _hidl_invokeCommandHidl, code 5, the fifth arg, offset 12, seed 112. ************
************ server crashed, reason: fuzzing _hidl_invokeCommandHidl, code 5, the fifth arg, offset 12, seed 112. ************
************ server crashed, reason: fuzzing _hidl_invokeCommandHidl, code 5, the fifth arg, offset 12, seed 112. ************
************ server crashed, reason: fuzzing _hidl_invokeCommandHidl, code 5, the fifth arg, offset 12, seed 112. ************
************ server crashed, reason: fuzzing _hidl_invokeCommandHidl, code 5, the fifth arg, offset 12, seed 0. ************
************ server crashed, reason: fuzzing _hidl_invokeCommandHidl, code 5, the fifth arg, offset 12, seed 112. ************
