---------- crash reason: Error: access violation accessing 0x616f6c5f600a40, offset: 6392 (0x18f8), original value: 0x656d616e, new value: 0xffffffff ----------
---------- crash reason: Error: access violation accessing 0x616f6c5f600a40, offset: 6400 (0x1900), original value: 0xa0001205, new value: 0x5fffedfa ----------
---------- crash reason: Error: access violation accessing 0x616f6c5f600a40, offset: 6408 (0x1908), original value: 0x8401a801, new value: 0x41414141 ----------
---------- crash reason: Error: access violation accessing 0x403e3d102e3b2, offset: 6420 (0x1914), original value: 0x2001040a, new value: -0x2001040b ----------
---------- crash reason: Error: access violation accessing 0x616f6c5f600a40, offset: 6428 (0x191c), original value: 0x5748434e, new value: 0xffffffff ----------
---------- crash reason: Error: access violation accessing 0x616f6c5f600a40, offset: 6648 (0x19f8), original value: 0x110a1c52, new value: -0x110a1c53 ----------
---------- crash reason: Error: access violation accessing 0x616f6c5f600a40, offset: 6652 (0x19fc), original value: 0x6769726f, new value: 0xffffffff ----------
---------- crash reason: Error: access violation accessing 0x616f6c5f600a40, offset: 6656 (0x1a00), original value: 0x6c616e69, new value: 0xffffffff ----------
---------- crash reason: Error: access violation accessing 0x616f6c5f600a40, offset: 6660 (0x1a04), original value: 0x5f706f5f, new value: 0xffffffff ----------
---------- crash reason: Error: access violation accessing 0x616f6c5f600a40, offset: 6664 (0x1a08), original value: 0x656d616e, new value: 0xffffffff ----------
---------- crash reason: Error: access violation accessing 0x6c696166200040, offset: 6672 (0x1a10), original value: 0xa0001205, new value: 0x5fffedfa ----------
---------- crash reason: Error: access violation accessing 0x616f6c5f600a40, offset: 6680 (0x1a18), original value: 0x8301a801, new value: 0x41414141 ----------
---------- crash reason: Error: access violation accessing 0x6c696166200040, offset: 6692 (0x1a24), original value: 0x2001040a, new value: -0x2001040b ----------
---------- crash reason: Error: access violation accessing 0x616f6c5f600a40, offset: 6700 (0x1a2c), original value: 0x5748434e, new value: 0xffffffff ----------
---------- crash reason: Error: access violation accessing 0x616f6c5f600a40, offset: 6920 (0x1b08), original value: 0x110a1c52, new value: -0x110a1c53 ----------
---------- crash reason: Error: access violation accessing 0x616f6c5f600a40, offset: 6924 (0x1b0c), original value: 0x6769726f, new value: 0xffffffff ----------
---------- crash reason: Error: access violation accessing 0x616f6c5f600a40, offset: 6928 (0x1b10), original value: 0x6c616e69, new value: 0xffffffff ----------
---------- crash reason: Error: access violation accessing 0x616f6c5f600a40, offset: 6932 (0x1b14), original value: 0x5f706f5f, new value: 0xffffffff ----------
---------- crash reason: Error: access violation accessing 0x616f6c5f600a40, offset: 6936 (0x1b18), original value: 0x656d616e, new value: 0xffffffff ----------
---------- crash reason: Error: access violation accessing 0x6c696166200040, offset: 6944 (0x1b20), original value: 0xa0001205, new value: 0x5fffedfa ----------
---------- crash reason: Error: access violation accessing 0x616f6c5f600a40, offset: 6952 (0x1b28), original value: 0x8201a801, new value: 0x41414141 ----------
---------- crash reason: Error: access violation accessing 0x616f6c5f600a40, offset: 6964 (0x1b34), original value: 0x2001040a, new value: -0x2001040b ----------
---------- crash reason: Error: access violation accessing 0x616f6c5f600a40, offset: 6972 (0x1b3c), original value: 0x5748434e, new value: 0xffffffff ----------
---------- crash reason: Error: access violation accessing 0x6c696166200040, offset: 7100 (0x1bbc), original value: 0x1552bf61, new value: -0x1552bf62 ----------
---------- crash reason: Error: access violation accessing 0x616f6c5f600a40, offset: 7108 (0x1bc4), original value: 0x72726566, new value: 0xffffffff ----------
---------- crash reason: Error: access violation accessing 0x616f6c5f600a40, offset: 7112 (0x1bc8), original value: 0x665f6465, new value: 0xffffffff ----------
---------- crash reason: Error: access violation accessing 0x616f6c5f600a40, offset: 7116 (0x1bcc), original value: 0x616d726f, new value: 0xffffffff ----------
---------- crash reason: Error: access violation accessing 0x616f6c5f600a40, offset: 7132 (0x1bdc), original value: 0x616e6967, new value: 0xffffffff ----------
---------- crash reason: Error: access violation accessing 0x616f6c5f600a40, offset: 7136 (0x1be0), original value: 0x706f5f6c, new value: 0xffffffff ----------
---------- crash reason: Error: access violation accessing 0x616f6c5f600a40, offset: 7140 (0x1be4), original value: 0x6d616e5f, new value: 0xffffffff ----------
---------- crash reason: Error: access violation accessing 0x6c696166200040, offset: 7148 (0x1bec), original value: 0x12050a, new value: -0x12050b ----------
---------- crash reason: Error: access violation accessing 0x616f6c5f600a40, offset: 7164 (0x1bfc), original value: 0x1a011017, new value: 0x0 ----------
---------- crash reason: Error: access violation accessing 0x616f6c5f600a40, offset: 7532 (0x1d6c), original value: 0x523e0b7e, new value: -0x523e0b7f ----------
---------- crash reason: Error: access violation accessing 0x616f6c5f600a40, offset: 7540 (0x1d74), original value: 0x7265666e, new value: 0xffffffff ----------
---------- crash reason: Error: access violation accessing 0x616f6c5f600a40, offset: 7544 (0x1d78), original value: 0x5f646572, new value: 0xffffffff ----------
---------- crash reason: Error: access violation accessing 0x616f6c5f600a40, offset: 7548 (0x1d7c), original value: 0x6d726f66, new value: 0xffffffff ----------
---------- crash reason: Error: access violation accessing 0x616f6c5f600a40, offset: 7564 (0x1d8c), original value: 0x6e696769, new value: 0xffffffff ----------
---------- crash reason: Error: access violation accessing 0x616f6c5f600a40, offset: 7568 (0x1d90), original value: 0x6f5f6c61, new value: 0xffffffff ----------
---------- crash reason: Error: access violation accessing 0x616f6c5f600a40, offset: 7572 (0x1d94), original value: 0x616e5f70, new value: 0xffffffff ----------
---------- crash reason: Error: access violation accessing 0x616f6c5f600a40, offset: 7580 (0x1d9c), original value: 0x12050a07, new value: 0x0 ----------
---------- crash reason: Error: access violation accessing 0x616f6c5f600a40, offset: 7604 (0x1db4), original value: 0x1012008, new value: 0xffffffff ----------
---------- crash reason: Error: access violation accessing 0x6c696166200040, offset: 7764 (0x1e54), original value: 0x52bfe16e, new value: -0x52bfe16f ----------
---------- crash reason: Error: access violation accessing 0x616f6c5f600a40, offset: 7772 (0x1e5c), original value: 0x7265666e, new value: 0xffffffff ----------
---------- crash reason: Error: access violation accessing 0x616f6c5f600a40, offset: 7776 (0x1e60), original value: 0x5f646572, new value: 0xffffffff ----------
---------- crash reason: Error: access violation accessing 0x616f6c5f600a40, offset: 7780 (0x1e64), original value: 0x6d726f66, new value: 0xffffffff ----------
---------- crash reason: Error: access violation accessing 0x616f6c5f600a40, offset: 7796 (0x1e74), original value: 0x6e696769, new value: 0xffffffff ----------
---------- crash reason: Error: access violation accessing 0x616f6c5f600a40, offset: 7800 (0x1e78), original value: 0x6f5f6c61, new value: 0xffffffff ----------
---------- crash reason: Error: access violation accessing 0x616f6c5f600a40, offset: 7804 (0x1e7c), original value: 0x616e5f70, new value: 0xffffffff ----------
---------- crash reason: Error: access violation accessing 0x616f6c5f600a40, offset: 7812 (0x1e84), original value: 0x12050a07, new value: 0x0 ----------
---------- crash reason: Error: access violation accessing 0x616f6c5f600a40, offset: 7836 (0x1e9c), original value: 0x1011001, new value: 0xffffffff ----------
---------- crash reason: Error: access violation accessing 0x616f6c5f600a40, offset: 12544 (0x3100), original value: 0x52ff0b03, new value: -0x52ff0b04 ----------
---------- crash reason: Error: access violation accessing 0x616f6c5f600a40, offset: 12552 (0x3108), original value: 0x7265666e, new value: 0xffffffff ----------
---------- crash reason: Error: access violation accessing 0x616f6c5f600a40, offset: 12556 (0x310c), original value: 0x5f646572, new value: 0xffffffff ----------
---------- crash reason: Error: access violation accessing 0x616f6c5f600a40, offset: 12560 (0x3110), original value: 0x6d726f66, new value: 0xffffffff ----------
---------- crash reason: Error: access violation accessing 0x616f6c5f600a40, offset: 12576 (0x3120), original value: 0x6e696769, new value: 0xffffffff ----------
---------- crash reason: Error: access violation accessing 0x616f6c5f600a40, offset: 12580 (0x3124), original value: 0x6f5f6c61, new value: 0xffffffff ----------
---------- crash reason: Error: access violation accessing 0x616f6c5f600a40, offset: 12584 (0x3128), original value: 0x616e5f70, new value: 0xffffffff ----------
---------- crash reason: Error: abort was called, offset: 12592 (0x3130), original value: 0x12050a07, new value: 0xffffffff ----------
---------- crash reason: Error: access violation accessing 0x616f6c5f600a40, offset: 12616 (0x3148), original value: 0x3032010, new value: 0xffffffff ----------
---------- crash reason: Error: access violation accessing 0x6c696166200040, offset: 12748 (0x31cc), original value: 0xf0a1552, new value: -0xf0a1553 ----------
---------- crash reason: Error: access violation accessing 0x616f6c5f600a40, offset: 12752 (0x31d0), original value: 0x65666e69, new value: 0xffffffff ----------
---------- crash reason: Error: access violation accessing 0x616f6c5f600a40, offset: 12756 (0x31d4), original value: 0x64657272, new value: 0xffffffff ----------
---------- crash reason: Error: access violation accessing 0x616f6c5f600a40, offset: 12760 (0x31d8), original value: 0x726f665f, new value: 0xffffffff ----------
---------- crash reason: Error: access violation accessing 0x6c696166200040, offset: 12780 (0x31ec), original value: 0x5f6c616e, new value: -0x5f6c616f ----------
---------- crash reason: Error: access violation accessing 0x616f6c5f600a40, offset: 12784 (0x31f0), original value: 0x6e5f706f, new value: 0xffffffff ----------
---------- crash reason: Error: access violation accessing 0x616f6c5f600a40, offset: 12788 (0x31f4), original value: 0x73656d61, new value: 0xffffffff ----------
---------- crash reason: Error: access violation accessing 0x616f6c5f600a40, offset: 12792 (0x31f8), original value: 0x50a0712, new value: 0x0 ----------
---------- crash reason: Error: access violation accessing 0x616f6c5f600a40, offset: 12816 (0x3210), original value: 0x1080104, new value: 0x0 ----------
---------- crash reason: Error: access violation accessing 0x616f6c5f600a40, offset: 15224 (0x3b78), original value: 0xa15521c, new value: -0xa15521d ----------
02-12 14:12:00.359 32591 32591 F DEBUG   : *** *** *** *** *** *** *** *** *** *** *** *** *** *** *** ***
02-12 14:12:00.359 32591 32591 F DEBUG   : Build fingerprint: 'HUAWEI/MRX-AN19/HWMRX:10/HUAWEIMRX-AN19/102.0.0.221C00:user/release-keys'
02-12 14:12:00.359 32591 32591 F DEBUG   : Revision: '0'
02-12 14:12:00.359 32591 32591 F DEBUG   : ABI: 'arm64'
02-12 14:12:00.359 32591 32591 F DEBUG   : Timestamp: 2022-02-12 14:12:00+0800
02-12 14:12:00.359 32591 32591 F DEBUG   : pid: 23483, tid: 23520, name: Thread-3  >>> com.huawei.hiaidemo <<<
02-12 14:12:00.359 32591 32591 F DEBUG   : uid: 10628
02-12 14:12:00.359 32591 32591 F DEBUG   : signal 11 (SIGSEGV), code 1 (SEGV_MAPERR), fault addr 0x616f6c5f600a40
02-12 14:12:00.359 32591 32591 F DEBUG   :     x0  0000006f64a96d08  x1  64616f6c5f746c75  x2  0000006f64b03000  x3  0000000000000000
02-12 14:12:00.359 32591 32591 F DEBUG   :     x4  00000000000000d8  x5  0000006f7c200890  x6  0000000000000000  x7  0000000000000000
02-12 14:12:00.359 32591 32591 F DEBUG   :     x8  64616f6c5f6009c8  x9  0000000000000139  x10 0000000000000146  x11 0000000000000001
02-12 14:12:00.359 32591 32591 F DEBUG   :     x12 0000006f6c0076d0  x13 0000000001000000  x14 0000000000000000  x15 0000000000000000
02-12 14:12:00.359 32591 32591 F DEBUG   :     x16 00000070009dca30  x17 00000070009d0f80  x18 0000006f039da000  x19 0000006f64b03000
02-12 14:12:00.359 32591 32591 F DEBUG   :     x20 0000006f64a96d08  x21 64616f6c5f746c75  x22 0000000000000000  x23 00000070009e6e90
02-12 14:12:00.359 32591 32591 F DEBUG   :     x24 0000000000000000  x25 0000006f044a4020  x26 0000006f64ad9cb0  x27 0000000000000000
02-12 14:12:00.359 32591 32591 F DEBUG   :     x28 0000006f044a2fe0  x29 0000006f044a2eb0
02-12 14:12:00.359 32591 32591 F DEBUG   :     sp  0000006f044a2e80  lr  000000700095d484  pc  000000700095cf1c

02-12 14:12:00.359 32591 32591 F DEBUG   : *** *** *** *** *** *** *** *** *** *** *** *** *** *** *** ***
02-12 14:12:00.359 32591 32591 F DEBUG   : Build fingerprint: 'HUAWEI/MRX-AN19/HWMRX:10/HUAWEIMRX-AN19/102.0.0.221C00:user/release-keys'
02-12 14:12:00.359 32591 32591 F DEBUG   : Revision: '0'
02-12 14:12:00.359 32591 32591 F DEBUG   : ABI: 'arm64'
02-12 14:12:00.359 32591 32591 F DEBUG   : Timestamp: 2022-02-12 14:12:00+0800
02-12 14:12:00.359 32591 32591 F DEBUG   : pid: 23483, tid: 23520, name: Thread-3  >>> com.huawei.hiaidemo <<<
02-12 14:12:00.359 32591 32591 F DEBUG   : uid: 10628
02-12 14:12:00.359 32591 32591 F DEBUG   : signal 11 (SIGSEGV), code 1 (SEGV_MAPERR), fault addr 0x616f6c5f600a40
02-12 14:12:00.359 32591 32591 F DEBUG   :     x0  0000006f64a96d08  x1  64616f6c5f746c75  x2  0000006f64b03000  x3  0000000000000000
02-12 14:12:00.359 32591 32591 F DEBUG   :     x4  00000000000000d8  x5  0000006f7c200890  x6  0000000000000000  x7  0000000000000000
02-12 14:12:00.359 32591 32591 F DEBUG   :     x8  64616f6c5f6009c8  x9  0000000000000139  x10 0000000000000146  x11 0000000000000001
02-12 14:12:00.359 32591 32591 F DEBUG   :     x12 0000006f6c0076d0  x13 0000000001000000  x14 0000000000000000  x15 0000000000000000
02-12 14:12:00.359 32591 32591 F DEBUG   :     x16 00000070009dca30  x17 00000070009d0f80  x18 0000006f039da000  x19 0000006f64b03000
02-12 14:12:00.359 32591 32591 F DEBUG   :     x20 0000006f64a96d08  x21 64616f6c5f746c75  x22 0000000000000000  x23 00000070009e6e90
02-12 14:12:00.359 32591 32591 F DEBUG   :     x24 0000000000000000  x25 0000006f044a4020  x26 0000006f64ad9cb0  x27 0000000000000000
02-12 14:12:00.359 32591 32591 F DEBUG   :     x28 0000006f044a2fe0  x29 0000006f044a2eb0
02-12 14:12:00.359 32591 32591 F DEBUG   :     sp  0000006f044a2e80  lr  000000700095d484  pc  000000700095cf1c

---------- crash reason: Error: access violation accessing 0x616f6c5f600a40, offset: 15232 (0x3b80), original value: 0x65727265, new value: 0xffffffff ----------
02-12 14:12:00.359 32591 32591 F DEBUG   : *** *** *** *** *** *** *** *** *** *** *** *** *** *** *** ***
02-12 14:12:00.359 32591 32591 F DEBUG   : Build fingerprint: 'HUAWEI/MRX-AN19/HWMRX:10/HUAWEIMRX-AN19/102.0.0.221C00:user/release-keys'
02-12 14:12:00.359 32591 32591 F DEBUG   : Revision: '0'
02-12 14:12:00.359 32591 32591 F DEBUG   : ABI: 'arm64'
02-12 14:12:00.359 32591 32591 F DEBUG   : Timestamp: 2022-02-12 14:12:00+0800
02-12 14:12:00.359 32591 32591 F DEBUG   : pid: 23483, tid: 23520, name: Thread-3  >>> com.huawei.hiaidemo <<<
02-12 14:12:00.359 32591 32591 F DEBUG   : uid: 10628
02-12 14:12:00.359 32591 32591 F DEBUG   : signal 11 (SIGSEGV), code 1 (SEGV_MAPERR), fault addr 0x616f6c5f600a40
02-12 14:12:00.359 32591 32591 F DEBUG   :     x0  0000006f64a96d08  x1  64616f6c5f746c75  x2  0000006f64b03000  x3  0000000000000000
02-12 14:12:00.359 32591 32591 F DEBUG   :     x4  00000000000000d8  x5  0000006f7c200890  x6  0000000000000000  x7  0000000000000000
02-12 14:12:00.359 32591 32591 F DEBUG   :     x8  64616f6c5f6009c8  x9  0000000000000139  x10 0000000000000146  x11 0000000000000001
02-12 14:12:00.359 32591 32591 F DEBUG   :     x12 0000006f6c0076d0  x13 0000000001000000  x14 0000000000000000  x15 0000000000000000
02-12 14:12:00.359 32591 32591 F DEBUG   :     x16 00000070009dca30  x17 00000070009d0f80  x18 0000006f039da000  x19 0000006f64b03000
02-12 14:12:00.359 32591 32591 F DEBUG   :     x20 0000006f64a96d08  x21 64616f6c5f746c75  x22 0000000000000000  x23 00000070009e6e90
02-12 14:12:00.359 32591 32591 F DEBUG   :     x24 0000000000000000  x25 0000006f044a4020  x26 0000006f64ad9cb0  x27 0000000000000000
02-12 14:12:00.359 32591 32591 F DEBUG   :     x28 0000006f044a2fe0  x29 0000006f044a2eb0
02-12 14:12:00.359 32591 32591 F DEBUG   :     sp  0000006f044a2e80  lr  000000700095d484  pc  000000700095cf1c
02-12 14:12:02.711 32664 32705 F libc    : Fatal signal 11 (SIGSEGV), code 1 (SEGV_MAPERR), fault addr 0x616f6c5f600a40 in tid 32705 (Thread-3), pid 32664 (huawei.hiaidemo)

02-12 14:12:00.359 32591 32591 F DEBUG   : *** *** *** *** *** *** *** *** *** *** *** *** *** *** *** ***
02-12 14:12:00.359 32591 32591 F DEBUG   : Build fingerprint: 'HUAWEI/MRX-AN19/HWMRX:10/HUAWEIMRX-AN19/102.0.0.221C00:user/release-keys'
02-12 14:12:00.359 32591 32591 F DEBUG   : Revision: '0'
02-12 14:12:00.359 32591 32591 F DEBUG   : ABI: 'arm64'
02-12 14:12:00.359 32591 32591 F DEBUG   : Timestamp: 2022-02-12 14:12:00+0800
02-12 14:12:00.359 32591 32591 F DEBUG   : pid: 23483, tid: 23520, name: Thread-3  >>> com.huawei.hiaidemo <<<
02-12 14:12:00.359 32591 32591 F DEBUG   : uid: 10628
02-12 14:12:00.359 32591 32591 F DEBUG   : signal 11 (SIGSEGV), code 1 (SEGV_MAPERR), fault addr 0x616f6c5f600a40
02-12 14:12:00.359 32591 32591 F DEBUG   :     x0  0000006f64a96d08  x1  64616f6c5f746c75  x2  0000006f64b03000  x3  0000000000000000
02-12 14:12:00.359 32591 32591 F DEBUG   :     x4  00000000000000d8  x5  0000006f7c200890  x6  0000000000000000  x7  0000000000000000
02-12 14:12:00.359 32591 32591 F DEBUG   :     x8  64616f6c5f6009c8  x9  0000000000000139  x10 0000000000000146  x11 0000000000000001
02-12 14:12:00.359 32591 32591 F DEBUG   :     x12 0000006f6c0076d0  x13 0000000001000000  x14 0000000000000000  x15 0000000000000000
02-12 14:12:00.359 32591 32591 F DEBUG   :     x16 00000070009dca30  x17 00000070009d0f80  x18 0000006f039da000  x19 0000006f64b03000
02-12 14:12:00.359 32591 32591 F DEBUG   :     x20 0000006f64a96d08  x21 64616f6c5f746c75  x22 0000000000000000  x23 00000070009e6e90
02-12 14:12:00.359 32591 32591 F DEBUG   :     x24 0000000000000000  x25 0000006f044a4020  x26 0000006f64ad9cb0  x27 0000000000000000
02-12 14:12:00.359 32591 32591 F DEBUG   :     x28 0000006f044a2fe0  x29 0000006f044a2eb0
02-12 14:12:00.359 32591 32591 F DEBUG   :     sp  0000006f044a2e80  lr  000000700095d484  pc  000000700095cf1c
02-12 14:12:02.711 32664 32705 F libc    : Fatal signal 11 (SIGSEGV), code 1 (SEGV_MAPERR), fault addr 0x616f6c5f600a40 in tid 32705 (Thread-3), pid 32664 (huawei.hiaidemo)
02-12 14:12:02.759   342   342 F DEBUG   : *** *** *** *** *** *** *** *** *** *** *** *** *** *** *** ***
02-12 14:12:02.759   342   342 F DEBUG   : Build fingerprint: 'HUAWEI/MRX-AN19/HWMRX:10/HUAWEIMRX-AN19/102.0.0.221C00:user/release-keys'
02-12 14:12:02.759   342   342 F DEBUG   : Revision: '0'
02-12 14:12:02.759   342   342 F DEBUG   : ABI: 'arm64'
02-12 14:12:02.759   342   342 F DEBUG   : Timestamp: 2022-02-12 14:12:02+0800
02-12 14:12:02.759   342   342 F DEBUG   : pid: 32664, tid: 32705, name: Thread-3  >>> com.huawei.hiaidemo <<<
02-12 14:12:02.760   342   342 F DEBUG   : uid: 10628
02-12 14:12:02.760   342   342 F DEBUG   : signal 11 (SIGSEGV), code 1 (SEGV_MAPERR), fault addr 0x616f6c5f600a40
02-12 14:12:02.760   342   342 F DEBUG   :     x0  0000006f7c07db08  x1  64616f6c5f746c75  x2  0000006f64aa7000  x3  0000000000000000
02-12 14:12:02.760   342   342 F DEBUG   :     x4  000000000000007a  x5  0000006f7c200958  x6  0000000000000000  x7  0000000000000000
02-12 14:12:02.760   342   342 F DEBUG   :     x8  64616f6c5f6009c8  x9  0000000000000139  x10 0000000000000146  x11 0000000000000001
02-12 14:12:02.760   342   342 F DEBUG   :     x12 0000006f03001010  x13 0000000001000000  x14 0000000000000000  x15 0000000000000000
02-12 14:12:02.760   342   342 F DEBUG   :     x16 00000070009dca30  x17 00000070009d0f80  x18 0000006f03e70000  x19 0000006f64aa7000
02-12 14:12:02.760   342   342 F DEBUG   :     x20 0000006f7c07db08  x21 64616f6c5f746c75  x22 0000000000000000  x23 00000070009e6e90
02-12 14:12:02.760   342   342 F DEBUG   :     x24 0000000000000000  x25 0000006f044c0020  x26 0000006f64aa54b0  x27 0000000000000000
02-12 14:12:02.760   342   342 F DEBUG   :     x28 0000006f044befe0  x29 0000006f044beeb0
02-12 14:12:02.760   342   342 F DEBUG   :     sp  0000006f044bee80  lr  000000700095d484  pc  000000700095cf1c

---------- crash reason: Error: access violation accessing 0x616f6c5f600a40, offset: 15236 (0x3b84), original value: 0x6f665f64, new value: 0xffffffff ----------
02-12 14:12:02.711 32664 32705 F libc    : Fatal signal 11 (SIGSEGV), code 1 (SEGV_MAPERR), fault addr 0x616f6c5f600a40 in tid 32705 (Thread-3), pid 32664 (huawei.hiaidemo)
02-12 14:12:02.759   342   342 F DEBUG   : *** *** *** *** *** *** *** *** *** *** *** *** *** *** *** ***
02-12 14:12:02.759   342   342 F DEBUG   : Build fingerprint: 'HUAWEI/MRX-AN19/HWMRX:10/HUAWEIMRX-AN19/102.0.0.221C00:user/release-keys'
02-12 14:12:02.759   342   342 F DEBUG   : Revision: '0'
02-12 14:12:02.759   342   342 F DEBUG   : ABI: 'arm64'
02-12 14:12:02.759   342   342 F DEBUG   : Timestamp: 2022-02-12 14:12:02+0800
02-12 14:12:02.759   342   342 F DEBUG   : pid: 32664, tid: 32705, name: Thread-3  >>> com.huawei.hiaidemo <<<
02-12 14:12:02.760   342   342 F DEBUG   : uid: 10628
02-12 14:12:02.760   342   342 F DEBUG   : signal 11 (SIGSEGV), code 1 (SEGV_MAPERR), fault addr 0x616f6c5f600a40
02-12 14:12:02.760   342   342 F DEBUG   :     x0  0000006f7c07db08  x1  64616f6c5f746c75  x2  0000006f64aa7000  x3  0000000000000000
02-12 14:12:02.760   342   342 F DEBUG   :     x4  000000000000007a  x5  0000006f7c200958  x6  0000000000000000  x7  0000000000000000
02-12 14:12:02.760   342   342 F DEBUG   :     x8  64616f6c5f6009c8  x9  0000000000000139  x10 0000000000000146  x11 0000000000000001
02-12 14:12:02.760   342   342 F DEBUG   :     x12 0000006f03001010  x13 0000000001000000  x14 0000000000000000  x15 0000000000000000
02-12 14:12:02.760   342   342 F DEBUG   :     x16 00000070009dca30  x17 00000070009d0f80  x18 0000006f03e70000  x19 0000006f64aa7000
02-12 14:12:02.760   342   342 F DEBUG   :     x20 0000006f7c07db08  x21 64616f6c5f746c75  x22 0000000000000000  x23 00000070009e6e90
02-12 14:12:02.760   342   342 F DEBUG   :     x24 0000000000000000  x25 0000006f044c0020  x26 0000006f64aa54b0  x27 0000000000000000
02-12 14:12:02.760   342   342 F DEBUG   :     x28 0000006f044befe0  x29 0000006f044beeb0
02-12 14:12:02.760   342   342 F DEBUG   :     sp  0000006f044bee80  lr  000000700095d484  pc  000000700095cf1c
02-12 14:12:04.981   496   627 F libc    : Fatal signal 11 (SIGSEGV), code 1 (SEGV_MAPERR), fault addr 0x616f6c5f600a40 in tid 627 (Thread-3), pid 496 (huawei.hiaidemo)

02-12 14:12:02.711 32664 32705 F libc    : Fatal signal 11 (SIGSEGV), code 1 (SEGV_MAPERR), fault addr 0x616f6c5f600a40 in tid 32705 (Thread-3), pid 32664 (huawei.hiaidemo)
02-12 14:12:02.759   342   342 F DEBUG   : *** *** *** *** *** *** *** *** *** *** *** *** *** *** *** ***
02-12 14:12:02.759   342   342 F DEBUG   : Build fingerprint: 'HUAWEI/MRX-AN19/HWMRX:10/HUAWEIMRX-AN19/102.0.0.221C00:user/release-keys'
02-12 14:12:02.759   342   342 F DEBUG   : Revision: '0'
02-12 14:12:02.759   342   342 F DEBUG   : ABI: 'arm64'
02-12 14:12:02.759   342   342 F DEBUG   : Timestamp: 2022-02-12 14:12:02+0800
02-12 14:12:02.759   342   342 F DEBUG   : pid: 32664, tid: 32705, name: Thread-3  >>> com.huawei.hiaidemo <<<
02-12 14:12:02.760   342   342 F DEBUG   : uid: 10628
02-12 14:12:02.760   342   342 F DEBUG   : signal 11 (SIGSEGV), code 1 (SEGV_MAPERR), fault addr 0x616f6c5f600a40
02-12 14:12:02.760   342   342 F DEBUG   :     x0  0000006f7c07db08  x1  64616f6c5f746c75  x2  0000006f64aa7000  x3  0000000000000000
02-12 14:12:02.760   342   342 F DEBUG   :     x4  000000000000007a  x5  0000006f7c200958  x6  0000000000000000  x7  0000000000000000
02-12 14:12:02.760   342   342 F DEBUG   :     x8  64616f6c5f6009c8  x9  0000000000000139  x10 0000000000000146  x11 0000000000000001
02-12 14:12:02.760   342   342 F DEBUG   :     x12 0000006f03001010  x13 0000000001000000  x14 0000000000000000  x15 0000000000000000
02-12 14:12:02.760   342   342 F DEBUG   :     x16 00000070009dca30  x17 00000070009d0f80  x18 0000006f03e70000  x19 0000006f64aa7000
02-12 14:12:02.760   342   342 F DEBUG   :     x20 0000006f7c07db08  x21 64616f6c5f746c75  x22 0000000000000000  x23 00000070009e6e90
02-12 14:12:02.760   342   342 F DEBUG   :     x24 0000000000000000  x25 0000006f044c0020  x26 0000006f64aa54b0  x27 0000000000000000
02-12 14:12:02.760   342   342 F DEBUG   :     x28 0000006f044befe0  x29 0000006f044beeb0
02-12 14:12:02.760   342   342 F DEBUG   :     sp  0000006f044bee80  lr  000000700095d484  pc  000000700095cf1c
02-12 14:12:04.981   496   627 F libc    : Fatal signal 11 (SIGSEGV), code 1 (SEGV_MAPERR), fault addr 0x616f6c5f600a40 in tid 627 (Thread-3), pid 496 (huawei.hiaidemo)
02-12 14:12:05.027   680   680 F DEBUG   : *** *** *** *** *** *** *** *** *** *** *** *** *** *** *** ***
02-12 14:12:05.027   680   680 F DEBUG   : Build fingerprint: 'HUAWEI/MRX-AN19/HWMRX:10/HUAWEIMRX-AN19/102.0.0.221C00:user/release-keys'
02-12 14:12:05.027   680   680 F DEBUG   : Revision: '0'
02-12 14:12:05.027   680   680 F DEBUG   : ABI: 'arm64'
02-12 14:12:05.027   680   680 F DEBUG   : Timestamp: 2022-02-12 14:12:05+0800
02-12 14:12:05.027   680   680 F DEBUG   : pid: 496, tid: 627, name: Thread-3  >>> com.huawei.hiaidemo <<<
02-12 14:12:05.027   680   680 F DEBUG   : uid: 10628
02-12 14:12:05.027   680   680 F DEBUG   : signal 11 (SIGSEGV), code 1 (SEGV_MAPERR), fault addr 0x616f6c5f600a40
02-12 14:12:05.027   680   680 F DEBUG   :     x0  0000006f64bbeb08  x1  64616f6c5f746c75  x2  0000006f64ae9800  x3  0000000000000000
02-12 14:12:05.027   680   680 F DEBUG   :     x4  0000000000000065  x5  0000006f7c200958  x6  0000000000000000  x7  0000000000000000
02-12 14:12:05.027   680   680 F DEBUG   :     x8  64616f6c5f6009c8  x9  0000000000000139  x10 0000000000000146  x11 0000000000000001
02-12 14:12:05.027   680   680 F DEBUG   :     x12 0000000000000000  x13 0000000001000000  x14 0000000000000000  x15 0000000000000000
02-12 14:12:05.027   680   680 F DEBUG   :     x16 00000070009dca30  x17 00000070009d0f80  x18 0000006f03c1e000  x19 0000006f64ae9800
02-12 14:12:05.027   680   680 F DEBUG   :     x20 0000006f64bbeb08  x21 64616f6c5f746c75  x22 0000000000000000  x23 00000070009e6e90
02-12 14:12:05.027   680   680 F DEBUG   :     x24 0000000000000000  x25 0000006f04487020  x26 0000006f64ac84b0  x27 0000000000000000
02-12 14:12:05.027   680   680 F DEBUG   :     x28 0000006f04485fe0  x29 0000006f04485eb0
02-12 14:12:05.027   680   680 F DEBUG   :     sp  0000006f04485e80  lr  000000700095d484  pc  000000700095cf1c

---------- crash reason: Error: access violation accessing 0x616f6c5f600a40, offset: 15240 (0x3b88), original value: 0x74616d72, new value: 0xffffffff ----------
02-12 14:12:04.981   496   627 F libc    : Fatal signal 11 (SIGSEGV), code 1 (SEGV_MAPERR), fault addr 0x616f6c5f600a40 in tid 627 (Thread-3), pid 496 (huawei.hiaidemo)
02-12 14:12:05.027   680   680 F DEBUG   : *** *** *** *** *** *** *** *** *** *** *** *** *** *** *** ***
02-12 14:12:05.027   680   680 F DEBUG   : Build fingerprint: 'HUAWEI/MRX-AN19/HWMRX:10/HUAWEIMRX-AN19/102.0.0.221C00:user/release-keys'
02-12 14:12:05.027   680   680 F DEBUG   : Revision: '0'
02-12 14:12:05.027   680   680 F DEBUG   : ABI: 'arm64'
02-12 14:12:05.027   680   680 F DEBUG   : Timestamp: 2022-02-12 14:12:05+0800
02-12 14:12:05.027   680   680 F DEBUG   : pid: 496, tid: 627, name: Thread-3  >>> com.huawei.hiaidemo <<<
02-12 14:12:05.027   680   680 F DEBUG   : uid: 10628
02-12 14:12:05.027   680   680 F DEBUG   : signal 11 (SIGSEGV), code 1 (SEGV_MAPERR), fault addr 0x616f6c5f600a40
02-12 14:12:05.027   680   680 F DEBUG   :     x0  0000006f64bbeb08  x1  64616f6c5f746c75  x2  0000006f64ae9800  x3  0000000000000000
02-12 14:12:05.027   680   680 F DEBUG   :     x4  0000000000000065  x5  0000006f7c200958  x6  0000000000000000  x7  0000000000000000
02-12 14:12:05.027   680   680 F DEBUG   :     x8  64616f6c5f6009c8  x9  0000000000000139  x10 0000000000000146  x11 0000000000000001
02-12 14:12:05.027   680   680 F DEBUG   :     x12 0000000000000000  x13 0000000001000000  x14 0000000000000000  x15 0000000000000000
02-12 14:12:05.027   680   680 F DEBUG   :     x16 00000070009dca30  x17 00000070009d0f80  x18 0000006f03c1e000  x19 0000006f64ae9800
02-12 14:12:05.027   680   680 F DEBUG   :     x20 0000006f64bbeb08  x21 64616f6c5f746c75  x22 0000000000000000  x23 00000070009e6e90
02-12 14:12:05.027   680   680 F DEBUG   :     x24 0000000000000000  x25 0000006f04487020  x26 0000006f64ac84b0  x27 0000000000000000
02-12 14:12:05.027   680   680 F DEBUG   :     x28 0000006f04485fe0  x29 0000006f04485eb0
02-12 14:12:05.027   680   680 F DEBUG   :     sp  0000006f04485e80  lr  000000700095d484  pc  000000700095cf1c
02-12 14:12:07.268   746  1179 F libc    : Fatal signal 11 (SIGSEGV), code 1 (SEGV_MAPERR), fault addr 0x616f6c5f600a40 in tid 1179 (Thread-3), pid 746 (huawei.hiaidemo)

02-12 14:12:04.981   496   627 F libc    : Fatal signal 11 (SIGSEGV), code 1 (SEGV_MAPERR), fault addr 0x616f6c5f600a40 in tid 627 (Thread-3), pid 496 (huawei.hiaidemo)
02-12 14:12:05.027   680   680 F DEBUG   : *** *** *** *** *** *** *** *** *** *** *** *** *** *** *** ***
02-12 14:12:05.027   680   680 F DEBUG   : Build fingerprint: 'HUAWEI/MRX-AN19/HWMRX:10/HUAWEIMRX-AN19/102.0.0.221C00:user/release-keys'
02-12 14:12:05.027   680   680 F DEBUG   : Revision: '0'
02-12 14:12:05.027   680   680 F DEBUG   : ABI: 'arm64'
02-12 14:12:05.027   680   680 F DEBUG   : Timestamp: 2022-02-12 14:12:05+0800
02-12 14:12:05.027   680   680 F DEBUG   : pid: 496, tid: 627, name: Thread-3  >>> com.huawei.hiaidemo <<<
02-12 14:12:05.027   680   680 F DEBUG   : uid: 10628
02-12 14:12:05.027   680   680 F DEBUG   : signal 11 (SIGSEGV), code 1 (SEGV_MAPERR), fault addr 0x616f6c5f600a40
02-12 14:12:05.027   680   680 F DEBUG   :     x0  0000006f64bbeb08  x1  64616f6c5f746c75  x2  0000006f64ae9800  x3  0000000000000000
02-12 14:12:05.027   680   680 F DEBUG   :     x4  0000000000000065  x5  0000006f7c200958  x6  0000000000000000  x7  0000000000000000
02-12 14:12:05.027   680   680 F DEBUG   :     x8  64616f6c5f6009c8  x9  0000000000000139  x10 0000000000000146  x11 0000000000000001
02-12 14:12:05.027   680   680 F DEBUG   :     x12 0000000000000000  x13 0000000001000000  x14 0000000000000000  x15 0000000000000000
02-12 14:12:05.027   680   680 F DEBUG   :     x16 00000070009dca30  x17 00000070009d0f80  x18 0000006f03c1e000  x19 0000006f64ae9800
02-12 14:12:05.027   680   680 F DEBUG   :     x20 0000006f64bbeb08  x21 64616f6c5f746c75  x22 0000000000000000  x23 00000070009e6e90
02-12 14:12:05.027   680   680 F DEBUG   :     x24 0000000000000000  x25 0000006f04487020  x26 0000006f64ac84b0  x27 0000000000000000
02-12 14:12:05.027   680   680 F DEBUG   :     x28 0000006f04485fe0  x29 0000006f04485eb0
02-12 14:12:05.027   680   680 F DEBUG   :     sp  0000006f04485e80  lr  000000700095d484  pc  000000700095cf1c
02-12 14:12:07.268   746  1179 F libc    : Fatal signal 11 (SIGSEGV), code 1 (SEGV_MAPERR), fault addr 0x616f6c5f600a40 in tid 1179 (Thread-3), pid 746 (huawei.hiaidemo)
02-12 14:12:07.315  1304  1304 F DEBUG   : *** *** *** *** *** *** *** *** *** *** *** *** *** *** *** ***
02-12 14:12:07.315  1304  1304 F DEBUG   : Build fingerprint: 'HUAWEI/MRX-AN19/HWMRX:10/HUAWEIMRX-AN19/102.0.0.221C00:user/release-keys'
02-12 14:12:07.315  1304  1304 F DEBUG   : Revision: '0'
02-12 14:12:07.315  1304  1304 F DEBUG   : ABI: 'arm64'
02-12 14:12:07.315  1304  1304 F DEBUG   : Timestamp: 2022-02-12 14:12:07+0800
02-12 14:12:07.315  1304  1304 F DEBUG   : pid: 746, tid: 1179, name: Thread-3  >>> com.huawei.hiaidemo <<<
02-12 14:12:07.316  1304  1304 F DEBUG   : uid: 10628
02-12 14:12:07.316  1304  1304 F DEBUG   : signal 11 (SIGSEGV), code 1 (SEGV_MAPERR), fault addr 0x616f6c5f600a40
02-12 14:12:07.316  1304  1304 F DEBUG   :     x0  0000006f7c07db08  x1  64616f6c5f746c75  x2  0000006f64abdc00  x3  0000000000000000
02-12 14:12:07.316  1304  1304 F DEBUG   :     x4  0000000000000073  x5  0000006f7c200958  x6  0000000000000000  x7  0000000000000000
02-12 14:12:07.316  1304  1304 F DEBUG   :     x8  64616f6c5f6009c8  x9  0000000000000139  x10 0000000000000146  x11 0000000000000001
02-12 14:12:07.316  1304  1304 F DEBUG   :     x12 0000000000000000  x13 0000000001000000  x14 0000000000000000  x15 0000000000000000
02-12 14:12:07.316  1304  1304 F DEBUG   :     x16 00000070009dca30  x17 00000070009d0f80  x18 0000006f04276000  x19 0000006f64abdc00
02-12 14:12:07.316  1304  1304 F DEBUG   :     x20 0000006f7c07db08  x21 64616f6c5f746c75  x22 0000000000000000  x23 00000070009e6e90
02-12 14:12:07.316  1304  1304 F DEBUG   :     x24 0000000000000000  x25 0000006f0447f020  x26 0000006f64aba4b0  x27 0000000000000000
02-12 14:12:07.316  1304  1304 F DEBUG   :     x28 0000006f0447dfe0  x29 0000006f0447deb0
02-12 14:12:07.316  1304  1304 F DEBUG   :     sp  0000006f0447de80  lr  000000700095d484  pc  000000700095cf1c

02-12 14:12:07.268   746  1179 F libc    : Fatal signal 11 (SIGSEGV), code 1 (SEGV_MAPERR), fault addr 0x616f6c5f600a40 in tid 1179 (Thread-3), pid 746 (huawei.hiaidemo)
02-12 14:12:07.315  1304  1304 F DEBUG   : *** *** *** *** *** *** *** *** *** *** *** *** *** *** *** ***
02-12 14:12:07.315  1304  1304 F DEBUG   : Build fingerprint: 'HUAWEI/MRX-AN19/HWMRX:10/HUAWEIMRX-AN19/102.0.0.221C00:user/release-keys'
02-12 14:12:07.315  1304  1304 F DEBUG   : Revision: '0'
02-12 14:12:07.315  1304  1304 F DEBUG   : ABI: 'arm64'
02-12 14:12:07.315  1304  1304 F DEBUG   : Timestamp: 2022-02-12 14:12:07+0800
02-12 14:12:07.315  1304  1304 F DEBUG   : pid: 746, tid: 1179, name: Thread-3  >>> com.huawei.hiaidemo <<<
02-12 14:12:07.316  1304  1304 F DEBUG   : uid: 10628
02-12 14:12:07.316  1304  1304 F DEBUG   : signal 11 (SIGSEGV), code 1 (SEGV_MAPERR), fault addr 0x616f6c5f600a40
02-12 14:12:07.316  1304  1304 F DEBUG   :     x0  0000006f7c07db08  x1  64616f6c5f746c75  x2  0000006f64abdc00  x3  0000000000000000
02-12 14:12:07.316  1304  1304 F DEBUG   :     x4  0000000000000073  x5  0000006f7c200958  x6  0000000000000000  x7  0000000000000000
02-12 14:12:07.316  1304  1304 F DEBUG   :     x8  64616f6c5f6009c8  x9  0000000000000139  x10 0000000000000146  x11 0000000000000001
02-12 14:12:07.316  1304  1304 F DEBUG   :     x12 0000000000000000  x13 0000000001000000  x14 0000000000000000  x15 0000000000000000
02-12 14:12:07.316  1304  1304 F DEBUG   :     x16 00000070009dca30  x17 00000070009d0f80  x18 0000006f04276000  x19 0000006f64abdc00
02-12 14:12:07.316  1304  1304 F DEBUG   :     x20 0000006f7c07db08  x21 64616f6c5f746c75  x22 0000000000000000  x23 00000070009e6e90
02-12 14:12:07.316  1304  1304 F DEBUG   :     x24 0000000000000000  x25 0000006f0447f020  x26 0000006f64aba4b0  x27 0000000000000000
02-12 14:12:07.316  1304  1304 F DEBUG   :     x28 0000006f0447dfe0  x29 0000006f0447deb0
02-12 14:12:07.316  1304  1304 F DEBUG   :     sp  0000006f0447de80  lr  000000700095d484  pc  000000700095cf1c

02-12 14:12:07.268   746  1179 F libc    : Fatal signal 11 (SIGSEGV), code 1 (SEGV_MAPERR), fault addr 0x616f6c5f600a40 in tid 1179 (Thread-3), pid 746 (huawei.hiaidemo)
02-12 14:12:07.315  1304  1304 F DEBUG   : *** *** *** *** *** *** *** *** *** *** *** *** *** *** *** ***
02-12 14:12:07.315  1304  1304 F DEBUG   : Build fingerprint: 'HUAWEI/MRX-AN19/HWMRX:10/HUAWEIMRX-AN19/102.0.0.221C00:user/release-keys'
02-12 14:12:07.315  1304  1304 F DEBUG   : Revision: '0'
02-12 14:12:07.315  1304  1304 F DEBUG   : ABI: 'arm64'
02-12 14:12:07.315  1304  1304 F DEBUG   : Timestamp: 2022-02-12 14:12:07+0800
02-12 14:12:07.315  1304  1304 F DEBUG   : pid: 746, tid: 1179, name: Thread-3  >>> com.huawei.hiaidemo <<<
02-12 14:12:07.316  1304  1304 F DEBUG   : uid: 10628
02-12 14:12:07.316  1304  1304 F DEBUG   : signal 11 (SIGSEGV), code 1 (SEGV_MAPERR), fault addr 0x616f6c5f600a40
02-12 14:12:07.316  1304  1304 F DEBUG   :     x0  0000006f7c07db08  x1  64616f6c5f746c75  x2  0000006f64abdc00  x3  0000000000000000
02-12 14:12:07.316  1304  1304 F DEBUG   :     x4  0000000000000073  x5  0000006f7c200958  x6  0000000000000000  x7  0000000000000000
02-12 14:12:07.316  1304  1304 F DEBUG   :     x8  64616f6c5f6009c8  x9  0000000000000139  x10 0000000000000146  x11 0000000000000001
02-12 14:12:07.316  1304  1304 F DEBUG   :     x12 0000000000000000  x13 0000000001000000  x14 0000000000000000  x15 0000000000000000
02-12 14:12:07.316  1304  1304 F DEBUG   :     x16 00000070009dca30  x17 00000070009d0f80  x18 0000006f04276000  x19 0000006f64abdc00
02-12 14:12:07.316  1304  1304 F DEBUG   :     x20 0000006f7c07db08  x21 64616f6c5f746c75  x22 0000000000000000  x23 00000070009e6e90
02-12 14:12:07.316  1304  1304 F DEBUG   :     x24 0000000000000000  x25 0000006f0447f020  x26 0000006f64aba4b0  x27 0000000000000000
02-12 14:12:07.316  1304  1304 F DEBUG   :     x28 0000006f0447dfe0  x29 0000006f0447deb0
02-12 14:12:07.316  1304  1304 F DEBUG   :     sp  0000006f0447de80  lr  000000700095d484  pc  000000700095cf1c

---------- crash reason: Error: access violation accessing 0x616f6c5f600a40, offset: 15252 (0x3b94), original value: 0x6769726f, new value: 0xffffffff ----------
02-12 14:12:07.268   746  1179 F libc    : Fatal signal 11 (SIGSEGV), code 1 (SEGV_MAPERR), fault addr 0x616f6c5f600a40 in tid 1179 (Thread-3), pid 746 (huawei.hiaidemo)
02-12 14:12:07.315  1304  1304 F DEBUG   : *** *** *** *** *** *** *** *** *** *** *** *** *** *** *** ***
02-12 14:12:07.315  1304  1304 F DEBUG   : Build fingerprint: 'HUAWEI/MRX-AN19/HWMRX:10/HUAWEIMRX-AN19/102.0.0.221C00:user/release-keys'
02-12 14:12:07.315  1304  1304 F DEBUG   : Revision: '0'
02-12 14:12:07.315  1304  1304 F DEBUG   : ABI: 'arm64'
02-12 14:12:07.315  1304  1304 F DEBUG   : Timestamp: 2022-02-12 14:12:07+0800
02-12 14:12:07.315  1304  1304 F DEBUG   : pid: 746, tid: 1179, name: Thread-3  >>> com.huawei.hiaidemo <<<
02-12 14:12:07.316  1304  1304 F DEBUG   : uid: 10628
02-12 14:12:07.316  1304  1304 F DEBUG   : signal 11 (SIGSEGV), code 1 (SEGV_MAPERR), fault addr 0x616f6c5f600a40
02-12 14:12:07.316  1304  1304 F DEBUG   :     x0  0000006f7c07db08  x1  64616f6c5f746c75  x2  0000006f64abdc00  x3  0000000000000000
02-12 14:12:07.316  1304  1304 F DEBUG   :     x4  0000000000000073  x5  0000006f7c200958  x6  0000000000000000  x7  0000000000000000
02-12 14:12:07.316  1304  1304 F DEBUG   :     x8  64616f6c5f6009c8  x9  0000000000000139  x10 0000000000000146  x11 0000000000000001
02-12 14:12:07.316  1304  1304 F DEBUG   :     x12 0000000000000000  x13 0000000001000000  x14 0000000000000000  x15 0000000000000000
02-12 14:12:07.316  1304  1304 F DEBUG   :     x16 00000070009dca30  x17 00000070009d0f80  x18 0000006f04276000  x19 0000006f64abdc00
02-12 14:12:07.316  1304  1304 F DEBUG   :     x20 0000006f7c07db08  x21 64616f6c5f746c75  x22 0000000000000000  x23 00000070009e6e90
02-12 14:12:07.316  1304  1304 F DEBUG   :     x24 0000000000000000  x25 0000006f0447f020  x26 0000006f64aba4b0  x27 0000000000000000
02-12 14:12:07.316  1304  1304 F DEBUG   :     x28 0000006f0447dfe0  x29 0000006f0447deb0
02-12 14:12:07.316  1304  1304 F DEBUG   :     sp  0000006f0447de80  lr  000000700095d484  pc  000000700095cf1c
02-12 14:12:09.737  1333  1375 F libc    : Fatal signal 11 (SIGSEGV), code 1 (SEGV_MAPERR), fault addr 0x616f6c5f600a40 in tid 1375 (Thread-3), pid 1333 (huawei.hiaidemo)

02-12 14:12:07.268   746  1179 F libc    : Fatal signal 11 (SIGSEGV), code 1 (SEGV_MAPERR), fault addr 0x616f6c5f600a40 in tid 1179 (Thread-3), pid 746 (huawei.hiaidemo)
02-12 14:12:07.315  1304  1304 F DEBUG   : *** *** *** *** *** *** *** *** *** *** *** *** *** *** *** ***
02-12 14:12:07.315  1304  1304 F DEBUG   : Build fingerprint: 'HUAWEI/MRX-AN19/HWMRX:10/HUAWEIMRX-AN19/102.0.0.221C00:user/release-keys'
02-12 14:12:07.315  1304  1304 F DEBUG   : Revision: '0'
02-12 14:12:07.315  1304  1304 F DEBUG   : ABI: 'arm64'
02-12 14:12:07.315  1304  1304 F DEBUG   : Timestamp: 2022-02-12 14:12:07+0800
02-12 14:12:07.315  1304  1304 F DEBUG   : pid: 746, tid: 1179, name: Thread-3  >>> com.huawei.hiaidemo <<<
02-12 14:12:07.316  1304  1304 F DEBUG   : uid: 10628
02-12 14:12:07.316  1304  1304 F DEBUG   : signal 11 (SIGSEGV), code 1 (SEGV_MAPERR), fault addr 0x616f6c5f600a40
02-12 14:12:07.316  1304  1304 F DEBUG   :     x0  0000006f7c07db08  x1  64616f6c5f746c75  x2  0000006f64abdc00  x3  0000000000000000
02-12 14:12:07.316  1304  1304 F DEBUG   :     x4  0000000000000073  x5  0000006f7c200958  x6  0000000000000000  x7  0000000000000000
02-12 14:12:07.316  1304  1304 F DEBUG   :     x8  64616f6c5f6009c8  x9  0000000000000139  x10 0000000000000146  x11 0000000000000001
02-12 14:12:07.316  1304  1304 F DEBUG   :     x12 0000000000000000  x13 0000000001000000  x14 0000000000000000  x15 0000000000000000
02-12 14:12:07.316  1304  1304 F DEBUG   :     x16 00000070009dca30  x17 00000070009d0f80  x18 0000006f04276000  x19 0000006f64abdc00
02-12 14:12:07.316  1304  1304 F DEBUG   :     x20 0000006f7c07db08  x21 64616f6c5f746c75  x22 0000000000000000  x23 00000070009e6e90
02-12 14:12:07.316  1304  1304 F DEBUG   :     x24 0000000000000000  x25 0000006f0447f020  x26 0000006f64aba4b0  x27 0000000000000000
02-12 14:12:07.316  1304  1304 F DEBUG   :     x28 0000006f0447dfe0  x29 0000006f0447deb0
02-12 14:12:07.316  1304  1304 F DEBUG   :     sp  0000006f0447de80  lr  000000700095d484  pc  000000700095cf1c
02-12 14:12:09.737  1333  1375 F libc    : Fatal signal 11 (SIGSEGV), code 1 (SEGV_MAPERR), fault addr 0x616f6c5f600a40 in tid 1375 (Thread-3), pid 1333 (huawei.hiaidemo)
02-12 14:12:09.776  1474  1474 F DEBUG   : *** *** *** *** *** *** *** *** *** *** *** *** *** *** *** ***
02-12 14:12:09.776  1474  1474 F DEBUG   : Build fingerprint: 'HUAWEI/MRX-AN19/HWMRX:10/HUAWEIMRX-AN19/102.0.0.221C00:user/release-keys'
02-12 14:12:09.776  1474  1474 F DEBUG   : Revision: '0'
02-12 14:12:09.776  1474  1474 F DEBUG   : ABI: 'arm64'
02-12 14:12:09.776  1474  1474 F DEBUG   : Timestamp: 2022-02-12 14:12:09+0800
02-12 14:12:09.776  1474  1474 F DEBUG   : pid: 1333, tid: 1375, name: Thread-3  >>> com.huawei.hiaidemo <<<
02-12 14:12:09.776  1474  1474 F DEBUG   : uid: 10628
02-12 14:12:09.776  1474  1474 F DEBUG   : signal 11 (SIGSEGV), code 1 (SEGV_MAPERR), fault addr 0x616f6c5f600a40
02-12 14:12:09.776  1474  1474 F DEBUG   :     x0  0000006f64bc3b08  x1  64616f6c5f746c75  x2  0000006f7c144000  x3  0000000000000000
02-12 14:12:09.776  1474  1474 F DEBUG   :     x4  000000000000004d  x5  0000006f7c200958  x6  0000000000000000  x7  0000000000000000
02-12 14:12:09.776  1474  1474 F DEBUG   :     x8  64616f6c5f6009c8  x9  0000000000000139  x10 0000000000000146  x11 0000000000000001
02-12 14:12:09.776  1474  1474 F DEBUG   :     x12 0000000000000000  x13 0000000001000000  x14 0000000000000000  x15 0000000000000000
02-12 14:12:09.776  1474  1474 F DEBUG   :     x16 00000070009dca30  x17 00000070009d0f80  x18 0000006f04022000  x19 0000006f7c144000
02-12 14:12:09.776  1474  1474 F DEBUG   :     x20 0000006f64bc3b08  x21 64616f6c5f746c75  x22 0000000000000000  x23 00000070009e6e90
02-12 14:12:09.776  1474  1474 F DEBUG   :     x24 0000000000000000  x25 0000006f04466020  x26 0000006f7c1fb4b0  x27 0000000000000000
02-12 14:12:09.776  1474  1474 F DEBUG   :     x28 0000006f04464fe0  x29 0000006f04464eb0
02-12 14:12:09.776  1474  1474 F DEBUG   :     sp  0000006f04464e80  lr  000000700095d484  pc  000000700095cf1c
02-12 14:12:09.860  1474  1474 F DEBUG   : 
02-12 14:12:09.860  1474  1474 F DEBUG   : backtrace:
02-12 14:12:09.861  1474  1474 F DEBUG   :       #00 pc 000000000005bf1c  /apex/com.android.runtime/lib64/bionic/libc.so (ifree+88) (BuildId: b91c775ccc9b0556e91bc575a2511cd0)
02-12 14:12:09.861  1474  1474 F DEBUG   :       #01 pc 000000000005c480  /apex/com.android.runtime/lib64/bionic/libc.so (je_free+120) (BuildId: b91c775ccc9b0556e91bc575a2511cd0)
02-12 14:12:09.861  1474  1474 F DEBUG   :       #02 pc 00000000000f791c  /data/app/com.huawei.hiaidemo-yzagFPqymPCo3PgWsIlfRw==/base.apk!libhiai.so (offset 0xf55000) (HIAI_MixModel_ReleaseModelTensorInfo+28) (BuildId: f97bec250751b73d3eb6d739cdcedfe9e080fe1a)
02-12 14:12:09.861  1474  1474 F DEBUG   :       #03 pc 00000000000103e8  /data/app/com.huawei.hiaidemo-yzagFPqymPCo3PgWsIlfRw==/base.apk!libhiaijni.so (offset 0x54c000) (Java_com_huawei_hiaidemo_utils_ModelManager_unloadModelSync+244) (BuildId: ac91c9b68ceacb6c15a638edcd84c595fc1c9973)
02-12 14:12:09.861  1474  1474 F DEBUG   :       #04 pc 0000000000150350  /apex/com.android.runtime/lib64/libart.so (art_quick_generic_jni_trampoline+144) (BuildId: 691979e9d66dfedf3fd32d27da323a02)
02-12 14:12:09.861  1474  1474 F DEBUG   :       #05 pc 00000000001475b8  /apex/com.android.runtime/lib64/libart.so (art_quick_invoke_static_stub+568) (BuildId: 691979e9d66dfedf3fd32d27da323a02)
02-12 14:12:09.861  1474  1474 F DEBUG   :       #06 pc 00000000001561d4  /apex/com.android.runtime/lib64/libart.so!libart.so (offset 0x156000) (art::ArtMethod::Invoke(art::Thread*, unsigned int*, unsigned int, art::JValue*, char const*)+284) (BuildId: 691979e9d66dfedf3fd32d27da323a02)
02-12 14:12:09.861  1474  1474 F DEBUG   :       #07 pc 00000000002fd900  /apex/com.android.runtime/lib64/libart.so!libart.so (offset 0x157000) (art::interpreter::ArtInterpreterToCompiledCodeBridge(art::Thread*, art::ArtMethod*, art::ShadowFrame*, unsigned short, art::JValue*)+384) (BuildId: 691979e9d66dfedf3fd32d27da323a02)
02-12 14:12:09.861  1474  1474 F DEBUG   :       #08 pc 00000000002f8bd0  /apex/com.android.runtime/lib64/libart.so!libart.so (offset 0x157000) (bool art::interpreter::DoCall<false, false>(art::ArtMethod*, art::Thread*, art::ShadowFrame&, art::Instruction const*, unsigned short, art::JValue*)+912) (BuildId: 691979e9d66dfedf3fd32d27da323a02)
02-12 14:12:09.861  1474  1474 F DEBUG   :       #09 pc 00000000005ce108  /apex/com.android.runtime/lib64/libart.so!libart.so (offset 0x3a1000) (MterpInvokeStatic+368) (BuildId: 691979e9d66dfedf3fd32d27da323a02)
02-12 14:12:09.861  1474  1474 F DEBUG   :       #10 pc 0000000000141994  /apex/com.android.runtime/lib64/libart.so (mterp_op_invoke_static+20) (BuildId: 691979e9d66dfedf3fd32d27da323a02)
02-12 14:12:09.861  1474  1474 F DEBUG   :       #11 pc 00000000000123d2  [anon:dalvik-classes2.dex extracted in memory from /data/app/com.huawei.hiaidemo-yzagFPqymPCo3PgWsIlfRw==/base.apk!classes2.dex] (com.huawei.hiaidemo.view.ClassifyActivity$2.run+298)
02-12 14:12:09.861  1474  1474 F DEBUG   :       #12 pc 00000000005cd060  /apex/com.android.runtime/lib64/libart.so!libart.so (offset 0x3a1000) (MterpInvokeInterface+1752) (BuildId: 691979e9d66dfedf3fd32d27da323a02)
02-12 14:12:09.861  1474  1474 F DEBUG   :       #13 pc 0000000000141a14  /apex/com.android.runtime/lib64/libart.so (mterp_op_invoke_interface+20) (BuildId: 691979e9d66dfedf3fd32d27da323a02)
02-12 14:12:09.861  1474  1474 F DEBUG   :       #14 pc 00000000000eabdc  /apex/com.android.runtime/javalib/core-oj.jar (java.lang.Thread.run+8)
02-12 14:12:09.861  1474  1474 F DEBUG   :       #15 pc 00000000002ce22c  /apex/com.android.runtime/lib64/libart.so!libart.so (offset 0x157000) (_ZN3art11interpreterL7ExecuteEPNS_6ThreadERKNS_20CodeItemDataAccessorERNS_11ShadowFrameENS_6JValueEbb.llvm.10887373532384510885+320) (BuildId: 691979e9d66dfedf3fd32d27da323a02)
02-12 14:12:09.861  1474  1474 F DEBUG   :       #16 pc 00000000005bc090  /apex/com.android.runtime/lib64/libart.so!libart.so (offset 0x3a1000) (artQuickToInterpreterBridge+1012) (BuildId: 691979e9d66dfedf3fd32d27da323a02)
02-12 14:12:09.861  1474  1474 F DEBUG   :       #17 pc 0000000000150468  /apex/com.android.runtime/lib64/libart.so (art_quick_to_interpreter_bridge+88) (BuildId: 691979e9d66dfedf3fd32d27da323a02)
02-12 14:12:09.861  1474  1474 F DEBUG   :       #18 pc 0000000000147334  /apex/com.android.runtime/lib64/libart.so (art_quick_invoke_stub+548) (BuildId: 691979e9d66dfedf3fd32d27da323a02)
02-12 14:12:09.861  1474  1474 F DEBUG   :       #19 pc 00000000001561b4  /apex/com.android.runtime/lib64/libart.so!libart.so (offset 0x156000) (art::ArtMethod::Invoke(art::Thread*, unsigned int*, unsigned int, art::JValue*, char const*)+252) (BuildId: 691979e9d66dfedf3fd32d27da323a02)
02-12 14:12:09.861  1474  1474 F DEBUG   :       #20 pc 00000000004d8820  /apex/com.android.runtime/lib64/libart.so!libart.so (offset 0x3a1000) (art::(anonymous namespace)::InvokeWithArgArray(art::ScopedObjectAccessAlreadyRunnable const&, art::ArtMethod*, art::(anonymous namespace)::ArgArray*, art::JValue*, char const*)+104) (BuildId: 691979e9d66dfedf3fd32d27da323a02)
02-12 14:12:09.861  1474  1474 F DEBUG   :       #21 pc 00000000004d98b4  /apex/com.android.runtime/lib64/libart.so!libart.so (offset 0x3a1000) (art::InvokeVirtualOrInterfaceWithJValues(art::ScopedObjectAccessAlreadyRunnable const&, _jobject*, _jmethodID*, jvalue const*)+416) (BuildId: 691979e9d66dfedf3fd32d27da323a02)
02-12 14:12:09.861  1474  1474 F DEBUG   :       #22 pc 000000000051ca8c  /apex/com.android.runtime/lib64/libart.so!libart.so (offset 0x3a1000) (art::Thread::CreateCallback(void*)+1232) (BuildId: 691979e9d66dfedf3fd32d27da323a02)
