---------- crash reason: Error: access violation accessing 0x616f6c5f600a40, offset: 76 (0x4c), original value: 0x66941, new value: -0x66942 ----------
---------- crash reason: Error: access violation accessing 0x616f6c5f600a40, offset: 256 (0x100), original value: 0x1, new value: -0x2 ----------
---------- crash reason: Error: access violation accessing 0x616f6c5f600a40, offset: 260 (0x104), original value: 0x0, new value: 0xffffffff ----------
---------- crash reason: Error: abort was called, offset: 268 (0x10c), original value: 0x66931, new value: -0x66932 ----------
---------- crash reason: Error: access violation accessing 0x616f6c5f600a40, offset: 276 (0x114), original value: 0x5f363273, new value: 0xffffffff ----------
---------- crash reason: Error: access violation accessing 0x616f6c5f600a40, offset: 280 (0x118), original value: 0x5f647373, new value: 0xffffffff ----------
---------- crash reason: Error: access violation accessing 0x616f6c5f600a40, offset: 284 (0x11c), original value: 0x69617274, new value: 0xffffffff ----------
---------- crash reason: Error: access violation accessing 0x616f6c5f600a40, offset: 296 (0x128), original value: 0x2e7a2e31, new value: 0xffffffff ----------
---------- crash reason: Error: access violation accessing 0x616f6c5f600a40, offset: 308 (0x134), original value: 0x36327365, new value: 0xffffffff ----------
---------- crash reason: Error: access violation accessing 0x616f6c5f600a40, offset: 312 (0x138), original value: 0x6473735f, new value: 0xffffffff ----------
---------- crash reason: Error: access violation accessing 0x616f6c5f600a40, offset: 316 (0x13c), original value: 0x6172745f, new value: 0xffffffff ----------
---------- crash reason: Error: access violation accessing 0x616f6c5f600a40, offset: 340 (0x154), original value: 0x3a747570, new value: 0xffffffff ----------
---------- crash reason: Error: access violation accessing 0x616f6c5f600a40, offset: 364 (0x16c), original value: 0x6164090a, new value: 0x0 ----------
---------- crash reason: Error: access violation accessing 0x616f6c5f600a40, offset: 368 (0x170), original value: 0x745f6174, new value: 0xffffffff ----------
---------- crash reason: Error: access violation accessing 0x616f6c5f600a40, offset: 384 (0x180), original value: 0x7265666e, new value: 0xffffffff ----------
---------- crash reason: Error: access violation accessing 0x616f6c5f600a40, offset: 388 (0x184), original value: 0x5f646572, new value: 0xffffffff ----------
---------- crash reason: Error: access violation accessing 0x616f6c5f600a40, offset: 392 (0x188), original value: 0x6d726f66, new value: 0xffffffff ----------
---------- crash reason: Error: access violation accessing 0x616f6c5f600a40, offset: 404 (0x194), original value: 0x6576070a, new value: 0x0 ----------
---------- crash reason: Error: access violation accessing 0x616f6c5f600a40, offset: 408 (0x198), original value: 0x6f697372, new value: 0xffffffff ----------
---------- crash reason: Error: access violation accessing 0x616f6c5f600a40, offset: 432 (0x1b0), original value: 0xe0030106, new value: 0x0 ----------
---------- crash reason: Error: access violation accessing 0x616f6c5f600a40, offset: 560 (0x230), original value: 0x5748434e, new value: 0xffffffff ----------
---------- crash reason: Error: access violation accessing 0x6c696166200040, offset: 700 (0x2bc), original value: 0x1c523f0c, new value: -0x1c523f0d ----------
---------- crash reason: Error: access violation accessing 0x616f6c5f600a40, offset: 708 (0x2c4), original value: 0x6e696769, new value: 0xffffffff ----------
---------- crash reason: Error: access violation accessing 0x616f6c5f600a40, offset: 712 (0x2c8), original value: 0x6f5f6c61, new value: 0xffffffff ----------
---------- crash reason: Error: access violation accessing 0x616f6c5f600a40, offset: 716 (0x2cc), original value: 0x616e5f70, new value: 0xffffffff ----------
---------- crash reason: Error: access violation accessing 0x6c696166200040, offset: 724 (0x2d4), original value: 0x12050a07, new value: 0x0 ----------
---------- crash reason: Error: abort was called, offset: 748 (0x2ec), original value: 0x1012001, new value: 0xffffffff ----------
---------- crash reason: Error: access violation accessing 0x616f6c5f600a40, offset: 752 (0x2f0), original value: 0x434e0422, new value: -0x434e0423 ----------
---------- crash reason: Error: access violation accessing 0x616f6c5f600a40, offset: 976 (0x3d0), original value: 0x110a1c52, new value: -0x110a1c53 ----------
---------- crash reason: Error: access violation accessing 0x616f6c5f600a40, offset: 980 (0x3d4), original value: 0x6769726f, new value: 0xffffffff ----------
---------- crash reason: Error: access violation accessing 0x616f6c5f600a40, offset: 984 (0x3d8), original value: 0x6c616e69, new value: 0xffffffff ----------
---------- crash reason: Error: access violation accessing 0x616f6c5f600a40, offset: 988 (0x3dc), original value: 0x5f706f5f, new value: 0xffffffff ----------
---------- crash reason: Error: access violation accessing 0x616f6c5f600a40, offset: 992 (0x3e0), original value: 0x656d616e, new value: 0xffffffff ----------
---------- crash reason: Error: access violation accessing 0x6c696166200040, offset: 1000 (0x3e8), original value: 0xa0001205, new value: 0x5fffedfa ----------
---------- crash reason: Error: access violation accessing 0x616f6c5f600a40, offset: 1008 (0x3f0), original value: 0x9401a801, new value: 0x41414141 ----------
---------- crash reason: Error: access violation accessing 0x6c696166200040, offset: 1020 (0x3fc), original value: 0x2001040a, new value: -0x2001040b ----------
---------- crash reason: Error: access violation accessing 0x616f6c5f600a40, offset: 1028 (0x404), original value: 0x5748434e, new value: 0xffffffff ----------
---------- crash reason: Error: access violation accessing 0x616f6c5f600a40, offset: 1108 (0x454), original value: 0x5748434e, new value: 0xffffffff ----------
---------- crash reason: Error: access violation accessing 0x6c696166200040, offset: 1248 (0x4e0), original value: 0x1c523fa1, new value: -0x1c523fa2 ----------
---------- crash reason: Error: access violation accessing 0x616f6c5f600a40, offset: 1256 (0x4e8), original value: 0x6e696769, new value: 0xffffffff ----------
---------- crash reason: Error: access violation accessing 0x616f6c5f600a40, offset: 1260 (0x4ec), original value: 0x6f5f6c61, new value: 0xffffffff ----------
---------- crash reason: Error: access violation accessing 0x616f6c5f600a40, offset: 1264 (0x4f0), original value: 0x616e5f70, new value: 0xffffffff ----------
---------- crash reason: Error: access violation accessing 0x6d200042e10000, offset: 1272 (0x4f8), original value: 0x12050a07, new value: 0xffffffff ----------
---------- crash reason: Error: access violation accessing 0x6c696166200040, offset: 1296 (0x510), original value: 0x1012001, new value: 0xffffffff ----------
---------- crash reason: Error: access violation accessing 0x6e800a40, offset: 1524 (0x5f4), original value: 0x110a1c52, new value: -0x110a1c53 ----------
---------- crash reason: Error: access violation accessing 0x616f6c5f600a40, offset: 1528 (0x5f8), original value: 0x6769726f, new value: 0xffffffff ----------
---------- crash reason: Error: access violation accessing 0x616f6c5f600a40, offset: 1532 (0x5fc), original value: 0x6c616e69, new value: 0xffffffff ----------
---------- crash reason: Error: access violation accessing 0x616f6c5f600a40, offset: 1536 (0x600), original value: 0x5f706f5f, new value: 0xffffffff ----------
---------- crash reason: Error: access violation accessing 0x616f6c5f600a40, offset: 1540 (0x604), original value: 0x656d616e, new value: 0xffffffff ----------
---------- crash reason: Error: access violation accessing 0x6c696166200040, offset: 1548 (0x60c), original value: 0xa0001205, new value: 0x5fffedfa ----------
---------- crash reason: Error: access violation accessing 0x616f6c5f600a40, offset: 1556 (0x614), original value: 0x9201a801, new value: 0x41414141 ----------
---------- crash reason: Error: access violation accessing 0x616f6c5f600a40, offset: 1568 (0x620), original value: 0x2001040a, new value: -0x2001040b ----------
---------- crash reason: Error: access violation accessing 0x616f6c5f600a40, offset: 1576 (0x628), original value: 0x5748434e, new value: 0xffffffff ----------
---------- crash reason: Error: access violation accessing 0x616f6c5f600a40, offset: 1656 (0x678), original value: 0x5748434e, new value: 0xffffffff ----------
---------- crash reason: Error: access violation accessing 0x6c696166200040, offset: 1796 (0x704), original value: 0x1c523f37, new value: -0x1c523f38 ----------
---------- crash reason: Error: access violation accessing 0x616f6c5f600a40, offset: 1804 (0x70c), original value: 0x6e696769, new value: 0xffffffff ----------
---------- crash reason: Error: access violation accessing 0x616f6c5f600a40, offset: 1808 (0x710), original value: 0x6f5f6c61, new value: 0xffffffff ----------
---------- crash reason: Error: access violation accessing 0x616f6c5f600a40, offset: 1812 (0x714), original value: 0x616e5f70, new value: 0xffffffff ----------
---------- crash reason: Error: access violation accessing 0x6c696166200040, offset: 1820 (0x71c), original value: 0x12050a07, new value: 0x0 ----------
---------- crash reason: Error: access violation accessing 0x616f6c5f600a40, offset: 1844 (0x734), original value: 0x1012001, new value: 0xffffffff ----------
---------- crash reason: Error: access violation accessing 0x3c328, offset: 2072 (0x818), original value: 0x110a1c52, new value: -0x110a1c53 ----------
---------- crash reason: Error: access violation accessing 0x616f6c5f600a40, offset: 2076 (0x81c), original value: 0x6769726f, new value: 0xffffffff ----------
---------- crash reason: Error: access violation accessing 0x616f6c5f600a40, offset: 2080 (0x820), original value: 0x6c616e69, new value: 0xffffffff ----------
---------- crash reason: Error: access violation accessing 0x616f6c5f600a40, offset: 2084 (0x824), original value: 0x5f706f5f, new value: 0xffffffff ----------
---------- crash reason: Error: access violation accessing 0x616f6c5f600a40, offset: 2088 (0x828), original value: 0x656d616e, new value: 0xffffffff ----------
---------- crash reason: Error: access violation accessing 0x10, offset: 2096 (0x830), original value: 0xa0001205, new value: 0x5fffedfa ----------
---------- crash reason: Error: access violation accessing 0x616f6c5f600a40, offset: 2104 (0x838), original value: 0x9001a801, new value: 0x41414141 ----------
---------- crash reason: Error: access violation accessing 0x6c696166200040, offset: 2116 (0x844), original value: 0x2001040a, new value: -0x2001040b ----------
---------- crash reason: Error: access violation accessing 0x6c696166200040, offset: 2124 (0x84c), original value: 0x5748434e, new value: 0xffffffff ----------
---------- crash reason: Error: access violation accessing 0x616f6c5f600a40, offset: 2476 (0x9ac), original value: 0xa1c523e, new value: -0xa1c523f ----------
02-12 13:31:42.735 23915 23967 F libc    : Fatal signal 11 (SIGSEGV), code 1 (SEGV_MAPERR), fault addr 0x616f6c5f600a40 in tid 23967 (Thread-3), pid 23915 (huawei.hiaidemo)
02-12 13:31:42.794 25481 25481 F DEBUG   : *** *** *** *** *** *** *** *** *** *** *** *** *** *** *** ***
02-12 13:31:42.795 25481 25481 F DEBUG   : Build fingerprint: 'HUAWEI/MRX-AN19/HWMRX:10/HUAWEIMRX-AN19/102.0.0.221C00:user/release-keys'
02-12 13:31:42.795 25481 25481 F DEBUG   : Revision: '0'
02-12 13:31:42.795 25481 25481 F DEBUG   : ABI: 'arm64'
02-12 13:31:42.795 25481 25481 F DEBUG   : Timestamp: 2022-02-12 13:31:42+0800
02-12 13:31:42.795 25481 25481 F DEBUG   : pid: 23915, tid: 23967, name: Thread-3  >>> com.huawei.hiaidemo <<<
02-12 13:31:42.795 25481 25481 F DEBUG   : uid: 10628
02-12 13:31:42.795 25481 25481 F DEBUG   : signal 11 (SIGSEGV), code 1 (SEGV_MAPERR), fault addr 0x616f6c5f600a40
02-12 13:31:42.795 25481 25481 F DEBUG   :     x0  0000006f7c07ff08  x1  64616f6c5f746c75  x2  0000006f64abc000  x3  0000000000000000
02-12 13:31:42.795 25481 25481 F DEBUG   :     x4  00000000000000cb  x5  0000006f7c2008a8  x6  0000000000000000  x7  0000000000000000
02-12 13:31:42.795 25481 25481 F DEBUG   :     x8  64616f6c5f6009c8  x9  0000000000000139  x10 0000000000000146  x11 0000000000000001
02-12 13:31:42.795 25481 25481 F DEBUG   :     x12 0000006f03001010  x13 0000000001000000  x14 0000000000000000  x15 0000000000000000
02-12 13:31:42.795 25481 25481 F DEBUG   :     x16 00000070009dca30  x17 00000070009d0f80  x18 0000006f03a00000  x19 0000006f64abc000
02-12 13:31:42.795 25481 25481 F DEBUG   :     x20 0000006f7c07ff08  x21 64616f6c5f746c75  x22 0000000000000000  x23 00000070009e6e90
02-12 13:31:42.795 25481 25481 F DEBUG   :     x24 0000000000000000  x25 0000006f04482020  x26 0000006f64aba4b0  x27 0000000000000000
02-12 13:31:42.795 25481 25481 F DEBUG   :     x28 0000006f04480fe0  x29 0000006f04480eb0
02-12 13:31:42.795 25481 25481 F DEBUG   :     sp  0000006f04480e80  lr  000000700095d484  pc  000000700095cf1c

02-12 13:31:42.735 23915 23967 F libc    : Fatal signal 11 (SIGSEGV), code 1 (SEGV_MAPERR), fault addr 0x616f6c5f600a40 in tid 23967 (Thread-3), pid 23915 (huawei.hiaidemo)
02-12 13:31:42.794 25481 25481 F DEBUG   : *** *** *** *** *** *** *** *** *** *** *** *** *** *** *** ***
02-12 13:31:42.795 25481 25481 F DEBUG   : Build fingerprint: 'HUAWEI/MRX-AN19/HWMRX:10/HUAWEIMRX-AN19/102.0.0.221C00:user/release-keys'
02-12 13:31:42.795 25481 25481 F DEBUG   : Revision: '0'
02-12 13:31:42.795 25481 25481 F DEBUG   : ABI: 'arm64'
02-12 13:31:42.795 25481 25481 F DEBUG   : Timestamp: 2022-02-12 13:31:42+0800
02-12 13:31:42.795 25481 25481 F DEBUG   : pid: 23915, tid: 23967, name: Thread-3  >>> com.huawei.hiaidemo <<<
02-12 13:31:42.795 25481 25481 F DEBUG   : uid: 10628
02-12 13:31:42.795 25481 25481 F DEBUG   : signal 11 (SIGSEGV), code 1 (SEGV_MAPERR), fault addr 0x616f6c5f600a40
02-12 13:31:42.795 25481 25481 F DEBUG   :     x0  0000006f7c07ff08  x1  64616f6c5f746c75  x2  0000006f64abc000  x3  0000000000000000
02-12 13:31:42.795 25481 25481 F DEBUG   :     x4  00000000000000cb  x5  0000006f7c2008a8  x6  0000000000000000  x7  0000000000000000
02-12 13:31:42.795 25481 25481 F DEBUG   :     x8  64616f6c5f6009c8  x9  0000000000000139  x10 0000000000000146  x11 0000000000000001
02-12 13:31:42.795 25481 25481 F DEBUG   :     x12 0000006f03001010  x13 0000000001000000  x14 0000000000000000  x15 0000000000000000
02-12 13:31:42.795 25481 25481 F DEBUG   :     x16 00000070009dca30  x17 00000070009d0f80  x18 0000006f03a00000  x19 0000006f64abc000
02-12 13:31:42.795 25481 25481 F DEBUG   :     x20 0000006f7c07ff08  x21 64616f6c5f746c75  x22 0000000000000000  x23 00000070009e6e90
02-12 13:31:42.795 25481 25481 F DEBUG   :     x24 0000000000000000  x25 0000006f04482020  x26 0000006f64aba4b0  x27 0000000000000000
02-12 13:31:42.795 25481 25481 F DEBUG   :     x28 0000006f04480fe0  x29 0000006f04480eb0
02-12 13:31:42.795 25481 25481 F DEBUG   :     sp  0000006f04480e80  lr  000000700095d484  pc  000000700095cf1c

---------- crash reason: Error: access violation accessing 0x616f6c5f600a40, offset: 2484 (0x9b4), original value: 0x616e6967, new value: 0xffffffff ----------
02-12 13:31:42.735 23915 23967 F libc    : Fatal signal 11 (SIGSEGV), code 1 (SEGV_MAPERR), fault addr 0x616f6c5f600a40 in tid 23967 (Thread-3), pid 23915 (huawei.hiaidemo)
02-12 13:31:42.794 25481 25481 F DEBUG   : *** *** *** *** *** *** *** *** *** *** *** *** *** *** *** ***
02-12 13:31:42.795 25481 25481 F DEBUG   : Build fingerprint: 'HUAWEI/MRX-AN19/HWMRX:10/HUAWEIMRX-AN19/102.0.0.221C00:user/release-keys'
02-12 13:31:42.795 25481 25481 F DEBUG   : Revision: '0'
02-12 13:31:42.795 25481 25481 F DEBUG   : ABI: 'arm64'
02-12 13:31:42.795 25481 25481 F DEBUG   : Timestamp: 2022-02-12 13:31:42+0800
02-12 13:31:42.795 25481 25481 F DEBUG   : pid: 23915, tid: 23967, name: Thread-3  >>> com.huawei.hiaidemo <<<
02-12 13:31:42.795 25481 25481 F DEBUG   : uid: 10628
02-12 13:31:42.795 25481 25481 F DEBUG   : signal 11 (SIGSEGV), code 1 (SEGV_MAPERR), fault addr 0x616f6c5f600a40
02-12 13:31:42.795 25481 25481 F DEBUG   :     x0  0000006f7c07ff08  x1  64616f6c5f746c75  x2  0000006f64abc000  x3  0000000000000000
02-12 13:31:42.795 25481 25481 F DEBUG   :     x4  00000000000000cb  x5  0000006f7c2008a8  x6  0000000000000000  x7  0000000000000000
02-12 13:31:42.795 25481 25481 F DEBUG   :     x8  64616f6c5f6009c8  x9  0000000000000139  x10 0000000000000146  x11 0000000000000001
02-12 13:31:42.795 25481 25481 F DEBUG   :     x12 0000006f03001010  x13 0000000001000000  x14 0000000000000000  x15 0000000000000000
02-12 13:31:42.795 25481 25481 F DEBUG   :     x16 00000070009dca30  x17 00000070009d0f80  x18 0000006f03a00000  x19 0000006f64abc000
02-12 13:31:42.795 25481 25481 F DEBUG   :     x20 0000006f7c07ff08  x21 64616f6c5f746c75  x22 0000000000000000  x23 00000070009e6e90
02-12 13:31:42.795 25481 25481 F DEBUG   :     x24 0000000000000000  x25 0000006f04482020  x26 0000006f64aba4b0  x27 0000000000000000
02-12 13:31:42.795 25481 25481 F DEBUG   :     x28 0000006f04480fe0  x29 0000006f04480eb0
02-12 13:31:42.795 25481 25481 F DEBUG   :     sp  0000006f04480e80  lr  000000700095d484  pc  000000700095cf1c
02-12 13:31:45.182 25546 25592 F libc    : Fatal signal 11 (SIGSEGV), code 1 (SEGV_MAPERR), fault addr 0x616f6c5f600a40 in tid 25592 (Thread-3), pid 25546 (huawei.hiaidemo)

02-12 13:31:42.735 23915 23967 F libc    : Fatal signal 11 (SIGSEGV), code 1 (SEGV_MAPERR), fault addr 0x616f6c5f600a40 in tid 23967 (Thread-3), pid 23915 (huawei.hiaidemo)
02-12 13:31:42.794 25481 25481 F DEBUG   : *** *** *** *** *** *** *** *** *** *** *** *** *** *** *** ***
02-12 13:31:42.795 25481 25481 F DEBUG   : Build fingerprint: 'HUAWEI/MRX-AN19/HWMRX:10/HUAWEIMRX-AN19/102.0.0.221C00:user/release-keys'
02-12 13:31:42.795 25481 25481 F DEBUG   : Revision: '0'
02-12 13:31:42.795 25481 25481 F DEBUG   : ABI: 'arm64'
02-12 13:31:42.795 25481 25481 F DEBUG   : Timestamp: 2022-02-12 13:31:42+0800
02-12 13:31:42.795 25481 25481 F DEBUG   : pid: 23915, tid: 23967, name: Thread-3  >>> com.huawei.hiaidemo <<<
02-12 13:31:42.795 25481 25481 F DEBUG   : uid: 10628
02-12 13:31:42.795 25481 25481 F DEBUG   : signal 11 (SIGSEGV), code 1 (SEGV_MAPERR), fault addr 0x616f6c5f600a40
02-12 13:31:42.795 25481 25481 F DEBUG   :     x0  0000006f7c07ff08  x1  64616f6c5f746c75  x2  0000006f64abc000  x3  0000000000000000
02-12 13:31:42.795 25481 25481 F DEBUG   :     x4  00000000000000cb  x5  0000006f7c2008a8  x6  0000000000000000  x7  0000000000000000
02-12 13:31:42.795 25481 25481 F DEBUG   :     x8  64616f6c5f6009c8  x9  0000000000000139  x10 0000000000000146  x11 0000000000000001
02-12 13:31:42.795 25481 25481 F DEBUG   :     x12 0000006f03001010  x13 0000000001000000  x14 0000000000000000  x15 0000000000000000
02-12 13:31:42.795 25481 25481 F DEBUG   :     x16 00000070009dca30  x17 00000070009d0f80  x18 0000006f03a00000  x19 0000006f64abc000
02-12 13:31:42.795 25481 25481 F DEBUG   :     x20 0000006f7c07ff08  x21 64616f6c5f746c75  x22 0000000000000000  x23 00000070009e6e90
02-12 13:31:42.795 25481 25481 F DEBUG   :     x24 0000000000000000  x25 0000006f04482020  x26 0000006f64aba4b0  x27 0000000000000000
02-12 13:31:42.795 25481 25481 F DEBUG   :     x28 0000006f04480fe0  x29 0000006f04480eb0
02-12 13:31:42.795 25481 25481 F DEBUG   :     sp  0000006f04480e80  lr  000000700095d484  pc  000000700095cf1c
02-12 13:31:45.182 25546 25592 F libc    : Fatal signal 11 (SIGSEGV), code 1 (SEGV_MAPERR), fault addr 0x616f6c5f600a40 in tid 25592 (Thread-3), pid 25546 (huawei.hiaidemo)
02-12 13:31:45.224 25662 25662 F DEBUG   : *** *** *** *** *** *** *** *** *** *** *** *** *** *** *** ***
02-12 13:31:45.224 25662 25662 F DEBUG   : Build fingerprint: 'HUAWEI/MRX-AN19/HWMRX:10/HUAWEIMRX-AN19/102.0.0.221C00:user/release-keys'
02-12 13:31:45.224 25662 25662 F DEBUG   : Revision: '0'
02-12 13:31:45.224 25662 25662 F DEBUG   : ABI: 'arm64'
02-12 13:31:45.224 25662 25662 F DEBUG   : Timestamp: 2022-02-12 13:31:45+0800
02-12 13:31:45.224 25662 25662 F DEBUG   : pid: 25546, tid: 25592, name: Thread-3  >>> com.huawei.hiaidemo <<<
02-12 13:31:45.224 25662 25662 F DEBUG   : uid: 10628
02-12 13:31:45.224 25662 25662 F DEBUG   : signal 11 (SIGSEGV), code 1 (SEGV_MAPERR), fault addr 0x616f6c5f600a40
02-12 13:31:45.224 25662 25662 F DEBUG   :     x0  0000006f64b16b08  x1  64616f6c5f746c75  x2  0000006f64b46c00  x3  0000000000000000
02-12 13:31:45.224 25662 25662 F DEBUG   :     x4  000000000000005f  x5  0000006f7c200950  x6  0000000000000000  x7  0000000000000000
02-12 13:31:45.224 25662 25662 F DEBUG   :     x8  64616f6c5f6009c8  x9  0000000000000139  x10 0000000000000146  x11 0000000000000001
02-12 13:31:45.225 25662 25662 F DEBUG   :     x12 0000000000000000  x13 0000000001000000  x14 0000000000000000  x15 0000000000000000
02-12 13:31:45.225 25662 25662 F DEBUG   :     x16 00000070009dca30  x17 00000070009d0f80  x18 0000006f03862000  x19 0000006f64b46c00
02-12 13:31:45.225 25662 25662 F DEBUG   :     x20 0000006f64b16b08  x21 64616f6c5f746c75  x22 0000000000000000  x23 00000070009e6e90
02-12 13:31:45.225 25662 25662 F DEBUG   :     x24 0000000000000000  x25 0000006f0447e020  x26 0000006f7c1440b0  x27 0000000000000000
02-12 13:31:45.225 25662 25662 F DEBUG   :     x28 0000006f0447cfe0  x29 0000006f0447ceb0
02-12 13:31:45.225 25662 25662 F DEBUG   :     sp  0000006f0447ce80  lr  000000700095d484  pc  000000700095cf1c
02-12 13:31:45.294 25662 25662 F DEBUG   : 
02-12 13:31:45.294 25662 25662 F DEBUG   : backtrace:
02-12 13:31:45.294 25662 25662 F DEBUG   :       #00 pc 000000000005bf1c  /apex/com.android.runtime/lib64/bionic/libc.so (ifree+88) (BuildId: b91c775ccc9b0556e91bc575a2511cd0)
02-12 13:31:45.294 25662 25662 F DEBUG   :       #01 pc 000000000005c480  /apex/com.android.runtime/lib64/bionic/libc.so (je_free+120) (BuildId: b91c775ccc9b0556e91bc575a2511cd0)
02-12 13:31:45.294 25662 25662 F DEBUG   :       #02 pc 00000000000f791c  /data/app/com.huawei.hiaidemo-yzagFPqymPCo3PgWsIlfRw==/base.apk!libhiai.so (offset 0xf55000) (HIAI_MixModel_ReleaseModelTensorInfo+28) (BuildId: f97bec250751b73d3eb6d739cdcedfe9e080fe1a)
02-12 13:31:45.294 25662 25662 F DEBUG   :       #03 pc 00000000000103e8  /data/app/com.huawei.hiaidemo-yzagFPqymPCo3PgWsIlfRw==/base.apk!libhiaijni.so (offset 0x54c000) (Java_com_huawei_hiaidemo_utils_ModelManager_unloadModelSync+244) (BuildId: ac91c9b68ceacb6c15a638edcd84c595fc1c9973)
02-12 13:31:45.294 25662 25662 F DEBUG   :       #04 pc 0000000000150350  /apex/com.android.runtime/lib64/libart.so (art_quick_generic_jni_trampoline+144) (BuildId: 691979e9d66dfedf3fd32d27da323a02)
02-12 13:31:45.294 25662 25662 F DEBUG   :       #05 pc 00000000001475b8  /apex/com.android.runtime/lib64/libart.so (art_quick_invoke_static_stub+568) (BuildId: 691979e9d66dfedf3fd32d27da323a02)
02-12 13:31:45.294 25662 25662 F DEBUG   :       #06 pc 00000000001561d4  /apex/com.android.runtime/lib64/libart.so!libart.so (offset 0x156000) (art::ArtMethod::Invoke(art::Thread*, unsigned int*, unsigned int, art::JValue*, char const*)+284) (BuildId: 691979e9d66dfedf3fd32d27da323a02)
02-12 13:31:45.294 25662 25662 F DEBUG   :       #07 pc 00000000002fd900  /apex/com.android.runtime/lib64/libart.so!libart.so (offset 0x157000) (art::interpreter::ArtInterpreterToCompiledCodeBridge(art::Thread*, art::ArtMethod*, art::ShadowFrame*, unsigned short, art::JValue*)+384) (BuildId: 691979e9d66dfedf3fd32d27da323a02)
02-12 13:31:45.294 25662 25662 F DEBUG   :       #08 pc 00000000002f8bd0  /apex/com.android.runtime/lib64/libart.so!libart.so (offset 0x157000) (bool art::interpreter::DoCall<false, false>(art::ArtMethod*, art::Thread*, art::ShadowFrame&, art::Instruction const*, unsigned short, art::JValue*)+912) (BuildId: 691979e9d66dfedf3fd32d27da323a02)
02-12 13:31:45.294 25662 25662 F DEBUG   :       #09 pc 00000000005ce108  /apex/com.android.runtime/lib64/libart.so!libart.so (offset 0x3a1000) (MterpInvokeStatic+368) (BuildId: 691979e9d66dfedf3fd32d27da323a02)
02-12 13:31:45.294 25662 25662 F DEBUG   :       #10 pc 0000000000141994  /apex/com.android.runtime/lib64/libart.so (mterp_op_invoke_static+20) (BuildId: 691979e9d66dfedf3fd32d27da323a02)
02-12 13:31:45.294 25662 25662 F DEBUG   :       #11 pc 00000000000123d2  [anon:dalvik-classes2.dex extracted in memory from /data/app/com.huawei.hiaidemo-yzagFPqymPCo3PgWsIlfRw==/base.apk!classes2.dex] (com.huawei.hiaidemo.view.ClassifyActivity$2.run+298)
02-12 13:31:45.294 25662 25662 F DEBUG   :       #12 pc 00000000005cd060  /apex/com.android.runtime/lib64/libart.so!libart.so (offset 0x3a1000) (MterpInvokeInterface+1752) (BuildId: 691979e9d66dfedf3fd32d27da323a02)
02-12 13:31:45.294 25662 25662 F DEBUG   :       #13 pc 0000000000141a14  /apex/com.android.runtime/lib64/libart.so (mterp_op_invoke_interface+20) (BuildId: 691979e9d66dfedf3fd32d27da323a02)
02-12 13:31:45.294 25662 25662 F DEBUG   :       #14 pc 00000000000eabdc  /apex/com.android.runtime/javalib/core-oj.jar (java.lang.Thread.run+8)
02-12 13:31:45.294 25662 25662 F DEBUG   :       #15 pc 00000000002ce22c  /apex/com.android.runtime/lib64/libart.so!libart.so (offset 0x157000) (_ZN3art11interpreterL7ExecuteEPNS_6ThreadERKNS_20CodeItemDataAccessorERNS_11ShadowFrameENS_6JValueEbb.llvm.10887373532384510885+320) (BuildId: 691979e9d66dfedf3fd32d27da323a02)
02-12 13:31:45.294 25662 25662 F DEBUG   :       #16 pc 00000000005bc090  /apex/com.android.runtime/lib64/libart.so!libart.so (offset 0x3a1000) (artQuickToInterpreterBridge+1012) (BuildId: 691979e9d66dfedf3fd32d27da323a02)
02-12 13:31:45.294 25662 25662 F DEBUG   :       #17 pc 0000000000150468  /apex/com.android.runtime/lib64/libart.so (art_quick_to_interpreter_bridge+88) (BuildId: 691979e9d66dfedf3fd32d27da323a02)
02-12 13:31:45.294 25662 25662 F DEBUG   :       #18 pc 0000000000147334  /apex/com.android.runtime/lib64/libart.so (art_quick_invoke_stub+548) (BuildId: 691979e9d66dfedf3fd32d27da323a02)
02-12 13:31:45.294 25662 25662 F DEBUG   :       #19 pc 00000000001561b4  /apex/com.android.runtime/lib64/libart.so!libart.so (offset 0x156000) (art::ArtMethod::Invoke(art::Thread*, unsigned int*, unsigned int, art::JValue*, char const*)+252) (BuildId: 691979e9d66dfedf3fd32d27da323a02)
02-12 13:31:45.294 25662 25662 F DEBUG   :       #20 pc 00000000004d8820  /apex/com.android.runtime/lib64/libart.so!libart.so (offset 0x3a1000) (art::(anonymous namespace)::InvokeWithArgArray(art::ScopedObjectAccessAlreadyRunnable const&, art::ArtMethod*, art::(anonymous namespace)::ArgArray*, art::JValue*, char const*)+104) (BuildId: 691979e9d66dfedf3fd32d27da323a02)
02-12 13:31:45.294 25662 25662 F DEBUG   :       #21 pc 00000000004d98b4  /apex/com.android.runtime/lib64/libart.so!libart.so (offset 0x3a1000) (art::InvokeVirtualOrInterfaceWithJValues(art::ScopedObjectAccessAlreadyRunnable const&, _jobject*, _jmethodID*, jvalue const*)+416) (BuildId: 691979e9d66dfedf3fd32d27da323a02)
02-12 13:31:45.294 25662 25662 F DEBUG   :       #22 pc 000000000051ca8c  /apex/com.android.runtime/lib64/libart.so!libart.so (offset 0x3a1000) (art::Thread::CreateCallback(void*)+1232) (BuildId: 691979e9d66dfedf3fd32d27da323a02)
02-12 13:31:45.294 25662 25662 F DEBUG   :       #23 pc 00000000000cf7c0  /apex/com.android.runtime/lib64/bionic/libc.so!libc.so (offset 0xcf000) (__pthread_start(void*)+36) (BuildId: b91c775ccc9b0556e91bc575a2511cd0)
02-12 13:31:45.294 25662 25662 F DEBUG   :       #24 pc 00000000000721a8  /apex/com.android.runtime/lib64/bionic/libc.so!libc.so (offset 0x71000) (__start_thread+64) (BuildId: b91c775ccc9b0556e91bc575a2511cd0)

---------- crash reason: Error: access violation accessing 0x616f6c5f600a40, offset: 2488 (0x9b8), original value: 0x706f5f6c, new value: 0xffffffff ----------
02-12 13:31:45.182 25546 25592 F libc    : Fatal signal 11 (SIGSEGV), code 1 (SEGV_MAPERR), fault addr 0x616f6c5f600a40 in tid 25592 (Thread-3), pid 25546 (huawei.hiaidemo)
02-12 13:31:45.224 25662 25662 F DEBUG   : *** *** *** *** *** *** *** *** *** *** *** *** *** *** *** ***
02-12 13:31:45.224 25662 25662 F DEBUG   : Build fingerprint: 'HUAWEI/MRX-AN19/HWMRX:10/HUAWEIMRX-AN19/102.0.0.221C00:user/release-keys'
02-12 13:31:45.224 25662 25662 F DEBUG   : Revision: '0'
02-12 13:31:45.224 25662 25662 F DEBUG   : ABI: 'arm64'
02-12 13:31:45.224 25662 25662 F DEBUG   : Timestamp: 2022-02-12 13:31:45+0800
02-12 13:31:45.224 25662 25662 F DEBUG   : pid: 25546, tid: 25592, name: Thread-3  >>> com.huawei.hiaidemo <<<
02-12 13:31:45.224 25662 25662 F DEBUG   : uid: 10628
02-12 13:31:45.224 25662 25662 F DEBUG   : signal 11 (SIGSEGV), code 1 (SEGV_MAPERR), fault addr 0x616f6c5f600a40
02-12 13:31:45.224 25662 25662 F DEBUG   :     x0  0000006f64b16b08  x1  64616f6c5f746c75  x2  0000006f64b46c00  x3  0000000000000000
02-12 13:31:45.224 25662 25662 F DEBUG   :     x4  000000000000005f  x5  0000006f7c200950  x6  0000000000000000  x7  0000000000000000
02-12 13:31:45.224 25662 25662 F DEBUG   :     x8  64616f6c5f6009c8  x9  0000000000000139  x10 0000000000000146  x11 0000000000000001
02-12 13:31:45.225 25662 25662 F DEBUG   :     x12 0000000000000000  x13 0000000001000000  x14 0000000000000000  x15 0000000000000000
02-12 13:31:45.225 25662 25662 F DEBUG   :     x16 00000070009dca30  x17 00000070009d0f80  x18 0000006f03862000  x19 0000006f64b46c00
02-12 13:31:45.225 25662 25662 F DEBUG   :     x20 0000006f64b16b08  x21 64616f6c5f746c75  x22 0000000000000000  x23 00000070009e6e90
02-12 13:31:45.225 25662 25662 F DEBUG   :     x24 0000000000000000  x25 0000006f0447e020  x26 0000006f7c1440b0  x27 0000000000000000
02-12 13:31:45.225 25662 25662 F DEBUG   :     x28 0000006f0447cfe0  x29 0000006f0447ceb0
02-12 13:31:45.225 25662 25662 F DEBUG   :     sp  0000006f0447ce80  lr  000000700095d484  pc  000000700095cf1c
02-12 13:31:45.294 25662 25662 F DEBUG   : 
02-12 13:31:45.294 25662 25662 F DEBUG   : backtrace:
02-12 13:31:45.294 25662 25662 F DEBUG   :       #00 pc 000000000005bf1c  /apex/com.android.runtime/lib64/bionic/libc.so (ifree+88) (BuildId: b91c775ccc9b0556e91bc575a2511cd0)
02-12 13:31:45.294 25662 25662 F DEBUG   :       #01 pc 000000000005c480  /apex/com.android.runtime/lib64/bionic/libc.so (je_free+120) (BuildId: b91c775ccc9b0556e91bc575a2511cd0)
02-12 13:31:45.294 25662 25662 F DEBUG   :       #02 pc 00000000000f791c  /data/app/com.huawei.hiaidemo-yzagFPqymPCo3PgWsIlfRw==/base.apk!libhiai.so (offset 0xf55000) (HIAI_MixModel_ReleaseModelTensorInfo+28) (BuildId: f97bec250751b73d3eb6d739cdcedfe9e080fe1a)
02-12 13:31:45.294 25662 25662 F DEBUG   :       #03 pc 00000000000103e8  /data/app/com.huawei.hiaidemo-yzagFPqymPCo3PgWsIlfRw==/base.apk!libhiaijni.so (offset 0x54c000) (Java_com_huawei_hiaidemo_utils_ModelManager_unloadModelSync+244) (BuildId: ac91c9b68ceacb6c15a638edcd84c595fc1c9973)
02-12 13:31:45.294 25662 25662 F DEBUG   :       #04 pc 0000000000150350  /apex/com.android.runtime/lib64/libart.so (art_quick_generic_jni_trampoline+144) (BuildId: 691979e9d66dfedf3fd32d27da323a02)
02-12 13:31:45.294 25662 25662 F DEBUG   :       #05 pc 00000000001475b8  /apex/com.android.runtime/lib64/libart.so (art_quick_invoke_static_stub+568) (BuildId: 691979e9d66dfedf3fd32d27da323a02)
02-12 13:31:45.294 25662 25662 F DEBUG   :       #06 pc 00000000001561d4  /apex/com.android.runtime/lib64/libart.so!libart.so (offset 0x156000) (art::ArtMethod::Invoke(art::Thread*, unsigned int*, unsigned int, art::JValue*, char const*)+284) (BuildId: 691979e9d66dfedf3fd32d27da323a02)
02-12 13:31:45.294 25662 25662 F DEBUG   :       #07 pc 00000000002fd900  /apex/com.android.runtime/lib64/libart.so!libart.so (offset 0x157000) (art::interpreter::ArtInterpreterToCompiledCodeBridge(art::Thread*, art::ArtMethod*, art::ShadowFrame*, unsigned short, art::JValue*)+384) (BuildId: 691979e9d66dfedf3fd32d27da323a02)
02-12 13:31:45.294 25662 25662 F DEBUG   :       #08 pc 00000000002f8bd0  /apex/com.android.runtime/lib64/libart.so!libart.so (offset 0x157000) (bool art::interpreter::DoCall<false, false>(art::ArtMethod*, art::Thread*, art::ShadowFrame&, art::Instruction const*, unsigned short, art::JValue*)+912) (BuildId: 691979e9d66dfedf3fd32d27da323a02)
02-12 13:31:45.294 25662 25662 F DEBUG   :       #09 pc 00000000005ce108  /apex/com.android.runtime/lib64/libart.so!libart.so (offset 0x3a1000) (MterpInvokeStatic+368) (BuildId: 691979e9d66dfedf3fd32d27da323a02)
02-12 13:31:45.294 25662 25662 F DEBUG   :       #10 pc 0000000000141994  /apex/com.android.runtime/lib64/libart.so (mterp_op_invoke_static+20) (BuildId: 691979e9d66dfedf3fd32d27da323a02)
02-12 13:31:45.294 25662 25662 F DEBUG   :       #11 pc 00000000000123d2  [anon:dalvik-classes2.dex extracted in memory from /data/app/com.huawei.hiaidemo-yzagFPqymPCo3PgWsIlfRw==/base.apk!classes2.dex] (com.huawei.hiaidemo.view.ClassifyActivity$2.run+298)
02-12 13:31:45.294 25662 25662 F DEBUG   :       #12 pc 00000000005cd060  /apex/com.android.runtime/lib64/libart.so!libart.so (offset 0x3a1000) (MterpInvokeInterface+1752) (BuildId: 691979e9d66dfedf3fd32d27da323a02)
02-12 13:31:45.294 25662 25662 F DEBUG   :       #13 pc 0000000000141a14  /apex/com.android.runtime/lib64/libart.so (mterp_op_invoke_interface+20) (BuildId: 691979e9d66dfedf3fd32d27da323a02)
02-12 13:31:45.294 25662 25662 F DEBUG   :       #14 pc 00000000000eabdc  /apex/com.android.runtime/javalib/core-oj.jar (java.lang.Thread.run+8)
02-12 13:31:45.294 25662 25662 F DEBUG   :       #15 pc 00000000002ce22c  /apex/com.android.runtime/lib64/libart.so!libart.so (offset 0x157000) (_ZN3art11interpreterL7ExecuteEPNS_6ThreadERKNS_20CodeItemDataAccessorERNS_11ShadowFrameENS_6JValueEbb.llvm.10887373532384510885+320) (BuildId: 691979e9d66dfedf3fd32d27da323a02)
02-12 13:31:45.294 25662 25662 F DEBUG   :       #16 pc 00000000005bc090  /apex/com.android.runtime/lib64/libart.so!libart.so (offset 0x3a1000) (artQuickToInterpreterBridge+1012) (BuildId: 691979e9d66dfedf3fd32d27da323a02)
02-12 13:31:45.294 25662 25662 F DEBUG   :       #17 pc 0000000000150468  /apex/com.android.runtime/lib64/libart.so (art_quick_to_interpreter_bridge+88) (BuildId: 691979e9d66dfedf3fd32d27da323a02)
02-12 13:31:45.294 25662 25662 F DEBUG   :       #18 pc 0000000000147334  /apex/com.android.runtime/lib64/libart.so (art_quick_invoke_stub+548) (BuildId: 691979e9d66dfedf3fd32d27da323a02)
02-12 13:31:45.294 25662 25662 F DEBUG   :       #19 pc 00000000001561b4  /apex/com.android.runtime/lib64/libart.so!libart.so (offset 0x156000) (art::ArtMethod::Invoke(art::Thread*, unsigned int*, unsigned int, art::JValue*, char const*)+252) (BuildId: 691979e9d66dfedf3fd32d27da323a02)
02-12 13:31:45.294 25662 25662 F DEBUG   :       #20 pc 00000000004d8820  /apex/com.android.runtime/lib64/libart.so!libart.so (offset 0x3a1000) (art::(anonymous namespace)::InvokeWithArgArray(art::ScopedObjectAccessAlreadyRunnable const&, art::ArtMethod*, art::(anonymous namespace)::ArgArray*, art::JValue*, char const*)+104) (BuildId: 691979e9d66dfedf3fd32d27da323a02)
02-12 13:31:45.294 25662 25662 F DEBUG   :       #21 pc 00000000004d98b4  /apex/com.android.runtime/lib64/libart.so!libart.so (offset 0x3a1000) (art::InvokeVirtualOrInterfaceWithJValues(art::ScopedObjectAccessAlreadyRunnable const&, _jobject*, _jmethodID*, jvalue const*)+416) (BuildId: 691979e9d66dfedf3fd32d27da323a02)
02-12 13:31:45.294 25662 25662 F DEBUG   :       #22 pc 000000000051ca8c  /apex/com.android.runtime/lib64/libart.so!libart.so (offset 0x3a1000) (art::Thread::CreateCallback(void*)+1232) (BuildId: 691979e9d66dfedf3fd32d27da323a02)
02-12 13:31:45.294 25662 25662 F DEBUG   :       #23 pc 00000000000cf7c0  /apex/com.android.runtime/lib64/bionic/libc.so!libc.so (offset 0xcf000) (__pthread_start(void*)+36) (BuildId: b91c775ccc9b0556e91bc575a2511cd0)
02-12 13:31:45.294 25662 25662 F DEBUG   :       #24 pc 00000000000721a8  /apex/com.android.runtime/lib64/bionic/libc.so!libc.so (offset 0x71000) (__start_thread+64) (BuildId: b91c775ccc9b0556e91bc575a2511cd0)
02-12 13:31:47.451 25686 25721 F libc    : Fatal signal 11 (SIGSEGV), code 1 (SEGV_MAPERR), fault addr 0x616f6c5f600a40 in tid 25721 (Thread-3), pid 25686 (huawei.hiaidemo)

02-12 13:31:45.182 25546 25592 F libc    : Fatal signal 11 (SIGSEGV), code 1 (SEGV_MAPERR), fault addr 0x616f6c5f600a40 in tid 25592 (Thread-3), pid 25546 (huawei.hiaidemo)
02-12 13:31:45.224 25662 25662 F DEBUG   : *** *** *** *** *** *** *** *** *** *** *** *** *** *** *** ***
02-12 13:31:45.224 25662 25662 F DEBUG   : Build fingerprint: 'HUAWEI/MRX-AN19/HWMRX:10/HUAWEIMRX-AN19/102.0.0.221C00:user/release-keys'
02-12 13:31:45.224 25662 25662 F DEBUG   : Revision: '0'
02-12 13:31:45.224 25662 25662 F DEBUG   : ABI: 'arm64'
02-12 13:31:45.224 25662 25662 F DEBUG   : Timestamp: 2022-02-12 13:31:45+0800
02-12 13:31:45.224 25662 25662 F DEBUG   : pid: 25546, tid: 25592, name: Thread-3  >>> com.huawei.hiaidemo <<<
02-12 13:31:45.224 25662 25662 F DEBUG   : uid: 10628
02-12 13:31:45.224 25662 25662 F DEBUG   : signal 11 (SIGSEGV), code 1 (SEGV_MAPERR), fault addr 0x616f6c5f600a40
02-12 13:31:45.224 25662 25662 F DEBUG   :     x0  0000006f64b16b08  x1  64616f6c5f746c75  x2  0000006f64b46c00  x3  0000000000000000
02-12 13:31:45.224 25662 25662 F DEBUG   :     x4  000000000000005f  x5  0000006f7c200950  x6  0000000000000000  x7  0000000000000000
02-12 13:31:45.224 25662 25662 F DEBUG   :     x8  64616f6c5f6009c8  x9  0000000000000139  x10 0000000000000146  x11 0000000000000001
02-12 13:31:45.225 25662 25662 F DEBUG   :     x12 0000000000000000  x13 0000000001000000  x14 0000000000000000  x15 0000000000000000
02-12 13:31:45.225 25662 25662 F DEBUG   :     x16 00000070009dca30  x17 00000070009d0f80  x18 0000006f03862000  x19 0000006f64b46c00
02-12 13:31:45.225 25662 25662 F DEBUG   :     x20 0000006f64b16b08  x21 64616f6c5f746c75  x22 0000000000000000  x23 00000070009e6e90
02-12 13:31:45.225 25662 25662 F DEBUG   :     x24 0000000000000000  x25 0000006f0447e020  x26 0000006f7c1440b0  x27 0000000000000000
02-12 13:31:45.225 25662 25662 F DEBUG   :     x28 0000006f0447cfe0  x29 0000006f0447ceb0
02-12 13:31:45.225 25662 25662 F DEBUG   :     sp  0000006f0447ce80  lr  000000700095d484  pc  000000700095cf1c
02-12 13:31:45.294 25662 25662 F DEBUG   : 
02-12 13:31:45.294 25662 25662 F DEBUG   : backtrace:
02-12 13:31:45.294 25662 25662 F DEBUG   :       #00 pc 000000000005bf1c  /apex/com.android.runtime/lib64/bionic/libc.so (ifree+88) (BuildId: b91c775ccc9b0556e91bc575a2511cd0)
02-12 13:31:45.294 25662 25662 F DEBUG   :       #01 pc 000000000005c480  /apex/com.android.runtime/lib64/bionic/libc.so (je_free+120) (BuildId: b91c775ccc9b0556e91bc575a2511cd0)
02-12 13:31:45.294 25662 25662 F DEBUG   :       #02 pc 00000000000f791c  /data/app/com.huawei.hiaidemo-yzagFPqymPCo3PgWsIlfRw==/base.apk!libhiai.so (offset 0xf55000) (HIAI_MixModel_ReleaseModelTensorInfo+28) (BuildId: f97bec250751b73d3eb6d739cdcedfe9e080fe1a)
02-12 13:31:45.294 25662 25662 F DEBUG   :       #03 pc 00000000000103e8  /data/app/com.huawei.hiaidemo-yzagFPqymPCo3PgWsIlfRw==/base.apk!libhiaijni.so (offset 0x54c000) (Java_com_huawei_hiaidemo_utils_ModelManager_unloadModelSync+244) (BuildId: ac91c9b68ceacb6c15a638edcd84c595fc1c9973)
02-12 13:31:45.294 25662 25662 F DEBUG   :       #04 pc 0000000000150350  /apex/com.android.runtime/lib64/libart.so (art_quick_generic_jni_trampoline+144) (BuildId: 691979e9d66dfedf3fd32d27da323a02)
02-12 13:31:45.294 25662 25662 F DEBUG   :       #05 pc 00000000001475b8  /apex/com.android.runtime/lib64/libart.so (art_quick_invoke_static_stub+568) (BuildId: 691979e9d66dfedf3fd32d27da323a02)
02-12 13:31:45.294 25662 25662 F DEBUG   :       #06 pc 00000000001561d4  /apex/com.android.runtime/lib64/libart.so!libart.so (offset 0x156000) (art::ArtMethod::Invoke(art::Thread*, unsigned int*, unsigned int, art::JValue*, char const*)+284) (BuildId: 691979e9d66dfedf3fd32d27da323a02)
02-12 13:31:45.294 25662 25662 F DEBUG   :       #07 pc 00000000002fd900  /apex/com.android.runtime/lib64/libart.so!libart.so (offset 0x157000) (art::interpreter::ArtInterpreterToCompiledCodeBridge(art::Thread*, art::ArtMethod*, art::ShadowFrame*, unsigned short, art::JValue*)+384) (BuildId: 691979e9d66dfedf3fd32d27da323a02)
02-12 13:31:45.294 25662 25662 F DEBUG   :       #08 pc 00000000002f8bd0  /apex/com.android.runtime/lib64/libart.so!libart.so (offset 0x157000) (bool art::interpreter::DoCall<false, false>(art::ArtMethod*, art::Thread*, art::ShadowFrame&, art::Instruction const*, unsigned short, art::JValue*)+912) (BuildId: 691979e9d66dfedf3fd32d27da323a02)
02-12 13:31:45.294 25662 25662 F DEBUG   :       #09 pc 00000000005ce108  /apex/com.android.runtime/lib64/libart.so!libart.so (offset 0x3a1000) (MterpInvokeStatic+368) (BuildId: 691979e9d66dfedf3fd32d27da323a02)
02-12 13:31:45.294 25662 25662 F DEBUG   :       #10 pc 0000000000141994  /apex/com.android.runtime/lib64/libart.so (mterp_op_invoke_static+20) (BuildId: 691979e9d66dfedf3fd32d27da323a02)
02-12 13:31:45.294 25662 25662 F DEBUG   :       #11 pc 00000000000123d2  [anon:dalvik-classes2.dex extracted in memory from /data/app/com.huawei.hiaidemo-yzagFPqymPCo3PgWsIlfRw==/base.apk!classes2.dex] (com.huawei.hiaidemo.view.ClassifyActivity$2.run+298)
02-12 13:31:45.294 25662 25662 F DEBUG   :       #12 pc 00000000005cd060  /apex/com.android.runtime/lib64/libart.so!libart.so (offset 0x3a1000) (MterpInvokeInterface+1752) (BuildId: 691979e9d66dfedf3fd32d27da323a02)
02-12 13:31:45.294 25662 25662 F DEBUG   :       #13 pc 0000000000141a14  /apex/com.android.runtime/lib64/libart.so (mterp_op_invoke_interface+20) (BuildId: 691979e9d66dfedf3fd32d27da323a02)
02-12 13:31:45.294 25662 25662 F DEBUG   :       #14 pc 00000000000eabdc  /apex/com.android.runtime/javalib/core-oj.jar (java.lang.Thread.run+8)
02-12 13:31:45.294 25662 25662 F DEBUG   :       #15 pc 00000000002ce22c  /apex/com.android.runtime/lib64/libart.so!libart.so (offset 0x157000) (_ZN3art11interpreterL7ExecuteEPNS_6ThreadERKNS_20CodeItemDataAccessorERNS_11ShadowFrameENS_6JValueEbb.llvm.10887373532384510885+320) (BuildId: 691979e9d66dfedf3fd32d27da323a02)
02-12 13:31:45.294 25662 25662 F DEBUG   :       #16 pc 00000000005bc090  /apex/com.android.runtime/lib64/libart.so!libart.so (offset 0x3a1000) (artQuickToInterpreterBridge+1012) (BuildId: 691979e9d66dfedf3fd32d27da323a02)
02-12 13:31:45.294 25662 25662 F DEBUG   :       #17 pc 0000000000150468  /apex/com.android.runtime/lib64/libart.so (art_quick_to_interpreter_bridge+88) (BuildId: 691979e9d66dfedf3fd32d27da323a02)
02-12 13:31:45.294 25662 25662 F DEBUG   :       #18 pc 0000000000147334  /apex/com.android.runtime/lib64/libart.so (art_quick_invoke_stub+548) (BuildId: 691979e9d66dfedf3fd32d27da323a02)
02-12 13:31:45.294 25662 25662 F DEBUG   :       #19 pc 00000000001561b4  /apex/com.android.runtime/lib64/libart.so!libart.so (offset 0x156000) (art::ArtMethod::Invoke(art::Thread*, unsigned int*, unsigned int, art::JValue*, char const*)+252) (BuildId: 691979e9d66dfedf3fd32d27da323a02)
02-12 13:31:45.294 25662 25662 F DEBUG   :       #20 pc 00000000004d8820  /apex/com.android.runtime/lib64/libart.so!libart.so (offset 0x3a1000) (art::(anonymous namespace)::InvokeWithArgArray(art::ScopedObjectAccessAlreadyRunnable const&, art::ArtMethod*, art::(anonymous namespace)::ArgArray*, art::JValue*, char const*)+104) (BuildId: 691979e9d66dfedf3fd32d27da323a02)
02-12 13:31:45.294 25662 25662 F DEBUG   :       #21 pc 00000000004d98b4  /apex/com.android.runtime/lib64/libart.so!libart.so (offset 0x3a1000) (art::InvokeVirtualOrInterfaceWithJValues(art::ScopedObjectAccessAlreadyRunnable const&, _jobject*, _jmethodID*, jvalue const*)+416) (BuildId: 691979e9d66dfedf3fd32d27da323a02)
02-12 13:31:45.294 25662 25662 F DEBUG   :       #22 pc 000000000051ca8c  /apex/com.android.runtime/lib64/libart.so!libart.so (offset 0x3a1000) (art::Thread::CreateCallback(void*)+1232) (BuildId: 691979e9d66dfedf3fd32d27da323a02)
02-12 13:31:45.294 25662 25662 F DEBUG   :       #23 pc 00000000000cf7c0  /apex/com.android.runtime/lib64/bionic/libc.so!libc.so (offset 0xcf000) (__pthread_start(void*)+36) (BuildId: b91c775ccc9b0556e91bc575a2511cd0)
02-12 13:31:45.294 25662 25662 F DEBUG   :       #24 pc 00000000000721a8  /apex/com.android.runtime/lib64/bionic/libc.so!libc.so (offset 0x71000) (__start_thread+64) (BuildId: b91c775ccc9b0556e91bc575a2511cd0)
02-12 13:31:47.451 25686 25721 F libc    : Fatal signal 11 (SIGSEGV), code 1 (SEGV_MAPERR), fault addr 0x616f6c5f600a40 in tid 25721 (Thread-3), pid 25686 (huawei.hiaidemo)
02-12 13:31:47.496 25755 25755 F DEBUG   : *** *** *** *** *** *** *** *** *** *** *** *** *** *** *** ***
02-12 13:31:47.496 25755 25755 F DEBUG   : Build fingerprint: 'HUAWEI/MRX-AN19/HWMRX:10/HUAWEIMRX-AN19/102.0.0.221C00:user/release-keys'
02-12 13:31:47.496 25755 25755 F DEBUG   : Revision: '0'
02-12 13:31:47.496 25755 25755 F DEBUG   : ABI: 'arm64'
02-12 13:31:47.496 25755 25755 F DEBUG   : Timestamp: 2022-02-12 13:31:47+0800
02-12 13:31:47.496 25755 25755 F DEBUG   : pid: 25686, tid: 25721, name: Thread-3  >>> com.huawei.hiaidemo <<<
02-12 13:31:47.496 25755 25755 F DEBUG   : uid: 10628
02-12 13:31:47.496 25755 25755 F DEBUG   : signal 11 (SIGSEGV), code 1 (SEGV_MAPERR), fault addr 0x616f6c5f600a40
02-12 13:31:47.496 25755 25755 F DEBUG   :     x0  0000006f64bb2b08  x1  64616f6c5f746c75  x2  0000006f64ac4c00  x3  0000000000000000
02-12 13:31:47.496 25755 25755 F DEBUG   :     x4  0000000000000036  x5  0000006f7c200950  x6  0000000000000000  x7  0000000000000000
02-12 13:31:47.496 25755 25755 F DEBUG   :     x8  64616f6c5f6009c8  x9  0000000000000139  x10 0000000000000146  x11 0000000000000001
02-12 13:31:47.496 25755 25755 F DEBUG   :     x12 0000000000000000  x13 0000000001000000  x14 0000000000000000  x15 0000000000000000
02-12 13:31:47.496 25755 25755 F DEBUG   :     x16 00000070009dca30  x17 00000070009d0f80  x18 0000006f035fc000  x19 0000006f64ac4c00
02-12 13:31:47.496 25755 25755 F DEBUG   :     x20 0000006f64bb2b08  x21 64616f6c5f746c75  x22 0000000000000000  x23 00000070009e6e90
02-12 13:31:47.496 25755 25755 F DEBUG   :     x24 0000000000000000  x25 0000006f045cc020  x26 0000006f64ac30b0  x27 0000000000000000
02-12 13:31:47.496 25755 25755 F DEBUG   :     x28 0000006f045cafe0  x29 0000006f045caeb0
02-12 13:31:47.496 25755 25755 F DEBUG   :     sp  0000006f045cae80  lr  000000700095d484  pc  000000700095cf1c
02-12 13:31:47.564 25755 25755 F DEBUG   : 
02-12 13:31:47.564 25755 25755 F DEBUG   : backtrace:
02-12 13:31:47.564 25755 25755 F DEBUG   :       #00 pc 000000000005bf1c  /apex/com.android.runtime/lib64/bionic/libc.so (ifree+88) (BuildId: b91c775ccc9b0556e91bc575a2511cd0)
02-12 13:31:47.564 25755 25755 F DEBUG   :       #01 pc 000000000005c480  /apex/com.android.runtime/lib64/bionic/libc.so (je_free+120) (BuildId: b91c775ccc9b0556e91bc575a2511cd0)
02-12 13:31:47.564 25755 25755 F DEBUG   :       #02 pc 00000000000f791c  /data/app/com.huawei.hiaidemo-yzagFPqymPCo3PgWsIlfRw==/base.apk!libhiai.so (offset 0xf55000) (HIAI_MixModel_ReleaseModelTensorInfo+28) (BuildId: f97bec250751b73d3eb6d739cdcedfe9e080fe1a)
02-12 13:31:47.564 25755 25755 F DEBUG   :       #03 pc 00000000000103e8  /data/app/com.huawei.hiaidemo-yzagFPqymPCo3PgWsIlfRw==/base.apk!libhiaijni.so (offset 0x54c000) (Java_com_huawei_hiaidemo_utils_ModelManager_unloadModelSync+244) (BuildId: ac91c9b68ceacb6c15a638edcd84c595fc1c9973)
02-12 13:31:47.564 25755 25755 F DEBUG   :       #04 pc 0000000000150350  /apex/com.android.runtime/lib64/libart.so (art_quick_generic_jni_trampoline+144) (BuildId: 691979e9d66dfedf3fd32d27da323a02)
02-12 13:31:47.564 25755 25755 F DEBUG   :       #05 pc 00000000001475b8  /apex/com.android.runtime/lib64/libart.so (art_quick_invoke_static_stub+568) (BuildId: 691979e9d66dfedf3fd32d27da323a02)
02-12 13:31:47.564 25755 25755 F DEBUG   :       #06 pc 00000000001561d4  /apex/com.android.runtime/lib64/libart.so!libart.so (offset 0x156000) (art::ArtMethod::Invoke(art::Thread*, unsigned int*, unsigned int, art::JValue*, char const*)+284) (BuildId: 691979e9d66dfedf3fd32d27da323a02)
02-12 13:31:47.564 25755 25755 F DEBUG   :       #07 pc 00000000002fd900  /apex/com.android.runtime/lib64/libart.so!libart.so (offset 0x157000) (art::interpreter::ArtInterpreterToCompiledCodeBridge(art::Thread*, art::ArtMethod*, art::ShadowFrame*, unsigned short, art::JValue*)+384) (BuildId: 691979e9d66dfedf3fd32d27da323a02)
02-12 13:31:47.564 25755 25755 F DEBUG   :       #08 pc 00000000002f8bd0  /apex/com.android.runtime/lib64/libart.so!libart.so (offset 0x157000) (bool art::interpreter::DoCall<false, false>(art::ArtMethod*, art::Thread*, art::ShadowFrame&, art::Instruction const*, unsigned short, art::JValue*)+912) (BuildId: 691979e9d66dfedf3fd32d27da323a02)
02-12 13:31:47.564 25755 25755 F DEBUG   :       #09 pc 00000000005ce108  /apex/com.android.runtime/lib64/libart.so!libart.so (offset 0x3a1000) (MterpInvokeStatic+368) (BuildId: 691979e9d66dfedf3fd32d27da323a02)
02-12 13:31:47.564 25755 25755 F DEBUG   :       #10 pc 0000000000141994  /apex/com.android.runtime/lib64/libart.so (mterp_op_invoke_static+20) (BuildId: 691979e9d66dfedf3fd32d27da323a02)
02-12 13:31:47.564 25755 25755 F DEBUG   :       #11 pc 00000000000123d2  [anon:dalvik-classes2.dex extracted in memory from /data/app/com.huawei.hiaidemo-yzagFPqymPCo3PgWsIlfRw==/base.apk!classes2.dex] (com.huawei.hiaidemo.view.ClassifyActivity$2.run+298)
02-12 13:31:47.564 25755 25755 F DEBUG   :       #12 pc 00000000005cd060  /apex/com.android.runtime/lib64/libart.so!libart.so (offset 0x3a1000) (MterpInvokeInterface+1752) (BuildId: 691979e9d66dfedf3fd32d27da323a02)
02-12 13:31:47.564 25755 25755 F DEBUG   :       #13 pc 0000000000141a14  /apex/com.android.runtime/lib64/libart.so (mterp_op_invoke_interface+20) (BuildId: 691979e9d66dfedf3fd32d27da323a02)
02-12 13:31:47.564 25755 25755 F DEBUG   :       #14 pc 00000000000eabdc  /apex/com.android.runtime/javalib/core-oj.jar (java.lang.Thread.run+8)
