02-12 13:31:49.829 25848 25848 F DEBUG   :       #16 pc 00000000005bc090  /apex/com.android.runtime/lib64/libart.so!libart.so (offset 0x3a1000) (artQuickToInterpreterBridge+1012) (BuildId: 691979e9d66dfedf3fd32d27da323a02)
02-12 13:31:49.829 25848 25848 F DEBUG   :       #17 pc 0000000000150468  /apex/com.android.runtime/lib64/libart.so (art_quick_to_interpreter_bridge+88) (BuildId: 691979e9d66dfedf3fd32d27da323a02)
02-12 13:31:49.829 25848 25848 F DEBUG   :       #18 pc 0000000000147334  /apex/com.android.runtime/lib64/libart.so (art_quick_invoke_stub+548) (BuildId: 691979e9d66dfedf3fd32d27da323a02)
02-12 13:31:49.829 25848 25848 F DEBUG   :       #19 pc 00000000001561b4  /apex/com.android.runtime/lib64/libart.so!libart.so (offset 0x156000) (art::ArtMethod::Invoke(art::Thread*, unsigned int*, unsigned int, art::JValue*, char const*)+252) (BuildId: 691979e9d66dfedf3fd32d27da323a02)
02-12 13:31:49.829 25848 25848 F DEBUG   :       #20 pc 00000000004d8820  /apex/com.android.runtime/lib64/libart.so!libart.so (offset 0x3a1000) (art::(anonymous namespace)::InvokeWithArgArray(art::ScopedObjectAccessAlreadyRunnable const&, art::ArtMethod*, art::(anonymous namespace)::ArgArray*, art::JValue*, char const*)+104) (BuildId: 691979e9d66dfedf3fd32d27da323a02)
02-12 13:31:49.829 25848 25848 F DEBUG   :       #21 pc 00000000004d98b4  /apex/com.android.runtime/lib64/libart.so!libart.so (offset 0x3a1000) (art::InvokeVirtualOrInterfaceWithJValues(art::ScopedObjectAccessAlreadyRunnable const&, _jobject*, _jmethodID*, jvalue const*)+416) (BuildId: 691979e9d66dfedf3fd32d27da323a02)
02-12 13:31:49.829 25848 25848 F DEBUG   :       #22 pc 000000000051ca8c  /apex/com.android.runtime/lib64/libart.so!libart.so (offset 0x3a1000) (art::Thread::CreateCallback(void*)+1232) (BuildId: 691979e9d66dfedf3fd32d27da323a02)
02-12 13:31:49.829 25848 25848 F DEBUG   :       #23 pc 00000000000cf7c0  /apex/com.android.runtime/lib64/bionic/libc.so!libc.so (offset 0xcf000) (__pthread_start(void*)+36) (BuildId: b91c775ccc9b0556e91bc575a2511cd0)
02-12 13:31:49.829 25848 25848 F DEBUG   :       #24 pc 00000000000721a8  /apex/com.android.runtime/lib64/bionic/libc.so!libc.so (offset 0x71000) (__start_thread+64) (BuildId: b91c775ccc9b0556e91bc575a2511cd0)
02-12 13:31:52.117 25872 25907 F libc    : Fatal signal 11 (SIGSEGV), code 1 (SEGV_MAPERR), fault addr 0x6c696166200040 in tid 25907 (Thread-3), pid 25872 (huawei.hiaidemo)
02-12 13:31:52.165 25956 25956 F DEBUG   : *** *** *** *** *** *** *** *** *** *** *** *** *** *** *** ***
02-12 13:31:52.165 25956 25956 F DEBUG   : Build fingerprint: 'HUAWEI/MRX-AN19/HWMRX:10/HUAWEIMRX-AN19/102.0.0.221C00:user/release-keys'
02-12 13:31:52.165 25956 25956 F DEBUG   : Revision: '0'
02-12 13:31:52.165 25956 25956 F DEBUG   : ABI: 'arm64'
02-12 13:31:52.165 25956 25956 F DEBUG   : Timestamp: 2022-02-12 13:31:52+0800
02-12 13:31:52.165 25956 25956 F DEBUG   : pid: 25872, tid: 25907, name: Thread-3  >>> com.huawei.hiaidemo <<<
02-12 13:31:52.165 25956 25956 F DEBUG   : uid: 10628
02-12 13:31:52.165 25956 25956 F DEBUG   : signal 11 (SIGSEGV), code 1 (SEGV_MAPERR), fault addr 0x6c696166200040
02-12 13:31:52.165 25956 25956 F DEBUG   :     x0  0000006f64bdaf88  x1  2e6c696166206c65  x2  0000006f64ae9000  x3  0000000000000000
02-12 13:31:52.165 25956 25956 F DEBUG   :     x4  0000000000000022  x5  0000006f7c290398  x6  0000000000000000  x7  0000000000000000
02-12 13:31:52.165 25956 25956 F DEBUG   :     x8  2e6c6961661fffc8  x9  fffffffffffffff9  x10 0000000000000006  x11 0000000000000001
02-12 13:31:52.165 25956 25956 F DEBUG   :     x12 0000006f6f409890  x13 0000000001000000  x14 0000000000000000  x15 0000000000000000
02-12 13:31:52.165 25956 25956 F DEBUG   :     x16 00000070009dca30  x17 00000070009d0f80  x18 0000006f02c90000  x19 0000006f64ae9000
02-12 13:31:52.165 25956 25956 F DEBUG   :     x20 0000006f64bdaf88  x21 2e6c696166206c65  x22 0000000000000000  x23 00000070009e6e90
02-12 13:31:52.165 25956 25956 F DEBUG   :     x24 0000000000000000  x25 0000006f033c1020  x26 0000006f64ac84b0  x27 0000000000000000
02-12 13:31:52.165 25956 25956 F DEBUG   :     x28 0000006f033bffe0  x29 0000006f033bfeb0
02-12 13:31:52.165 25956 25956 F DEBUG   :     sp  0000006f033bfe80  lr  000000700095d484  pc  000000700095cf1c

---------- crash reason: Error: access violation accessing 0x616f6c5f600a40, offset: 2516 (0x9d4), original value: 0x1a011017, new value: 0x0 ----------
02-12 13:32:00.524 25992 26079 F libc    : Fatal signal 11 (SIGSEGV), code 1 (SEGV_MAPERR), fault addr 0x616f6c5f600a40 in tid 26079 (Thread-3), pid 25992 (huawei.hiaidemo)
02-12 13:32:00.566 26223 26223 F DEBUG   : *** *** *** *** *** *** *** *** *** *** *** *** *** *** *** ***
02-12 13:32:00.566 26223 26223 F DEBUG   : Build fingerprint: 'HUAWEI/MRX-AN19/HWMRX:10/HUAWEIMRX-AN19/102.0.0.221C00:user/release-keys'
02-12 13:32:00.566 26223 26223 F DEBUG   : Revision: '0'
02-12 13:32:00.566 26223 26223 F DEBUG   : ABI: 'arm64'
02-12 13:32:00.567 26223 26223 F DEBUG   : Timestamp: 2022-02-12 13:32:00+0800
02-12 13:32:00.567 26223 26223 F DEBUG   : pid: 25992, tid: 26079, name: Thread-3  >>> com.huawei.hiaidemo <<<
02-12 13:32:00.567 26223 26223 F DEBUG   : uid: 10628
02-12 13:32:00.567 26223 26223 F DEBUG   : signal 11 (SIGSEGV), code 1 (SEGV_MAPERR), fault addr 0x616f6c5f600a40
02-12 13:32:00.567 26223 26223 F DEBUG   :     x0  0000006f7c083308  x1  64616f6c5f746c75  x2  0000006f7c099800  x3  0000000000000000
02-12 13:32:00.567 26223 26223 F DEBUG   :     x4  00000000000001b6  x5  0000006f7c200950  x6  0000000000000000  x7  0000000000000000
02-12 13:32:00.567 26223 26223 F DEBUG   :     x8  64616f6c5f6009c8  x9  0000000000000139  x10 0000000000000146  x11 0000000000000001
02-12 13:32:00.567 26223 26223 F DEBUG   :     x12 0000000000000000  x13 0000000001000000  x14 0000000000000000  x15 0000000000000000
02-12 13:32:00.567 26223 26223 F DEBUG   :     x16 00000070009dca30  x17 00000070009d0f80  x18 0000006f1b8ee000  x19 0000006f7c099800
02-12 13:32:00.567 26223 26223 F DEBUG   :     x20 0000006f7c083308  x21 64616f6c5f746c75  x22 0000000000000000  x23 00000070009e6e90
02-12 13:32:00.567 26223 26223 F DEBUG   :     x24 0000000000000000  x25 0000006f6bc95020  x26 0000006f7c1fb4b0  x27 0000000000000000
02-12 13:32:00.567 26223 26223 F DEBUG   :     x28 0000006f6bc93fe0  x29 0000006f6bc93eb0
02-12 13:32:00.567 26223 26223 F DEBUG   :     sp  0000006f6bc93e80  lr  000000700095d484  pc  000000700095cf1c
02-12 13:32:00.632 26223 26223 F DEBUG   : 
02-12 13:32:00.632 26223 26223 F DEBUG   : backtrace:
02-12 13:32:00.632 26223 26223 F DEBUG   :       #00 pc 000000000005bf1c  /apex/com.android.runtime/lib64/bionic/libc.so (ifree+88) (BuildId: b91c775ccc9b0556e91bc575a2511cd0)
02-12 13:32:00.632 26223 26223 F DEBUG   :       #01 pc 000000000005c480  /apex/com.android.runtime/lib64/bionic/libc.so (je_free+120) (BuildId: b91c775ccc9b0556e91bc575a2511cd0)
02-12 13:32:00.632 26223 26223 F DEBUG   :       #02 pc 00000000000f791c  /data/app/com.huawei.hiaidemo-yzagFPqymPCo3PgWsIlfRw==/base.apk!libhiai.so (offset 0xf55000) (HIAI_MixModel_ReleaseModelTensorInfo+28) (BuildId: f97bec250751b73d3eb6d739cdcedfe9e080fe1a)
02-12 13:32:00.632 26223 26223 F DEBUG   :       #03 pc 00000000000103e8  /data/app/com.huawei.hiaidemo-yzagFPqymPCo3PgWsIlfRw==/base.apk!libhiaijni.so (offset 0x54c000) (Java_com_huawei_hiaidemo_utils_ModelManager_unloadModelSync+244) (BuildId: ac91c9b68ceacb6c15a638edcd84c595fc1c9973)
02-12 13:32:00.632 26223 26223 F DEBUG   :       #04 pc 0000000000150350  /apex/com.android.runtime/lib64/libart.so (art_quick_generic_jni_trampoline+144) (BuildId: 691979e9d66dfedf3fd32d27da323a02)
02-12 13:32:00.632 26223 26223 F DEBUG   :       #05 pc 00000000001475b8  /apex/com.android.runtime/lib64/libart.so (art_quick_invoke_static_stub+568) (BuildId: 691979e9d66dfedf3fd32d27da323a02)
02-12 13:32:00.632 26223 26223 F DEBUG   :       #06 pc 00000000001561d4  /apex/com.android.runtime/lib64/libart.so!libart.so (offset 0x156000) (art::ArtMethod::Invoke(art::Thread*, unsigned int*, unsigned int, art::JValue*, char const*)+284) (BuildId: 691979e9d66dfedf3fd32d27da323a02)
02-12 13:32:00.632 26223 26223 F DEBUG   :       #07 pc 00000000002fd900  /apex/com.android.runtime/lib64/libart.so!libart.so (offset 0x157000) (art::interpreter::ArtInterpreterToCompiledCodeBridge(art::Thread*, art::ArtMethod*, art::ShadowFrame*, unsigned short, art::JValue*)+384) (BuildId: 691979e9d66dfedf3fd32d27da323a02)
02-12 13:32:00.632 26223 26223 F DEBUG   :       #08 pc 00000000002f8bd0  /apex/com.android.runtime/lib64/libart.so!libart.so (offset 0x157000) (bool art::interpreter::DoCall<false, false>(art::ArtMethod*, art::Thread*, art::ShadowFrame&, art::Instruction const*, unsigned short, art::JValue*)+912) (BuildId: 691979e9d66dfedf3fd32d27da323a02)
02-12 13:32:00.632 26223 26223 F DEBUG   :       #09 pc 00000000005ce108  /apex/com.android.runtime/lib64/libart.so!libart.so (offset 0x3a1000) (MterpInvokeStatic+368) (BuildId: 691979e9d66dfedf3fd32d27da323a02)
02-12 13:32:00.632 26223 26223 F DEBUG   :       #10 pc 0000000000141994  /apex/com.android.runtime/lib64/libart.so (mterp_op_invoke_static+20) (BuildId: 691979e9d66dfedf3fd32d27da323a02)
02-12 13:32:00.632 26223 26223 F DEBUG   :       #11 pc 00000000000123d2  [anon:dalvik-classes2.dex extracted in memory from /data/app/com.huawei.hiaidemo-yzagFPqymPCo3PgWsIlfRw==/base.apk!classes2.dex] (com.huawei.hiaidemo.view.ClassifyActivity$2.run+298)
02-12 13:32:00.632 26223 26223 F DEBUG   :       #12 pc 00000000005cd060  /apex/com.android.runtime/lib64/libart.so!libart.so (offset 0x3a1000) (MterpInvokeInterface+1752) (BuildId: 691979e9d66dfedf3fd32d27da323a02)
02-12 13:32:00.632 26223 26223 F DEBUG   :       #13 pc 0000000000141a14  /apex/com.android.runtime/lib64/libart.so (mterp_op_invoke_interface+20) (BuildId: 691979e9d66dfedf3fd32d27da323a02)
02-12 13:32:00.632 26223 26223 F DEBUG   :       #14 pc 00000000000eabdc  /apex/com.android.runtime/javalib/core-oj.jar (java.lang.Thread.run+8)
02-12 13:32:00.632 26223 26223 F DEBUG   :       #15 pc 00000000002ce22c  /apex/com.android.runtime/lib64/libart.so!libart.so (offset 0x157000) (_ZN3art11interpreterL7ExecuteEPNS_6ThreadERKNS_20CodeItemDataAccessorERNS_11ShadowFrameENS_6JValueEbb.llvm.10887373532384510885+320) (BuildId: 691979e9d66dfedf3fd32d27da323a02)
02-12 13:32:00.632 26223 26223 F DEBUG   :       #16 pc 00000000005bc090  /apex/com.android.runtime/lib64/libart.so!libart.so (offset 0x3a1000) (artQuickToInterpreterBridge+1012) (BuildId: 691979e9d66dfedf3fd32d27da323a02)
02-12 13:32:00.632 26223 26223 F DEBUG   :       #17 pc 0000000000150468  /apex/com.android.runtime/lib64/libart.so (art_quick_to_interpreter_bridge+88) (BuildId: 691979e9d66dfedf3fd32d27da323a02)
02-12 13:32:00.632 26223 26223 F DEBUG   :       #18 pc 0000000000147334  /apex/com.android.runtime/lib64/libart.so (art_quick_invoke_stub+548) (BuildId: 691979e9d66dfedf3fd32d27da323a02)
02-12 13:32:00.632 26223 26223 F DEBUG   :       #19 pc 00000000001561b4  /apex/com.android.runtime/lib64/libart.so!libart.so (offset 0x156000) (art::ArtMethod::Invoke(art::Thread*, unsigned int*, unsigned int, art::JValue*, char const*)+252) (BuildId: 691979e9d66dfedf3fd32d27da323a02)
02-12 13:32:00.632 26223 26223 F DEBUG   :       #20 pc 00000000004d8820  /apex/com.android.runtime/lib64/libart.so!libart.so (offset 0x3a1000) (art::(anonymous namespace)::InvokeWithArgArray(art::ScopedObjectAccessAlreadyRunnable const&, art::ArtMethod*, art::(anonymous namespace)::ArgArray*, art::JValue*, char const*)+104) (BuildId: 691979e9d66dfedf3fd32d27da323a02)
02-12 13:32:00.632 26223 26223 F DEBUG   :       #21 pc 00000000004d98b4  /apex/com.android.runtime/lib64/libart.so!libart.so (offset 0x3a1000) (art::InvokeVirtualOrInterfaceWithJValues(art::ScopedObjectAccessAlreadyRunnable const&, _jobject*, _jmethodID*, jvalue const*)+416) (BuildId: 691979e9d66dfedf3fd32d27da323a02)
02-12 13:32:00.632 26223 26223 F DEBUG   :       #22 pc 000000000051ca8c  /apex/com.android.runtime/lib64/libart.so!libart.so (offset 0x3a1000) (art::Thread::CreateCallback(void*)+1232) (BuildId: 691979e9d66dfedf3fd32d27da323a02)
02-12 13:32:00.632 26223 26223 F DEBUG   :       #23 pc 00000000000cf7c0  /apex/com.android.runtime/lib64/bionic/libc.so!libc.so (offset 0xcf000) (__pthread_start(void*)+36) (BuildId: b91c775ccc9b0556e91bc575a2511cd0)
02-12 13:32:00.632 26223 26223 F DEBUG   :       #24 pc 00000000000721a8  /apex/com.android.runtime/lib64/bionic/libc.so!libc.so (offset 0x71000) (__start_thread+64) (BuildId: b91c775ccc9b0556e91bc575a2511cd0)

02-12 13:32:00.524 25992 26079 F libc    : Fatal signal 11 (SIGSEGV), code 1 (SEGV_MAPERR), fault addr 0x616f6c5f600a40 in tid 26079 (Thread-3), pid 25992 (huawei.hiaidemo)
02-12 13:32:00.566 26223 26223 F DEBUG   : *** *** *** *** *** *** *** *** *** *** *** *** *** *** *** ***
02-12 13:32:00.566 26223 26223 F DEBUG   : Build fingerprint: 'HUAWEI/MRX-AN19/HWMRX:10/HUAWEIMRX-AN19/102.0.0.221C00:user/release-keys'
02-12 13:32:00.566 26223 26223 F DEBUG   : Revision: '0'
02-12 13:32:00.566 26223 26223 F DEBUG   : ABI: 'arm64'
02-12 13:32:00.567 26223 26223 F DEBUG   : Timestamp: 2022-02-12 13:32:00+0800
02-12 13:32:00.567 26223 26223 F DEBUG   : pid: 25992, tid: 26079, name: Thread-3  >>> com.huawei.hiaidemo <<<
02-12 13:32:00.567 26223 26223 F DEBUG   : uid: 10628
02-12 13:32:00.567 26223 26223 F DEBUG   : signal 11 (SIGSEGV), code 1 (SEGV_MAPERR), fault addr 0x616f6c5f600a40
02-12 13:32:00.567 26223 26223 F DEBUG   :     x0  0000006f7c083308  x1  64616f6c5f746c75  x2  0000006f7c099800  x3  0000000000000000
02-12 13:32:00.567 26223 26223 F DEBUG   :     x4  00000000000001b6  x5  0000006f7c200950  x6  0000000000000000  x7  0000000000000000
02-12 13:32:00.567 26223 26223 F DEBUG   :     x8  64616f6c5f6009c8  x9  0000000000000139  x10 0000000000000146  x11 0000000000000001
02-12 13:32:00.567 26223 26223 F DEBUG   :     x12 0000000000000000  x13 0000000001000000  x14 0000000000000000  x15 0000000000000000
02-12 13:32:00.567 26223 26223 F DEBUG   :     x16 00000070009dca30  x17 00000070009d0f80  x18 0000006f1b8ee000  x19 0000006f7c099800
02-12 13:32:00.567 26223 26223 F DEBUG   :     x20 0000006f7c083308  x21 64616f6c5f746c75  x22 0000000000000000  x23 00000070009e6e90
02-12 13:32:00.567 26223 26223 F DEBUG   :     x24 0000000000000000  x25 0000006f6bc95020  x26 0000006f7c1fb4b0  x27 0000000000000000
02-12 13:32:00.567 26223 26223 F DEBUG   :     x28 0000006f6bc93fe0  x29 0000006f6bc93eb0
02-12 13:32:00.567 26223 26223 F DEBUG   :     sp  0000006f6bc93e80  lr  000000700095d484  pc  000000700095cf1c
02-12 13:32:00.632 26223 26223 F DEBUG   : 
02-12 13:32:00.632 26223 26223 F DEBUG   : backtrace:
02-12 13:32:00.632 26223 26223 F DEBUG   :       #00 pc 000000000005bf1c  /apex/com.android.runtime/lib64/bionic/libc.so (ifree+88) (BuildId: b91c775ccc9b0556e91bc575a2511cd0)
02-12 13:32:00.632 26223 26223 F DEBUG   :       #01 pc 000000000005c480  /apex/com.android.runtime/lib64/bionic/libc.so (je_free+120) (BuildId: b91c775ccc9b0556e91bc575a2511cd0)
02-12 13:32:00.632 26223 26223 F DEBUG   :       #02 pc 00000000000f791c  /data/app/com.huawei.hiaidemo-yzagFPqymPCo3PgWsIlfRw==/base.apk!libhiai.so (offset 0xf55000) (HIAI_MixModel_ReleaseModelTensorInfo+28) (BuildId: f97bec250751b73d3eb6d739cdcedfe9e080fe1a)
02-12 13:32:00.632 26223 26223 F DEBUG   :       #03 pc 00000000000103e8  /data/app/com.huawei.hiaidemo-yzagFPqymPCo3PgWsIlfRw==/base.apk!libhiaijni.so (offset 0x54c000) (Java_com_huawei_hiaidemo_utils_ModelManager_unloadModelSync+244) (BuildId: ac91c9b68ceacb6c15a638edcd84c595fc1c9973)
02-12 13:32:00.632 26223 26223 F DEBUG   :       #04 pc 0000000000150350  /apex/com.android.runtime/lib64/libart.so (art_quick_generic_jni_trampoline+144) (BuildId: 691979e9d66dfedf3fd32d27da323a02)
02-12 13:32:00.632 26223 26223 F DEBUG   :       #05 pc 00000000001475b8  /apex/com.android.runtime/lib64/libart.so (art_quick_invoke_static_stub+568) (BuildId: 691979e9d66dfedf3fd32d27da323a02)
02-12 13:32:00.632 26223 26223 F DEBUG   :       #06 pc 00000000001561d4  /apex/com.android.runtime/lib64/libart.so!libart.so (offset 0x156000) (art::ArtMethod::Invoke(art::Thread*, unsigned int*, unsigned int, art::JValue*, char const*)+284) (BuildId: 691979e9d66dfedf3fd32d27da323a02)
02-12 13:32:00.632 26223 26223 F DEBUG   :       #07 pc 00000000002fd900  /apex/com.android.runtime/lib64/libart.so!libart.so (offset 0x157000) (art::interpreter::ArtInterpreterToCompiledCodeBridge(art::Thread*, art::ArtMethod*, art::ShadowFrame*, unsigned short, art::JValue*)+384) (BuildId: 691979e9d66dfedf3fd32d27da323a02)
02-12 13:32:00.632 26223 26223 F DEBUG   :       #08 pc 00000000002f8bd0  /apex/com.android.runtime/lib64/libart.so!libart.so (offset 0x157000) (bool art::interpreter::DoCall<false, false>(art::ArtMethod*, art::Thread*, art::ShadowFrame&, art::Instruction const*, unsigned short, art::JValue*)+912) (BuildId: 691979e9d66dfedf3fd32d27da323a02)
02-12 13:32:00.632 26223 26223 F DEBUG   :       #09 pc 00000000005ce108  /apex/com.android.runtime/lib64/libart.so!libart.so (offset 0x3a1000) (MterpInvokeStatic+368) (BuildId: 691979e9d66dfedf3fd32d27da323a02)
02-12 13:32:00.632 26223 26223 F DEBUG   :       #10 pc 0000000000141994  /apex/com.android.runtime/lib64/libart.so (mterp_op_invoke_static+20) (BuildId: 691979e9d66dfedf3fd32d27da323a02)
02-12 13:32:00.632 26223 26223 F DEBUG   :       #11 pc 00000000000123d2  [anon:dalvik-classes2.dex extracted in memory from /data/app/com.huawei.hiaidemo-yzagFPqymPCo3PgWsIlfRw==/base.apk!classes2.dex] (com.huawei.hiaidemo.view.ClassifyActivity$2.run+298)
02-12 13:32:00.632 26223 26223 F DEBUG   :       #12 pc 00000000005cd060  /apex/com.android.runtime/lib64/libart.so!libart.so (offset 0x3a1000) (MterpInvokeInterface+1752) (BuildId: 691979e9d66dfedf3fd32d27da323a02)
02-12 13:32:00.632 26223 26223 F DEBUG   :       #13 pc 0000000000141a14  /apex/com.android.runtime/lib64/libart.so (mterp_op_invoke_interface+20) (BuildId: 691979e9d66dfedf3fd32d27da323a02)
02-12 13:32:00.632 26223 26223 F DEBUG   :       #14 pc 00000000000eabdc  /apex/com.android.runtime/javalib/core-oj.jar (java.lang.Thread.run+8)
02-12 13:32:00.632 26223 26223 F DEBUG   :       #15 pc 00000000002ce22c  /apex/com.android.runtime/lib64/libart.so!libart.so (offset 0x157000) (_ZN3art11interpreterL7ExecuteEPNS_6ThreadERKNS_20CodeItemDataAccessorERNS_11ShadowFrameENS_6JValueEbb.llvm.10887373532384510885+320) (BuildId: 691979e9d66dfedf3fd32d27da323a02)
02-12 13:32:00.632 26223 26223 F DEBUG   :       #16 pc 00000000005bc090  /apex/com.android.runtime/lib64/libart.so!libart.so (offset 0x3a1000) (artQuickToInterpreterBridge+1012) (BuildId: 691979e9d66dfedf3fd32d27da323a02)
02-12 13:32:00.632 26223 26223 F DEBUG   :       #17 pc 0000000000150468  /apex/com.android.runtime/lib64/libart.so (art_quick_to_interpreter_bridge+88) (BuildId: 691979e9d66dfedf3fd32d27da323a02)
02-12 13:32:00.632 26223 26223 F DEBUG   :       #18 pc 0000000000147334  /apex/com.android.runtime/lib64/libart.so (art_quick_invoke_stub+548) (BuildId: 691979e9d66dfedf3fd32d27da323a02)
02-12 13:32:00.632 26223 26223 F DEBUG   :       #19 pc 00000000001561b4  /apex/com.android.runtime/lib64/libart.so!libart.so (offset 0x156000) (art::ArtMethod::Invoke(art::Thread*, unsigned int*, unsigned int, art::JValue*, char const*)+252) (BuildId: 691979e9d66dfedf3fd32d27da323a02)
02-12 13:32:00.632 26223 26223 F DEBUG   :       #20 pc 00000000004d8820  /apex/com.android.runtime/lib64/libart.so!libart.so (offset 0x3a1000) (art::(anonymous namespace)::InvokeWithArgArray(art::ScopedObjectAccessAlreadyRunnable const&, art::ArtMethod*, art::(anonymous namespace)::ArgArray*, art::JValue*, char const*)+104) (BuildId: 691979e9d66dfedf3fd32d27da323a02)
02-12 13:32:00.632 26223 26223 F DEBUG   :       #21 pc 00000000004d98b4  /apex/com.android.runtime/lib64/libart.so!libart.so (offset 0x3a1000) (art::InvokeVirtualOrInterfaceWithJValues(art::ScopedObjectAccessAlreadyRunnable const&, _jobject*, _jmethodID*, jvalue const*)+416) (BuildId: 691979e9d66dfedf3fd32d27da323a02)
02-12 13:32:00.632 26223 26223 F DEBUG   :       #22 pc 000000000051ca8c  /apex/com.android.runtime/lib64/libart.so!libart.so (offset 0x3a1000) (art::Thread::CreateCallback(void*)+1232) (BuildId: 691979e9d66dfedf3fd32d27da323a02)
02-12 13:32:00.632 26223 26223 F DEBUG   :       #23 pc 00000000000cf7c0  /apex/com.android.runtime/lib64/bionic/libc.so!libc.so (offset 0xcf000) (__pthread_start(void*)+36) (BuildId: b91c775ccc9b0556e91bc575a2511cd0)
02-12 13:32:00.632 26223 26223 F DEBUG   :       #24 pc 00000000000721a8  /apex/com.android.runtime/lib64/bionic/libc.so!libc.so (offset 0x71000) (__start_thread+64) (BuildId: b91c775ccc9b0556e91bc575a2511cd0)

02-12 13:32:00.524 25992 26079 F libc    : Fatal signal 11 (SIGSEGV), code 1 (SEGV_MAPERR), fault addr 0x616f6c5f600a40 in tid 26079 (Thread-3), pid 25992 (huawei.hiaidemo)
02-12 13:32:00.566 26223 26223 F DEBUG   : *** *** *** *** *** *** *** *** *** *** *** *** *** *** *** ***
02-12 13:32:00.566 26223 26223 F DEBUG   : Build fingerprint: 'HUAWEI/MRX-AN19/HWMRX:10/HUAWEIMRX-AN19/102.0.0.221C00:user/release-keys'
02-12 13:32:00.566 26223 26223 F DEBUG   : Revision: '0'
02-12 13:32:00.566 26223 26223 F DEBUG   : ABI: 'arm64'
02-12 13:32:00.567 26223 26223 F DEBUG   : Timestamp: 2022-02-12 13:32:00+0800
02-12 13:32:00.567 26223 26223 F DEBUG   : pid: 25992, tid: 26079, name: Thread-3  >>> com.huawei.hiaidemo <<<
02-12 13:32:00.567 26223 26223 F DEBUG   : uid: 10628
02-12 13:32:00.567 26223 26223 F DEBUG   : signal 11 (SIGSEGV), code 1 (SEGV_MAPERR), fault addr 0x616f6c5f600a40
02-12 13:32:00.567 26223 26223 F DEBUG   :     x0  0000006f7c083308  x1  64616f6c5f746c75  x2  0000006f7c099800  x3  0000000000000000
02-12 13:32:00.567 26223 26223 F DEBUG   :     x4  00000000000001b6  x5  0000006f7c200950  x6  0000000000000000  x7  0000000000000000
02-12 13:32:00.567 26223 26223 F DEBUG   :     x8  64616f6c5f6009c8  x9  0000000000000139  x10 0000000000000146  x11 0000000000000001
02-12 13:32:00.567 26223 26223 F DEBUG   :     x12 0000000000000000  x13 0000000001000000  x14 0000000000000000  x15 0000000000000000
02-12 13:32:00.567 26223 26223 F DEBUG   :     x16 00000070009dca30  x17 00000070009d0f80  x18 0000006f1b8ee000  x19 0000006f7c099800
02-12 13:32:00.567 26223 26223 F DEBUG   :     x20 0000006f7c083308  x21 64616f6c5f746c75  x22 0000000000000000  x23 00000070009e6e90
02-12 13:32:00.567 26223 26223 F DEBUG   :     x24 0000000000000000  x25 0000006f6bc95020  x26 0000006f7c1fb4b0  x27 0000000000000000
02-12 13:32:00.567 26223 26223 F DEBUG   :     x28 0000006f6bc93fe0  x29 0000006f6bc93eb0
02-12 13:32:00.567 26223 26223 F DEBUG   :     sp  0000006f6bc93e80  lr  000000700095d484  pc  000000700095cf1c
02-12 13:32:00.632 26223 26223 F DEBUG   : 
02-12 13:32:00.632 26223 26223 F DEBUG   : backtrace:
02-12 13:32:00.632 26223 26223 F DEBUG   :       #00 pc 000000000005bf1c  /apex/com.android.runtime/lib64/bionic/libc.so (ifree+88) (BuildId: b91c775ccc9b0556e91bc575a2511cd0)
02-12 13:32:00.632 26223 26223 F DEBUG   :       #01 pc 000000000005c480  /apex/com.android.runtime/lib64/bionic/libc.so (je_free+120) (BuildId: b91c775ccc9b0556e91bc575a2511cd0)
02-12 13:32:00.632 26223 26223 F DEBUG   :       #02 pc 00000000000f791c  /data/app/com.huawei.hiaidemo-yzagFPqymPCo3PgWsIlfRw==/base.apk!libhiai.so (offset 0xf55000) (HIAI_MixModel_ReleaseModelTensorInfo+28) (BuildId: f97bec250751b73d3eb6d739cdcedfe9e080fe1a)
02-12 13:32:00.632 26223 26223 F DEBUG   :       #03 pc 00000000000103e8  /data/app/com.huawei.hiaidemo-yzagFPqymPCo3PgWsIlfRw==/base.apk!libhiaijni.so (offset 0x54c000) (Java_com_huawei_hiaidemo_utils_ModelManager_unloadModelSync+244) (BuildId: ac91c9b68ceacb6c15a638edcd84c595fc1c9973)
02-12 13:32:00.632 26223 26223 F DEBUG   :       #04 pc 0000000000150350  /apex/com.android.runtime/lib64/libart.so (art_quick_generic_jni_trampoline+144) (BuildId: 691979e9d66dfedf3fd32d27da323a02)
02-12 13:32:00.632 26223 26223 F DEBUG   :       #05 pc 00000000001475b8  /apex/com.android.runtime/lib64/libart.so (art_quick_invoke_static_stub+568) (BuildId: 691979e9d66dfedf3fd32d27da323a02)
02-12 13:32:00.632 26223 26223 F DEBUG   :       #06 pc 00000000001561d4  /apex/com.android.runtime/lib64/libart.so!libart.so (offset 0x156000) (art::ArtMethod::Invoke(art::Thread*, unsigned int*, unsigned int, art::JValue*, char const*)+284) (BuildId: 691979e9d66dfedf3fd32d27da323a02)
02-12 13:32:00.632 26223 26223 F DEBUG   :       #07 pc 00000000002fd900  /apex/com.android.runtime/lib64/libart.so!libart.so (offset 0x157000) (art::interpreter::ArtInterpreterToCompiledCodeBridge(art::Thread*, art::ArtMethod*, art::ShadowFrame*, unsigned short, art::JValue*)+384) (BuildId: 691979e9d66dfedf3fd32d27da323a02)
02-12 13:32:00.632 26223 26223 F DEBUG   :       #08 pc 00000000002f8bd0  /apex/com.android.runtime/lib64/libart.so!libart.so (offset 0x157000) (bool art::interpreter::DoCall<false, false>(art::ArtMethod*, art::Thread*, art::ShadowFrame&, art::Instruction const*, unsigned short, art::JValue*)+912) (BuildId: 691979e9d66dfedf3fd32d27da323a02)
02-12 13:32:00.632 26223 26223 F DEBUG   :       #09 pc 00000000005ce108  /apex/com.android.runtime/lib64/libart.so!libart.so (offset 0x3a1000) (MterpInvokeStatic+368) (BuildId: 691979e9d66dfedf3fd32d27da323a02)
02-12 13:32:00.632 26223 26223 F DEBUG   :       #10 pc 0000000000141994  /apex/com.android.runtime/lib64/libart.so (mterp_op_invoke_static+20) (BuildId: 691979e9d66dfedf3fd32d27da323a02)
02-12 13:32:00.632 26223 26223 F DEBUG   :       #11 pc 00000000000123d2  [anon:dalvik-classes2.dex extracted in memory from /data/app/com.huawei.hiaidemo-yzagFPqymPCo3PgWsIlfRw==/base.apk!classes2.dex] (com.huawei.hiaidemo.view.ClassifyActivity$2.run+298)
02-12 13:32:00.632 26223 26223 F DEBUG   :       #12 pc 00000000005cd060  /apex/com.android.runtime/lib64/libart.so!libart.so (offset 0x3a1000) (MterpInvokeInterface+1752) (BuildId: 691979e9d66dfedf3fd32d27da323a02)
02-12 13:32:00.632 26223 26223 F DEBUG   :       #13 pc 0000000000141a14  /apex/com.android.runtime/lib64/libart.so (mterp_op_invoke_interface+20) (BuildId: 691979e9d66dfedf3fd32d27da323a02)
02-12 13:32:00.632 26223 26223 F DEBUG   :       #14 pc 00000000000eabdc  /apex/com.android.runtime/javalib/core-oj.jar (java.lang.Thread.run+8)
02-12 13:32:00.632 26223 26223 F DEBUG   :       #15 pc 00000000002ce22c  /apex/com.android.runtime/lib64/libart.so!libart.so (offset 0x157000) (_ZN3art11interpreterL7ExecuteEPNS_6ThreadERKNS_20CodeItemDataAccessorERNS_11ShadowFrameENS_6JValueEbb.llvm.10887373532384510885+320) (BuildId: 691979e9d66dfedf3fd32d27da323a02)
02-12 13:32:00.632 26223 26223 F DEBUG   :       #16 pc 00000000005bc090  /apex/com.android.runtime/lib64/libart.so!libart.so (offset 0x3a1000) (artQuickToInterpreterBridge+1012) (BuildId: 691979e9d66dfedf3fd32d27da323a02)
02-12 13:32:00.632 26223 26223 F DEBUG   :       #17 pc 0000000000150468  /apex/com.android.runtime/lib64/libart.so (art_quick_to_interpreter_bridge+88) (BuildId: 691979e9d66dfedf3fd32d27da323a02)
02-12 13:32:00.632 26223 26223 F DEBUG   :       #18 pc 0000000000147334  /apex/com.android.runtime/lib64/libart.so (art_quick_invoke_stub+548) (BuildId: 691979e9d66dfedf3fd32d27da323a02)
02-12 13:32:00.632 26223 26223 F DEBUG   :       #19 pc 00000000001561b4  /apex/com.android.runtime/lib64/libart.so!libart.so (offset 0x156000) (art::ArtMethod::Invoke(art::Thread*, unsigned int*, unsigned int, art::JValue*, char const*)+252) (BuildId: 691979e9d66dfedf3fd32d27da323a02)
02-12 13:32:00.632 26223 26223 F DEBUG   :       #20 pc 00000000004d8820  /apex/com.android.runtime/lib64/libart.so!libart.so (offset 0x3a1000) (art::(anonymous namespace)::InvokeWithArgArray(art::ScopedObjectAccessAlreadyRunnable const&, art::ArtMethod*, art::(anonymous namespace)::ArgArray*, art::JValue*, char const*)+104) (BuildId: 691979e9d66dfedf3fd32d27da323a02)
02-12 13:32:00.632 26223 26223 F DEBUG   :       #21 pc 00000000004d98b4  /apex/com.android.runtime/lib64/libart.so!libart.so (offset 0x3a1000) (art::InvokeVirtualOrInterfaceWithJValues(art::ScopedObjectAccessAlreadyRunnable const&, _jobject*, _jmethodID*, jvalue const*)+416) (BuildId: 691979e9d66dfedf3fd32d27da323a02)
02-12 13:32:00.632 26223 26223 F DEBUG   :       #22 pc 000000000051ca8c  /apex/com.android.runtime/lib64/libart.so!libart.so (offset 0x3a1000) (art::Thread::CreateCallback(void*)+1232) (BuildId: 691979e9d66dfedf3fd32d27da323a02)
02-12 13:32:00.632 26223 26223 F DEBUG   :       #23 pc 00000000000cf7c0  /apex/com.android.runtime/lib64/bionic/libc.so!libc.so (offset 0xcf000) (__pthread_start(void*)+36) (BuildId: b91c775ccc9b0556e91bc575a2511cd0)
02-12 13:32:00.632 26223 26223 F DEBUG   :       #24 pc 00000000000721a8  /apex/com.android.runtime/lib64/bionic/libc.so!libc.so (offset 0x71000) (__start_thread+64) (BuildId: b91c775ccc9b0556e91bc575a2511cd0)

02-12 13:32:00.524 25992 26079 F libc    : Fatal signal 11 (SIGSEGV), code 1 (SEGV_MAPERR), fault addr 0x616f6c5f600a40 in tid 26079 (Thread-3), pid 25992 (huawei.hiaidemo)
02-12 13:32:00.566 26223 26223 F DEBUG   : *** *** *** *** *** *** *** *** *** *** *** *** *** *** *** ***
02-12 13:32:00.566 26223 26223 F DEBUG   : Build fingerprint: 'HUAWEI/MRX-AN19/HWMRX:10/HUAWEIMRX-AN19/102.0.0.221C00:user/release-keys'
02-12 13:32:00.566 26223 26223 F DEBUG   : Revision: '0'
02-12 13:32:00.566 26223 26223 F DEBUG   : ABI: 'arm64'
02-12 13:32:00.567 26223 26223 F DEBUG   : Timestamp: 2022-02-12 13:32:00+0800
02-12 13:32:00.567 26223 26223 F DEBUG   : pid: 25992, tid: 26079, name: Thread-3  >>> com.huawei.hiaidemo <<<
02-12 13:32:00.567 26223 26223 F DEBUG   : uid: 10628
02-12 13:32:00.567 26223 26223 F DEBUG   : signal 11 (SIGSEGV), code 1 (SEGV_MAPERR), fault addr 0x616f6c5f600a40
02-12 13:32:00.567 26223 26223 F DEBUG   :     x0  0000006f7c083308  x1  64616f6c5f746c75  x2  0000006f7c099800  x3  0000000000000000
02-12 13:32:00.567 26223 26223 F DEBUG   :     x4  00000000000001b6  x5  0000006f7c200950  x6  0000000000000000  x7  0000000000000000
02-12 13:32:00.567 26223 26223 F DEBUG   :     x8  64616f6c5f6009c8  x9  0000000000000139  x10 0000000000000146  x11 0000000000000001
02-12 13:32:00.567 26223 26223 F DEBUG   :     x12 0000000000000000  x13 0000000001000000  x14 0000000000000000  x15 0000000000000000
02-12 13:32:00.567 26223 26223 F DEBUG   :     x16 00000070009dca30  x17 00000070009d0f80  x18 0000006f1b8ee000  x19 0000006f7c099800
02-12 13:32:00.567 26223 26223 F DEBUG   :     x20 0000006f7c083308  x21 64616f6c5f746c75  x22 0000000000000000  x23 00000070009e6e90
02-12 13:32:00.567 26223 26223 F DEBUG   :     x24 0000000000000000  x25 0000006f6bc95020  x26 0000006f7c1fb4b0  x27 0000000000000000
02-12 13:32:00.567 26223 26223 F DEBUG   :     x28 0000006f6bc93fe0  x29 0000006f6bc93eb0
02-12 13:32:00.567 26223 26223 F DEBUG   :     sp  0000006f6bc93e80  lr  000000700095d484  pc  000000700095cf1c
02-12 13:32:00.632 26223 26223 F DEBUG   : 
02-12 13:32:00.632 26223 26223 F DEBUG   : backtrace:
02-12 13:32:00.632 26223 26223 F DEBUG   :       #00 pc 000000000005bf1c  /apex/com.android.runtime/lib64/bionic/libc.so (ifree+88) (BuildId: b91c775ccc9b0556e91bc575a2511cd0)
02-12 13:32:00.632 26223 26223 F DEBUG   :       #01 pc 000000000005c480  /apex/com.android.runtime/lib64/bionic/libc.so (je_free+120) (BuildId: b91c775ccc9b0556e91bc575a2511cd0)
02-12 13:32:00.632 26223 26223 F DEBUG   :       #02 pc 00000000000f791c  /data/app/com.huawei.hiaidemo-yzagFPqymPCo3PgWsIlfRw==/base.apk!libhiai.so (offset 0xf55000) (HIAI_MixModel_ReleaseModelTensorInfo+28) (BuildId: f97bec250751b73d3eb6d739cdcedfe9e080fe1a)
02-12 13:32:00.632 26223 26223 F DEBUG   :       #03 pc 00000000000103e8  /data/app/com.huawei.hiaidemo-yzagFPqymPCo3PgWsIlfRw==/base.apk!libhiaijni.so (offset 0x54c000) (Java_com_huawei_hiaidemo_utils_ModelManager_unloadModelSync+244) (BuildId: ac91c9b68ceacb6c15a638edcd84c595fc1c9973)
02-12 13:32:00.632 26223 26223 F DEBUG   :       #04 pc 0000000000150350  /apex/com.android.runtime/lib64/libart.so (art_quick_generic_jni_trampoline+144) (BuildId: 691979e9d66dfedf3fd32d27da323a02)
02-12 13:32:00.632 26223 26223 F DEBUG   :       #05 pc 00000000001475b8  /apex/com.android.runtime/lib64/libart.so (art_quick_invoke_static_stub+568) (BuildId: 691979e9d66dfedf3fd32d27da323a02)
02-12 13:32:00.632 26223 26223 F DEBUG   :       #06 pc 00000000001561d4  /apex/com.android.runtime/lib64/libart.so!libart.so (offset 0x156000) (art::ArtMethod::Invoke(art::Thread*, unsigned int*, unsigned int, art::JValue*, char const*)+284) (BuildId: 691979e9d66dfedf3fd32d27da323a02)
02-12 13:32:00.632 26223 26223 F DEBUG   :       #07 pc 00000000002fd900  /apex/com.android.runtime/lib64/libart.so!libart.so (offset 0x157000) (art::interpreter::ArtInterpreterToCompiledCodeBridge(art::Thread*, art::ArtMethod*, art::ShadowFrame*, unsigned short, art::JValue*)+384) (BuildId: 691979e9d66dfedf3fd32d27da323a02)
02-12 13:32:00.632 26223 26223 F DEBUG   :       #08 pc 00000000002f8bd0  /apex/com.android.runtime/lib64/libart.so!libart.so (offset 0x157000) (bool art::interpreter::DoCall<false, false>(art::ArtMethod*, art::Thread*, art::ShadowFrame&, art::Instruction const*, unsigned short, art::JValue*)+912) (BuildId: 691979e9d66dfedf3fd32d27da323a02)
02-12 13:32:00.632 26223 26223 F DEBUG   :       #09 pc 00000000005ce108  /apex/com.android.runtime/lib64/libart.so!libart.so (offset 0x3a1000) (MterpInvokeStatic+368) (BuildId: 691979e9d66dfedf3fd32d27da323a02)
02-12 13:32:00.632 26223 26223 F DEBUG   :       #10 pc 0000000000141994  /apex/com.android.runtime/lib64/libart.so (mterp_op_invoke_static+20) (BuildId: 691979e9d66dfedf3fd32d27da323a02)
02-12 13:32:00.632 26223 26223 F DEBUG   :       #11 pc 00000000000123d2  [anon:dalvik-classes2.dex extracted in memory from /data/app/com.huawei.hiaidemo-yzagFPqymPCo3PgWsIlfRw==/base.apk!classes2.dex] (com.huawei.hiaidemo.view.ClassifyActivity$2.run+298)
02-12 13:32:00.632 26223 26223 F DEBUG   :       #12 pc 00000000005cd060  /apex/com.android.runtime/lib64/libart.so!libart.so (offset 0x3a1000) (MterpInvokeInterface+1752) (BuildId: 691979e9d66dfedf3fd32d27da323a02)
02-12 13:32:00.632 26223 26223 F DEBUG   :       #13 pc 0000000000141a14  /apex/com.android.runtime/lib64/libart.so (mterp_op_invoke_interface+20) (BuildId: 691979e9d66dfedf3fd32d27da323a02)
02-12 13:32:00.632 26223 26223 F DEBUG   :       #14 pc 00000000000eabdc  /apex/com.android.runtime/javalib/core-oj.jar (java.lang.Thread.run+8)
02-12 13:32:00.632 26223 26223 F DEBUG   :       #15 pc 00000000002ce22c  /apex/com.android.runtime/lib64/libart.so!libart.so (offset 0x157000) (_ZN3art11interpreterL7ExecuteEPNS_6ThreadERKNS_20CodeItemDataAccessorERNS_11ShadowFrameENS_6JValueEbb.llvm.10887373532384510885+320) (BuildId: 691979e9d66dfedf3fd32d27da323a02)
02-12 13:32:00.632 26223 26223 F DEBUG   :       #16 pc 00000000005bc090  /apex/com.android.runtime/lib64/libart.so!libart.so (offset 0x3a1000) (artQuickToInterpreterBridge+1012) (BuildId: 691979e9d66dfedf3fd32d27da323a02)
02-12 13:32:00.632 26223 26223 F DEBUG   :       #17 pc 0000000000150468  /apex/com.android.runtime/lib64/libart.so (art_quick_to_interpreter_bridge+88) (BuildId: 691979e9d66dfedf3fd32d27da323a02)
02-12 13:32:00.632 26223 26223 F DEBUG   :       #18 pc 0000000000147334  /apex/com.android.runtime/lib64/libart.so (art_quick_invoke_stub+548) (BuildId: 691979e9d66dfedf3fd32d27da323a02)
02-12 13:32:00.632 26223 26223 F DEBUG   :       #19 pc 00000000001561b4  /apex/com.android.runtime/lib64/libart.so!libart.so (offset 0x156000) (art::ArtMethod::Invoke(art::Thread*, unsigned int*, unsigned int, art::JValue*, char const*)+252) (BuildId: 691979e9d66dfedf3fd32d27da323a02)
02-12 13:32:00.632 26223 26223 F DEBUG   :       #20 pc 00000000004d8820  /apex/com.android.runtime/lib64/libart.so!libart.so (offset 0x3a1000) (art::(anonymous namespace)::InvokeWithArgArray(art::ScopedObjectAccessAlreadyRunnable const&, art::ArtMethod*, art::(anonymous namespace)::ArgArray*, art::JValue*, char const*)+104) (BuildId: 691979e9d66dfedf3fd32d27da323a02)
02-12 13:32:00.632 26223 26223 F DEBUG   :       #21 pc 00000000004d98b4  /apex/com.android.runtime/lib64/libart.so!libart.so (offset 0x3a1000) (art::InvokeVirtualOrInterfaceWithJValues(art::ScopedObjectAccessAlreadyRunnable const&, _jobject*, _jmethodID*, jvalue const*)+416) (BuildId: 691979e9d66dfedf3fd32d27da323a02)
02-12 13:32:00.632 26223 26223 F DEBUG   :       #22 pc 000000000051ca8c  /apex/com.android.runtime/lib64/libart.so!libart.so (offset 0x3a1000) (art::Thread::CreateCallback(void*)+1232) (BuildId: 691979e9d66dfedf3fd32d27da323a02)
02-12 13:32:00.632 26223 26223 F DEBUG   :       #23 pc 00000000000cf7c0  /apex/com.android.runtime/lib64/bionic/libc.so!libc.so (offset 0xcf000) (__pthread_start(void*)+36) (BuildId: b91c775ccc9b0556e91bc575a2511cd0)
02-12 13:32:00.632 26223 26223 F DEBUG   :       #24 pc 00000000000721a8  /apex/com.android.runtime/lib64/bionic/libc.so!libc.so (offset 0x71000) (__start_thread+64) (BuildId: b91c775ccc9b0556e91bc575a2511cd0)

02-12 13:32:00.524 25992 26079 F libc    : Fatal signal 11 (SIGSEGV), code 1 (SEGV_MAPERR), fault addr 0x616f6c5f600a40 in tid 26079 (Thread-3), pid 25992 (huawei.hiaidemo)
02-12 13:32:00.566 26223 26223 F DEBUG   : *** *** *** *** *** *** *** *** *** *** *** *** *** *** *** ***
02-12 13:32:00.566 26223 26223 F DEBUG   : Build fingerprint: 'HUAWEI/MRX-AN19/HWMRX:10/HUAWEIMRX-AN19/102.0.0.221C00:user/release-keys'
02-12 13:32:00.566 26223 26223 F DEBUG   : Revision: '0'
02-12 13:32:00.566 26223 26223 F DEBUG   : ABI: 'arm64'
02-12 13:32:00.567 26223 26223 F DEBUG   : Timestamp: 2022-02-12 13:32:00+0800
02-12 13:32:00.567 26223 26223 F DEBUG   : pid: 25992, tid: 26079, name: Thread-3  >>> com.huawei.hiaidemo <<<
02-12 13:32:00.567 26223 26223 F DEBUG   : uid: 10628
02-12 13:32:00.567 26223 26223 F DEBUG   : signal 11 (SIGSEGV), code 1 (SEGV_MAPERR), fault addr 0x616f6c5f600a40
02-12 13:32:00.567 26223 26223 F DEBUG   :     x0  0000006f7c083308  x1  64616f6c5f746c75  x2  0000006f7c099800  x3  0000000000000000
02-12 13:32:00.567 26223 26223 F DEBUG   :     x4  00000000000001b6  x5  0000006f7c200950  x6  0000000000000000  x7  0000000000000000
02-12 13:32:00.567 26223 26223 F DEBUG   :     x8  64616f6c5f6009c8  x9  0000000000000139  x10 0000000000000146  x11 0000000000000001
02-12 13:32:00.567 26223 26223 F DEBUG   :     x12 0000000000000000  x13 0000000001000000  x14 0000000000000000  x15 0000000000000000
02-12 13:32:00.567 26223 26223 F DEBUG   :     x16 00000070009dca30  x17 00000070009d0f80  x18 0000006f1b8ee000  x19 0000006f7c099800
02-12 13:32:00.567 26223 26223 F DEBUG   :     x20 0000006f7c083308  x21 64616f6c5f746c75  x22 0000000000000000  x23 00000070009e6e90
02-12 13:32:00.567 26223 26223 F DEBUG   :     x24 0000000000000000  x25 0000006f6bc95020  x26 0000006f7c1fb4b0  x27 0000000000000000
02-12 13:32:00.567 26223 26223 F DEBUG   :     x28 0000006f6bc93fe0  x29 0000006f6bc93eb0
02-12 13:32:00.567 26223 26223 F DEBUG   :     sp  0000006f6bc93e80  lr  000000700095d484  pc  000000700095cf1c
02-12 13:32:00.632 26223 26223 F DEBUG   : 
02-12 13:32:00.632 26223 26223 F DEBUG   : backtrace:
02-12 13:32:00.632 26223 26223 F DEBUG   :       #00 pc 000000000005bf1c  /apex/com.android.runtime/lib64/bionic/libc.so (ifree+88) (BuildId: b91c775ccc9b0556e91bc575a2511cd0)
02-12 13:32:00.632 26223 26223 F DEBUG   :       #01 pc 000000000005c480  /apex/com.android.runtime/lib64/bionic/libc.so (je_free+120) (BuildId: b91c775ccc9b0556e91bc575a2511cd0)
02-12 13:32:00.632 26223 26223 F DEBUG   :       #02 pc 00000000000f791c  /data/app/com.huawei.hiaidemo-yzagFPqymPCo3PgWsIlfRw==/base.apk!libhiai.so (offset 0xf55000) (HIAI_MixModel_ReleaseModelTensorInfo+28) (BuildId: f97bec250751b73d3eb6d739cdcedfe9e080fe1a)
02-12 13:32:00.632 26223 26223 F DEBUG   :       #03 pc 00000000000103e8  /data/app/com.huawei.hiaidemo-yzagFPqymPCo3PgWsIlfRw==/base.apk!libhiaijni.so (offset 0x54c000) (Java_com_huawei_hiaidemo_utils_ModelManager_unloadModelSync+244) (BuildId: ac91c9b68ceacb6c15a638edcd84c595fc1c9973)
02-12 13:32:00.632 26223 26223 F DEBUG   :       #04 pc 0000000000150350  /apex/com.android.runtime/lib64/libart.so (art_quick_generic_jni_trampoline+144) (BuildId: 691979e9d66dfedf3fd32d27da323a02)
02-12 13:32:00.632 26223 26223 F DEBUG   :       #05 pc 00000000001475b8  /apex/com.android.runtime/lib64/libart.so (art_quick_invoke_static_stub+568) (BuildId: 691979e9d66dfedf3fd32d27da323a02)
02-12 13:32:00.632 26223 26223 F DEBUG   :       #06 pc 00000000001561d4  /apex/com.android.runtime/lib64/libart.so!libart.so (offset 0x156000) (art::ArtMethod::Invoke(art::Thread*, unsigned int*, unsigned int, art::JValue*, char const*)+284) (BuildId: 691979e9d66dfedf3fd32d27da323a02)
02-12 13:32:00.632 26223 26223 F DEBUG   :       #07 pc 00000000002fd900  /apex/com.android.runtime/lib64/libart.so!libart.so (offset 0x157000) (art::interpreter::ArtInterpreterToCompiledCodeBridge(art::Thread*, art::ArtMethod*, art::ShadowFrame*, unsigned short, art::JValue*)+384) (BuildId: 691979e9d66dfedf3fd32d27da323a02)
02-12 13:32:00.632 26223 26223 F DEBUG   :       #08 pc 00000000002f8bd0  /apex/com.android.runtime/lib64/libart.so!libart.so (offset 0x157000) (bool art::interpreter::DoCall<false, false>(art::ArtMethod*, art::Thread*, art::ShadowFrame&, art::Instruction const*, unsigned short, art::JValue*)+912) (BuildId: 691979e9d66dfedf3fd32d27da323a02)
02-12 13:32:00.632 26223 26223 F DEBUG   :       #09 pc 00000000005ce108  /apex/com.android.runtime/lib64/libart.so!libart.so (offset 0x3a1000) (MterpInvokeStatic+368) (BuildId: 691979e9d66dfedf3fd32d27da323a02)
02-12 13:32:00.632 26223 26223 F DEBUG   :       #10 pc 0000000000141994  /apex/com.android.runtime/lib64/libart.so (mterp_op_invoke_static+20) (BuildId: 691979e9d66dfedf3fd32d27da323a02)
02-12 13:32:00.632 26223 26223 F DEBUG   :       #11 pc 00000000000123d2  [anon:dalvik-classes2.dex extracted in memory from /data/app/com.huawei.hiaidemo-yzagFPqymPCo3PgWsIlfRw==/base.apk!classes2.dex] (com.huawei.hiaidemo.view.ClassifyActivity$2.run+298)
02-12 13:32:00.632 26223 26223 F DEBUG   :       #12 pc 00000000005cd060  /apex/com.android.runtime/lib64/libart.so!libart.so (offset 0x3a1000) (MterpInvokeInterface+1752) (BuildId: 691979e9d66dfedf3fd32d27da323a02)
02-12 13:32:00.632 26223 26223 F DEBUG   :       #13 pc 0000000000141a14  /apex/com.android.runtime/lib64/libart.so (mterp_op_invoke_interface+20) (BuildId: 691979e9d66dfedf3fd32d27da323a02)
02-12 13:32:00.632 26223 26223 F DEBUG   :       #14 pc 00000000000eabdc  /apex/com.android.runtime/javalib/core-oj.jar (java.lang.Thread.run+8)
02-12 13:32:00.632 26223 26223 F DEBUG   :       #15 pc 00000000002ce22c  /apex/com.android.runtime/lib64/libart.so!libart.so (offset 0x157000) (_ZN3art11interpreterL7ExecuteEPNS_6ThreadERKNS_20CodeItemDataAccessorERNS_11ShadowFrameENS_6JValueEbb.llvm.10887373532384510885+320) (BuildId: 691979e9d66dfedf3fd32d27da323a02)
02-12 13:32:00.632 26223 26223 F DEBUG   :       #16 pc 00000000005bc090  /apex/com.android.runtime/lib64/libart.so!libart.so (offset 0x3a1000) (artQuickToInterpreterBridge+1012) (BuildId: 691979e9d66dfedf3fd32d27da323a02)
02-12 13:32:00.632 26223 26223 F DEBUG   :       #17 pc 0000000000150468  /apex/com.android.runtime/lib64/libart.so (art_quick_to_interpreter_bridge+88) (BuildId: 691979e9d66dfedf3fd32d27da323a02)
02-12 13:32:00.632 26223 26223 F DEBUG   :       #18 pc 0000000000147334  /apex/com.android.runtime/lib64/libart.so (art_quick_invoke_stub+548) (BuildId: 691979e9d66dfedf3fd32d27da323a02)
02-12 13:32:00.632 26223 26223 F DEBUG   :       #19 pc 00000000001561b4  /apex/com.android.runtime/lib64/libart.so!libart.so (offset 0x156000) (art::ArtMethod::Invoke(art::Thread*, unsigned int*, unsigned int, art::JValue*, char const*)+252) (BuildId: 691979e9d66dfedf3fd32d27da323a02)
02-12 13:32:00.632 26223 26223 F DEBUG   :       #20 pc 00000000004d8820  /apex/com.android.runtime/lib64/libart.so!libart.so (offset 0x3a1000) (art::(anonymous namespace)::InvokeWithArgArray(art::ScopedObjectAccessAlreadyRunnable const&, art::ArtMethod*, art::(anonymous namespace)::ArgArray*, art::JValue*, char const*)+104) (BuildId: 691979e9d66dfedf3fd32d27da323a02)
02-12 13:32:00.632 26223 26223 F DEBUG   :       #21 pc 00000000004d98b4  /apex/com.android.runtime/lib64/libart.so!libart.so (offset 0x3a1000) (art::InvokeVirtualOrInterfaceWithJValues(art::ScopedObjectAccessAlreadyRunnable const&, _jobject*, _jmethodID*, jvalue const*)+416) (BuildId: 691979e9d66dfedf3fd32d27da323a02)
02-12 13:32:00.632 26223 26223 F DEBUG   :       #22 pc 000000000051ca8c  /apex/com.android.runtime/lib64/libart.so!libart.so (offset 0x3a1000) (art::Thread::CreateCallback(void*)+1232) (BuildId: 691979e9d66dfedf3fd32d27da323a02)
02-12 13:32:00.632 26223 26223 F DEBUG   :       #23 pc 00000000000cf7c0  /apex/com.android.runtime/lib64/bionic/libc.so!libc.so (offset 0xcf000) (__pthread_start(void*)+36) (BuildId: b91c775ccc9b0556e91bc575a2511cd0)
02-12 13:32:00.632 26223 26223 F DEBUG   :       #24 pc 00000000000721a8  /apex/com.android.runtime/lib64/bionic/libc.so!libc.so (offset 0x71000) (__start_thread+64) (BuildId: b91c775ccc9b0556e91bc575a2511cd0)

02-12 13:32:00.524 25992 26079 F libc    : Fatal signal 11 (SIGSEGV), code 1 (SEGV_MAPERR), fault addr 0x616f6c5f600a40 in tid 26079 (Thread-3), pid 25992 (huawei.hiaidemo)
02-12 13:32:00.566 26223 26223 F DEBUG   : *** *** *** *** *** *** *** *** *** *** *** *** *** *** *** ***
02-12 13:32:00.566 26223 26223 F DEBUG   : Build fingerprint: 'HUAWEI/MRX-AN19/HWMRX:10/HUAWEIMRX-AN19/102.0.0.221C00:user/release-keys'
02-12 13:32:00.566 26223 26223 F DEBUG   : Revision: '0'
02-12 13:32:00.566 26223 26223 F DEBUG   : ABI: 'arm64'
02-12 13:32:00.567 26223 26223 F DEBUG   : Timestamp: 2022-02-12 13:32:00+0800
02-12 13:32:00.567 26223 26223 F DEBUG   : pid: 25992, tid: 26079, name: Thread-3  >>> com.huawei.hiaidemo <<<
02-12 13:32:00.567 26223 26223 F DEBUG   : uid: 10628
02-12 13:32:00.567 26223 26223 F DEBUG   : signal 11 (SIGSEGV), code 1 (SEGV_MAPERR), fault addr 0x616f6c5f600a40
02-12 13:32:00.567 26223 26223 F DEBUG   :     x0  0000006f7c083308  x1  64616f6c5f746c75  x2  0000006f7c099800  x3  0000000000000000
02-12 13:32:00.567 26223 26223 F DEBUG   :     x4  00000000000001b6  x5  0000006f7c200950  x6  0000000000000000  x7  0000000000000000
02-12 13:32:00.567 26223 26223 F DEBUG   :     x8  64616f6c5f6009c8  x9  0000000000000139  x10 0000000000000146  x11 0000000000000001
02-12 13:32:00.567 26223 26223 F DEBUG   :     x12 0000000000000000  x13 0000000001000000  x14 0000000000000000  x15 0000000000000000
02-12 13:32:00.567 26223 26223 F DEBUG   :     x16 00000070009dca30  x17 00000070009d0f80  x18 0000006f1b8ee000  x19 0000006f7c099800
02-12 13:32:00.567 26223 26223 F DEBUG   :     x20 0000006f7c083308  x21 64616f6c5f746c75  x22 0000000000000000  x23 00000070009e6e90
02-12 13:32:00.567 26223 26223 F DEBUG   :     x24 0000000000000000  x25 0000006f6bc95020  x26 0000006f7c1fb4b0  x27 0000000000000000
02-12 13:32:00.567 26223 26223 F DEBUG   :     x28 0000006f6bc93fe0  x29 0000006f6bc93eb0
02-12 13:32:00.567 26223 26223 F DEBUG   :     sp  0000006f6bc93e80  lr  000000700095d484  pc  000000700095cf1c
02-12 13:32:00.632 26223 26223 F DEBUG   : 
02-12 13:32:00.632 26223 26223 F DEBUG   : backtrace:
02-12 13:32:00.632 26223 26223 F DEBUG   :       #00 pc 000000000005bf1c  /apex/com.android.runtime/lib64/bionic/libc.so (ifree+88) (BuildId: b91c775ccc9b0556e91bc575a2511cd0)
02-12 13:32:00.632 26223 26223 F DEBUG   :       #01 pc 000000000005c480  /apex/com.android.runtime/lib64/bionic/libc.so (je_free+120) (BuildId: b91c775ccc9b0556e91bc575a2511cd0)
02-12 13:32:00.632 26223 26223 F DEBUG   :       #02 pc 00000000000f791c  /data/app/com.huawei.hiaidemo-yzagFPqymPCo3PgWsIlfRw==/base.apk!libhiai.so (offset 0xf55000) (HIAI_MixModel_ReleaseModelTensorInfo+28) (BuildId: f97bec250751b73d3eb6d739cdcedfe9e080fe1a)
02-12 13:32:00.632 26223 26223 F DEBUG   :       #03 pc 00000000000103e8  /data/app/com.huawei.hiaidemo-yzagFPqymPCo3PgWsIlfRw==/base.apk!libhiaijni.so (offset 0x54c000) (Java_com_huawei_hiaidemo_utils_ModelManager_unloadModelSync+244) (BuildId: ac91c9b68ceacb6c15a638edcd84c595fc1c9973)
02-12 13:32:00.632 26223 26223 F DEBUG   :       #04 pc 0000000000150350  /apex/com.android.runtime/lib64/libart.so (art_quick_generic_jni_trampoline+144) (BuildId: 691979e9d66dfedf3fd32d27da323a02)
02-12 13:32:00.632 26223 26223 F DEBUG   :       #05 pc 00000000001475b8  /apex/com.android.runtime/lib64/libart.so (art_quick_invoke_static_stub+568) (BuildId: 691979e9d66dfedf3fd32d27da323a02)
02-12 13:32:00.632 26223 26223 F DEBUG   :       #06 pc 00000000001561d4  /apex/com.android.runtime/lib64/libart.so!libart.so (offset 0x156000) (art::ArtMethod::Invoke(art::Thread*, unsigned int*, unsigned int, art::JValue*, char const*)+284) (BuildId: 691979e9d66dfedf3fd32d27da323a02)
02-12 13:32:00.632 26223 26223 F DEBUG   :       #07 pc 00000000002fd900  /apex/com.android.runtime/lib64/libart.so!libart.so (offset 0x157000) (art::interpreter::ArtInterpreterToCompiledCodeBridge(art::Thread*, art::ArtMethod*, art::ShadowFrame*, unsigned short, art::JValue*)+384) (BuildId: 691979e9d66dfedf3fd32d27da323a02)
02-12 13:32:00.632 26223 26223 F DEBUG   :       #08 pc 00000000002f8bd0  /apex/com.android.runtime/lib64/libart.so!libart.so (offset 0x157000) (bool art::interpreter::DoCall<false, false>(art::ArtMethod*, art::Thread*, art::ShadowFrame&, art::Instruction const*, unsigned short, art::JValue*)+912) (BuildId: 691979e9d66dfedf3fd32d27da323a02)
02-12 13:32:00.632 26223 26223 F DEBUG   :       #09 pc 00000000005ce108  /apex/com.android.runtime/lib64/libart.so!libart.so (offset 0x3a1000) (MterpInvokeStatic+368) (BuildId: 691979e9d66dfedf3fd32d27da323a02)
02-12 13:32:00.632 26223 26223 F DEBUG   :       #10 pc 0000000000141994  /apex/com.android.runtime/lib64/libart.so (mterp_op_invoke_static+20) (BuildId: 691979e9d66dfedf3fd32d27da323a02)
